
 RUN  v4.1.10 /Users/odubinkin/Projects/vite-office/apps/office

 ❯ src/sw/source/core/SwNumberTree/SwNumberTree-counting-contract.test.ts (3 tests | 1 failed) 24ms
   × preserves connected counted-descendant phantom and orphan policies without validating raw caches 18ms

⎯⎯⎯⎯⎯⎯⎯ Failed Tests 1 ⎯⎯⎯⎯⎯⎯⎯

 FAIL  src/sw/source/core/SwNumberTree/SwNumberTree-counting-contract.test.ts > preserves connected counted-descendant phantom and orphan policies without validating raw caches
AssertionError: expected [ false, false, true ] to deeply equal [ true, false, true ]

- Expected
+ Received

  [
-   true,
+   false,
    false,
    true,
  ]

 ❯ src/sw/source/core/SwNumberTree/SwNumberTree-counting-contract.test.ts:172:33
    170|   ]).toEqual([0, 0, 0]);
    171|   nested.RemoveFromList();
    172|   expect(observe(nestedRecord)).toEqual([true, false, true]);
       |                                 ^
    173|   expect(observe(root)).toEqual([true, false, false]);
    174|   document.Dispose();

⎯⎯⎯⎯⎯⎯⎯⎯⎯⎯⎯⎯⎯⎯⎯⎯⎯⎯⎯⎯⎯⎯⎯⎯[1/1]⎯


 Test Files  1 failed (1)
      Tests  1 failed | 2 passed (3)
   Start at  13:17:42
   Duration  2.17s (transform 507ms, setup 283ms, import 580ms, tests 24ms, environment 1.06s)
