
 RUN  v4.1.10 /Users/odubinkin/Projects/vite-office/apps/office

 ❯ src/sw/source/core/doc/number-rule-lifecycle.test.ts (5 tests | 5 failed) 9ms
   × matches native constructors assignment self reset copy and all ten owned slots 3ms
   × matches complete native rule equality selected and ignored fields 1ms
   × matches native unknown default and exact ushort byte narrowing without invalidation 0ms
   × retains actual document clients list and registry across same name assignment and reset 4ms
   × preserves native scalar state on the actual Worker document owner with strict legacy domains 0ms

⎯⎯⎯⎯⎯⎯⎯ Failed Tests 5 ⎯⎯⎯⎯⎯⎯⎯

 FAIL  src/sw/source/core/doc/number-rule-lifecycle.test.ts > matches native constructors assignment self reset copy and all ten owned slots
TypeError: r.SetContinusNum is not a function
 ❯ scalar src/sw/source/core/doc/number-rule-lifecycle.test.ts:24:27

 ❯ src/sw/source/core/doc/number-rule-lifecycle.test.ts:41:124

⎯⎯⎯⎯⎯⎯⎯⎯⎯⎯⎯⎯⎯⎯⎯⎯⎯⎯⎯⎯⎯⎯⎯⎯[1/5]⎯

 FAIL  src/sw/source/core/doc/number-rule-lifecycle.test.ts > matches complete native rule equality selected and ignored fields
TypeError: name.trim is not a function
 ❯ new SwNumRule src/sw/source/core/doc/number.ts:163:14
    161|     private meRuleType = SwNumRuleType.NUM_RULE,
    162|   ) {
    163|     if (name.trim().length === 0) throw new Error("SwNumRule name must…
       |              ^
    164|   }
    165|
 ❯ src/sw/source/core/doc/number-rule-lifecycle.test.ts:55:54

⎯⎯⎯⎯⎯⎯⎯⎯⎯⎯⎯⎯⎯⎯⎯⎯⎯⎯⎯⎯⎯⎯⎯⎯[2/5]⎯

 FAIL  src/sw/source/core/doc/number-rule-lifecycle.test.ts > matches native unknown default and exact ushort byte narrowing without invalidation
TypeError: Cannot read properties of undefined (reading 'UNKNOWN')
 ❯ src/sw/source/core/doc/number-rule-lifecycle.test.ts:61:24


⎯⎯⎯⎯⎯⎯⎯⎯⎯⎯⎯⎯⎯⎯⎯⎯⎯⎯⎯⎯⎯⎯⎯⎯[3/5]⎯

 FAIL  src/sw/source/core/doc/number-rule-lifecycle.test.ts > retains actual document clients list and registry across same name assignment and reset
TypeError: rule.Assign is not a function
 ❯ src/sw/source/core/doc/number-rule-lifecycle.test.ts:69:7


⎯⎯⎯⎯⎯⎯⎯⎯⎯⎯⎯⎯⎯⎯⎯⎯⎯⎯⎯⎯⎯⎯⎯⎯[4/5]⎯

 FAIL  src/sw/source/core/doc/number-rule-lifecycle.test.ts > preserves native scalar state on the actual Worker document owner with strict legacy domains
TypeError: r.SetContinusNum is not a function
 ❯ scalar src/sw/source/core/doc/number-rule-lifecycle.test.ts:24:27

 ❯ src/sw/source/core/doc/number-rule-lifecycle.test.ts:74:98

⎯⎯⎯⎯⎯⎯⎯⎯⎯⎯⎯⎯⎯⎯⎯⎯⎯⎯⎯⎯⎯⎯⎯⎯[5/5]⎯


 Test Files  1 failed (1)
      Tests  5 failed (5)
   Start at  21:32:26
   Duration  1.37s (transform 434ms, setup 133ms, import 528ms, tests 9ms, environment 593ms)

