
> vite-office@0.1.0 verify
> npm run format:check && npm run lint && npm run typecheck && npm run check:dependencies && npm run check:writer-resources && npm run test:coverage && npm run test:inventory:coverage && npm run test:e2e && npm run test:static && npm run check:docs && npm run check:file-size && npm run check:source-tree && npm run check:source-provenance && npm run inventory:invariants && npm run inventory:parity


> vite-office@0.1.0 format:check
> prettier --check .

Checking formatting...
All matched files use Prettier code style!

> vite-office@0.1.0 lint
> eslint . --max-warnings 0


> vite-office@0.1.0 typecheck
> npm run typecheck:tools && npm run typecheck --workspace @vite-office/office


> vite-office@0.1.0 typecheck:tools
> tsc --project tsconfig.tools.json


> @vite-office/office@0.1.0 typecheck
> tsc --noEmit


> vite-office@0.1.0 check:dependencies
> node scripts/check-module-boundaries.mjs

Module boundary check passed: 212 runtime sources, 885 relative imports, 13 allowed cross-module edges.

> vite-office@0.1.0 check:writer-resources
> tsx scripts/generate-writer-ui-resources.ts --check && vitest run scripts/writer-ui-resource-model.test.ts


 RUN  v4.1.10 /Users/odubinkin/Projects/vite-office


 Test Files  1 passed (1)
      Tests  2 passed (2)
   Start at  21:36:39
   Duration  117ms (transform 24ms, setup 0ms, import 33ms, tests 3ms, environment 0ms)


> vite-office@0.1.0 test:coverage
> npm run test:coverage --workspace @vite-office/office


> @vite-office/office@0.1.0 test:coverage
> vitest run --coverage


 RUN  v4.1.10 /Users/odubinkin/Projects/vite-office/apps/office
      Coverage enabled with v8


 Test Files  164 passed (164)
      Tests  727 passed (727)
   Start at  21:36:40
   Duration  84.82s (transform 2.76s, setup 12.07s, import 11.01s, tests 65.10s, environment 57.61s)

 % Coverage report from v8
-------------------|---------|----------|---------|---------|-------------------
File               | % Stmts | % Branch | % Funcs | % Lines | Uncovered Line #s 
-------------------|---------|----------|---------|---------|-------------------
-------------------|---------|----------|---------|---------|-------------------

=============================== Coverage summary ===============================
Statements   : 100% ( 10895/10895 )
Branches     : 100% ( 8226/8226 )
Functions    : 100% ( 2931/2931 )
Lines        : 100% ( 9992/9992 )
================================================================================

> vite-office@0.1.0 test:inventory:coverage
> vitest run --config scripts/libreoffice-inventory/vitest.config.ts --coverage


 RUN  v4.1.10 /Users/odubinkin/Projects/vite-office
      Coverage enabled with v8


 Test Files  36 passed (36)
      Tests  109 passed (109)
   Start at  21:38:05
   Duration  43.86s (transform 702ms, setup 0ms, import 1.70s, tests 38.66s, environment 2ms)

 % Coverage report from v8
-------------------|---------|----------|---------|---------|-------------------
File               | % Stmts | % Branch | % Funcs | % Lines | Uncovered Line #s 
-------------------|---------|----------|---------|---------|-------------------
-------------------|---------|----------|---------|---------|-------------------

=============================== Coverage summary ===============================
Statements   : 100% ( 1523/1523 )
Branches     : 100% ( 1080/1080 )
Functions    : 100% ( 384/384 )
Lines        : 100% ( 1464/1464 )
================================================================================

> vite-office@0.1.0 test:e2e
> npm run build && playwright test --config apps/office/playwright.config.ts


> vite-office@0.1.0 build
> npm run build --workspace @vite-office/office


> @vite-office/office@0.1.0 build
> tsc --noEmit && vite build

vite v8.2.1 building client environment for production...
[2Ktransforming...✓ 2003 modules transformed.
rendering chunks...
computing gzip size...
dist/index.html                         0.56 kB │ gzip:   0.35 kB
dist/assets/odt-worker-JitFR8UR.js    282.64 kB
dist/assets/index-C6eeDUe_.css         58.68 kB │ gzip:   9.59 kB
dist/assets/index-DbsigY_5.js       1,154.51 kB │ gzip: 278.08 kB

✓ built in 587ms
[plugin builtin:vite-reporter] 
(!) Some chunks are larger than 500 kB after minification. Consider:
- Using dynamic import() to code-split the application
- Use build.rolldownOptions.output.codeSplitting to improve chunking: https://rolldown.rs/reference/OutputOptions.codeSplitting
- Adjust chunk size limit for this warning via build.chunkSizeWarningLimit.
[WebServer] (node:25838) Warning: The 'NO_COLOR' env is ignored due to the 'FORCE_COLOR' env being set.
[WebServer] (Use `node --trace-warnings ...` to show where the warning was created)

Running 19 tests using 4 workers

(node:25841) Warning: The 'NO_COLOR' env is ignored due to the 'FORCE_COLOR' env being set.
(Use `node --trace-warnings ...` to show where the warning was created)
(node:25842) Warning: The 'NO_COLOR' env is ignored due to the 'FORCE_COLOR' env being set.
(Use `node --trace-warnings ...` to show where the warning was created)
(node:25844) Warning: The 'NO_COLOR' env is ignored due to the 'FORCE_COLOR' env being set.
(Use `node --trace-warnings ...` to show where the warning was created)
(node:25843) Warning: The 'NO_COLOR' env is ignored due to the 'FORCE_COLOR' env being set.
(Use `node --trace-warnings ...` to show where the warning was created)
  ✓   3 apps/office/e2e/writer-clipboard.spec.ts:5:1 › copies visible formatted Writer content through the native browser copy event (1.5s)
  ✓   2 apps/office/e2e/writer-cut-paste.spec.ts:5:1 › Writer Cut and Paste (1.5s)
  ✓   1 apps/office/e2e/writer-character-formatting.spec.ts:5:1 › Writer direct character formatting (2.0s)
  ✓   6 apps/office/e2e/writer-cut-paste.spec.ts:55:1 › Writer immediate spaces and structured list Paste (970ms)
  ✓   5 apps/office/e2e/writer-clipboard.spec.ts:54:1 › Writer list clipboard (1.2s)
  ✓   7 apps/office/e2e/writer-document-selection.spec.ts:5:1 › supports document-wide selection through Ctrl/Cmd+A and pointer dragging (1.3s)
  ✓  10 apps/office/e2e/writer-document-selection.spec.ts:139:1 › places the caret at the first clicked position in a different paragraph (881ms)
  ✓   8 apps/office/e2e/writer-hyperlinks.spec.ts:9:1 › Writer creates, edits, and round-trips hyperlinks (1.8s)
  ✓  12 apps/office/e2e/writer-menu-alignment.spec.ts:4:1 › menu commands and submenus align their labels (877ms)
  ✓   4 apps/office/e2e/foundation.spec.ts:8:1 › Writer menu keyboard navigation and accessible application chrome (5.5s)
  ✓   9 apps/office/e2e/writer-layout-ratios.spec.ts:11:1 › Writer keeps measured page breaks across device pixel ratios (2.7s)
  ✓  11 apps/office/e2e/writer-lists.spec.ts:5:1 › Writer bullets and numbering (1.7s)
  ✓  14 apps/office/e2e/writer-print.spec.ts:5:1 › Print appears in upstream locations and print media keeps only pages (748ms)
  ✓  15 apps/office/e2e/writer-responsive-sidebar.spec.ts:7:1 › sidebar remains reachable and its checked state follows visibility on a touch viewport (781ms)
  ✓  13 apps/office/e2e/writer-odt-file.spec.ts:15:1 › Writer opens and saves a bounded ODT file (1.2s)
  ✓  16 apps/office/e2e/writer-responsive-sidebar.spec.ts:33:1 › the page stays within the viewport while the document and modal scroll (479ms)
  ✓  18 apps/office/e2e/writer-responsive-sidebar.spec.ts:76:1 › the mobile table grid dismisses outside and More Options opens the full dialog (710ms)
  ✓  17 apps/office/e2e/writer-odt-file.spec.ts:87:1 › Writer keeps one ODT text node across visible page fragments after reopen (1.1s)
  ✓  19 apps/office/e2e/writer-odt-file.spec.ts:139:1 › Writer types in a table cell and reopens the edited ODT (792ms)

  19 passed (10.2s)

> vite-office@0.1.0 test:static
> npm run build && node scripts/check-static-build.mjs


> vite-office@0.1.0 build
> npm run build --workspace @vite-office/office


> @vite-office/office@0.1.0 build
> tsc --noEmit && vite build

vite v8.2.1 building client environment for production...
[2Ktransforming...✓ 2003 modules transformed.
rendering chunks...
computing gzip size...
dist/index.html                         0.56 kB │ gzip:   0.35 kB
dist/assets/odt-worker-JitFR8UR.js    282.64 kB
dist/assets/index-C6eeDUe_.css         58.68 kB │ gzip:   9.59 kB
dist/assets/index-DbsigY_5.js       1,154.51 kB │ gzip: 278.08 kB

[plugin builtin:vite-reporter] 
(!) Some chunks are larger than 500 kB after minification. Consider:
- Using dynamic import() to code-split the application
- Use build.rolldownOptions.output.codeSplitting to improve chunking: https://rolldown.rs/reference/OutputOptions.codeSplitting
- Adjust chunk size limit for this warning via build.chunkSizeWarningLimit.
✓ built in 691ms
Static build smoke passed: relative assets, 2 JavaScript bundle(s), no backend endpoints.

> vite-office@0.1.0 check:docs
> node scripts/check-jsdoc.mjs

file:///Users/odubinkin/Projects/vite-office/scripts/check-jsdoc.mjs:237
    throw new Error(`JSDoc validation failed:\n${errors.join("\n")}`);
          ^

Error: JSDoc validation failed:
apps/office/src/sw/source/core/doc/number.ts:159 function is missing @returns
apps/office/src/sw/source/core/doc/number.ts:161 function is missing @returns
    at main (file:///Users/odubinkin/Projects/vite-office/scripts/check-jsdoc.mjs:237:11)
    at async file:///Users/odubinkin/Projects/vite-office/scripts/check-jsdoc.mjs:243:1

Node.js v24.13.1
