
> vite-office@0.1.0 typecheck
> npm run typecheck:tools && npm run typecheck --workspace @vite-office/office


> vite-office@0.1.0 typecheck:tools
> tsc --project tsconfig.tools.json


> @vite-office/office@0.1.0 typecheck
> tsc --noEmit

src/sw/browser/filter/xml/writer-document-codec.ts(24,10): error TS6133: 'SwNumFormat' is declared but its value is never read.
src/sw/source/core/doc/number-list-format.test.ts(5,10): error TS6133: 'SwNumFormat' is declared but its value is never read.
src/sw/source/core/doc/number-ownership.test.ts(18,6): error TS2304: Cannot find name 'SvxNumType'.
src/sw/source/core/doc/number-ownership.test.ts(18,33): error TS2304: Cannot find name 'SvxNumType'.
src/sw/source/core/doc/number-ownership.test.ts(18,66): error TS2304: Cannot find name 'SvxNumType'.
src/sw/source/core/doc/number-ownership.test.ts(238,49): error TS2304: Cannot find name 'SvxNumType'.
src/sw/source/core/doc/number-ownership.test.ts(251,49): error TS2304: Cannot find name 'SvxNumType'.
src/sw/source/core/doc/number.test.ts(7,40): error TS6133: 'SwNumFormat' is declared but its value is never read.
src/sw/source/core/doc/writer-attributes.test.ts(64,10): error TS6133: 'SwNumFormat' is declared but its value is never read.
src/sw/source/core/txtnode/node-numbering-lifecycle.test.ts(6,26): error TS6133: 'SwNumFormat' is declared but its value is never read.
npm error Lifecycle script `typecheck` failed with error:
npm error code 2
npm error path /Users/odubinkin/Projects/vite-office/apps/office
npm error workspace @vite-office/office@0.1.0
npm error location /Users/odubinkin/Projects/vite-office/apps/office
npm error command failed
npm error command sh -c tsc --noEmit
