
 RUN  v4.1.10 /Users/odubinkin/Projects/vite-office/apps/office

 ❯ src/sw/source/core/doc/number-format.test.ts (5 tests | 1 failed) 15ms
   × retains copied font presence and visibility when UNO changes supported properties 3ms

⎯⎯⎯⎯⎯⎯⎯ Failed Tests 1 ⎯⎯⎯⎯⎯⎯⎯

 FAIL  src/sw/source/core/doc/number-format.test.ts > retains copied font presence and visibility when UNO changes supported properties
AssertionError: expected true to be false // Object.is equality

- Expected
+ Received

- false
+ true

 ❯ src/sw/source/core/doc/number-format.test.ts:179:40
    177|     const before = rule.Get(0);
    178|     new SwXNumberingRules(rule).replaceByIndex(0, { kind: "numbered", …
    179|     expect(rule.Get(0).IsShowSymbol()).toBe(false);
       |                                        ^
    180|     expect(rule.Get(0).GetBulletFont() !== undefined).toBe(family !== …
    181|     expect(rule.Get(0).GetBulletFont()?.GetFamilyName()).toBe(family);

⎯⎯⎯⎯⎯⎯⎯⎯⎯⎯⎯⎯⎯⎯⎯⎯⎯⎯⎯⎯⎯⎯⎯⎯[1/1]⎯


 Test Files  1 failed (1)
      Tests  1 failed | 4 passed (5)
   Start at  19:54:59
   Duration  985ms (transform 200ms, setup 111ms, import 234ms, tests 15ms, environment 537ms)

