
> vite-office@0.1.0 verify
> npm run format:check && npm run lint && npm run typecheck && npm run check:dependencies && npm run check:writer-resources && npm run test:coverage && npm run test:inventory:coverage && npm run test:e2e && npm run test:static && npm run check:docs && npm run check:file-size && npm run check:source-tree && npm run check:source-provenance && npm run inventory:invariants && npm run inventory:parity


> vite-office@0.1.0 format:check
> prettier --check .

Checking formatting...
All matched files use Prettier code style!

> vite-office@0.1.0 lint
> eslint . --max-warnings 0


> vite-office@0.1.0 typecheck
> npm run typecheck:tools && npm run typecheck --workspace @vite-office/office


> vite-office@0.1.0 typecheck:tools
> tsc --project tsconfig.tools.json


> @vite-office/office@0.1.0 typecheck
> tsc --noEmit


> vite-office@0.1.0 check:dependencies
> node scripts/check-module-boundaries.mjs

Module boundary check passed: 212 runtime sources, 884 relative imports, 13 allowed cross-module edges.

> vite-office@0.1.0 check:writer-resources
> tsx scripts/generate-writer-ui-resources.ts --check && vitest run scripts/writer-ui-resource-model.test.ts


 RUN  v4.1.10 /Users/odubinkin/Projects/vite-office


 Test Files  1 passed (1)
      Tests  2 passed (2)
   Start at  19:42:38
   Duration  121ms (transform 25ms, setup 0ms, import 34ms, tests 3ms, environment 0ms)


> vite-office@0.1.0 test:coverage
> npm run test:coverage --workspace @vite-office/office


> @vite-office/office@0.1.0 test:coverage
> vitest run --coverage


 RUN  v4.1.10 /Users/odubinkin/Projects/vite-office/apps/office
      Coverage enabled with v8


 Test Files  161 passed (161)
      Tests  712 passed (712)
   Start at  19:42:39
   Duration  81.29s (transform 2.51s, setup 11.54s, import 10.19s, tests 61.64s, environment 55.85s)

 % Coverage report from v8
-------------------|---------|----------|---------|---------|-------------------
File               | % Stmts | % Branch | % Funcs | % Lines | Uncovered Line #s 
-------------------|---------|----------|---------|---------|-------------------
-------------------|---------|----------|---------|---------|-------------------

=============================== Coverage summary ===============================
Statements   : 100% ( 10755/10755 )
Branches     : 100% ( 8190/8190 )
Functions    : 100% ( 2900/2900 )
Lines        : 100% ( 9864/9864 )
================================================================================

> vite-office@0.1.0 test:inventory:coverage
> vitest run --config scripts/libreoffice-inventory/vitest.config.ts --coverage


 RUN  v4.1.10 /Users/odubinkin/Projects/vite-office
      Coverage enabled with v8

 ❯ scripts/libreoffice-inventory/parity-mapping-cli.test.ts (3 tests | 1 failed) 169ms
     × reads the pinned Writer mapping and reports bounded unresolved ODT parity 165ms

⎯⎯⎯⎯⎯⎯⎯ Failed Tests 1 ⎯⎯⎯⎯⎯⎯⎯

 FAIL  scripts/libreoffice-inventory/parity-mapping-cli.test.ts > parity mapping CLI > reads the pinned Writer mapping and reports bounded unresolved ODT parity
Error: Parity local implementation marker is absent: apps/office/src/sw/source/core/unocore/unosett.ts :: SwNumFormat
 ❯ validateSide scripts/libreoffice-inventory/parity-mapping-support.ts:173:15
    171|       const contents = await readEvidence(`${root}/${reference.path}`);
    172|       if (!contents.includes(reference.marker))
    173|         throw new Error(
       |               ^
    174|           `Parity ${side} ${kind} marker is absent: ${reference.path} …
    175|         );
 ❯ validateParityMappingEvidence scripts/libreoffice-inventory/parity-mappings.ts:336:5
 ❯ runParityMappingCli scripts/libreoffice-inventory/parity-mapping-cli.ts:109:18
 ❯ runsProductionValidation scripts/libreoffice-inventory/parity-mapping-cli.test.ts:79:5

⎯⎯⎯⎯⎯⎯⎯⎯⎯⎯⎯⎯⎯⎯⎯⎯⎯⎯⎯⎯⎯⎯⎯⎯[1/1]⎯


 Test Files  1 failed | 35 passed (36)
      Tests  1 failed | 108 passed (109)
   Start at  19:44:01
   Duration  43.81s (transform 717ms, setup 0ms, import 1.67s, tests 38.85s, environment 2ms)

