
 RUN  v4.1.10 /Users/odubinkin/Projects/vite-office/apps/office

 ❯ src/sw/source/filter/xml/odt-table-roundtrip.test.ts (8 tests | 1 failed) 130ms
     × validates table style values and cell cardinality at the SAX boundary 13ms

⎯⎯⎯⎯⎯⎯⎯ Failed Tests 1 ⎯⎯⎯⎯⎯⎯⎯

 FAIL  src/sw/source/filter/xml/odt-table-roundtrip.test.ts > Writer canonical ODF tables > validates table style values and cell cardinality at the SAX boundary
AssertionError: expected [Function] to not throw an error but 'Error: ODF table row cell count diffe…' was thrown

- Expected:
undefined

+ Received:
"Error: ODF table row cell count differs from declared columns."

 ❯ src/sw/source/filter/xml/odt-table-roundtrip.test.ts:353:11
    351|           "<table:table-column/><table:table-row><text:p/></table:tabl…
    352|         ),
    353|     ).not.toThrow();
       |           ^
    354|     expect(
    355|       /** Verifies the bounded table scenario.  @returns Callback resu…

⎯⎯⎯⎯⎯⎯⎯⎯⎯⎯⎯⎯⎯⎯⎯⎯⎯⎯⎯⎯⎯⎯⎯⎯[1/1]⎯


 Test Files  1 failed | 7 passed (8)
      Tests  1 failed | 56 passed (57)
   Start at  05:46:19
   Duration  3.82s (transform 665ms, setup 597ms, import 1.03s, tests 1.69s, environment 3.25s)
