
> vite-office@0.1.0 verify
> npm run format:check && npm run lint && npm run typecheck && npm run check:dependencies && npm run check:writer-resources && npm run test:coverage && npm run test:inventory:coverage && npm run test:e2e && npm run test:static && npm run check:docs && npm run check:file-size && npm run check:source-tree && npm run check:source-provenance && npm run inventory:invariants && npm run inventory:parity


> vite-office@0.1.0 format:check
> prettier --check .

Checking formatting...
All matched files use Prettier code style!

> vite-office@0.1.0 lint
> eslint . --max-warnings 0


> vite-office@0.1.0 typecheck
> npm run typecheck:tools && npm run typecheck --workspace @vite-office/office


> vite-office@0.1.0 typecheck:tools
> tsc --project tsconfig.tools.json


> @vite-office/office@0.1.0 typecheck
> tsc --noEmit


> vite-office@0.1.0 check:dependencies
> node scripts/check-module-boundaries.mjs

Module boundary check passed: 198 runtime sources, 815 relative imports, 12 allowed cross-module edges.

> vite-office@0.1.0 check:writer-resources
> tsx scripts/generate-writer-ui-resources.ts --check && vitest run scripts/writer-ui-resource-model.test.ts


 RUN  v4.1.10 /Users/odubinkin/Projects/vite-office


 Test Files  1 passed (1)
      Tests  2 passed (2)
   Start at  05:54:03
   Duration  123ms (transform 26ms, setup 0ms, import 35ms, tests 3ms, environment 0ms)


> vite-office@0.1.0 test:coverage
> npm run test:coverage --workspace @vite-office/office


> @vite-office/office@0.1.0 test:coverage
> vitest run --coverage


 RUN  v4.1.10 /Users/odubinkin/Projects/vite-office/apps/office
      Coverage enabled with v8

 ❯ src/xmloff/source/text/txtparai.test.ts (10 tests | 1 failed) 18ms
     × rejects unsupported context structures and invalid inherited state 5ms

⎯⎯⎯⎯⎯⎯⎯ Failed Tests 1 ⎯⎯⎯⎯⎯⎯⎯

 FAIL  src/xmloff/source/text/txtparai.test.ts > ODF streaming text import contexts > rejects unsupported context structures and invalid inherited state
AssertionError: expected [Function] to throw an error

- Expected:
null

+ Received:
undefined

 ❯ src/xmloff/source/text/txtparai.test.ts:587:9
    585|         /** Imports an unsupported structure. @returns Nothing. */ () …
    586|           importBody(body, styles, new Map([["L1", bullet]])),
    587|       ).toThrow("Unsupported ODF");
       |         ^
    588|     expect(
    589|       importBody(

⎯⎯⎯⎯⎯⎯⎯⎯⎯⎯⎯⎯⎯⎯⎯⎯⎯⎯⎯⎯⎯⎯⎯⎯[1/1]⎯


 Test Files  1 failed | 132 passed (133)
      Tests  1 failed | 622 passed (623)
   Start at  05:54:04
   Duration  70.68s (transform 2.27s, setup 10.10s, import 8.95s, tests 53.97s, environment 48.53s)

npm error Lifecycle script `test:coverage` failed with error:
npm error code 1
npm error path /Users/odubinkin/Projects/vite-office/apps/office
npm error workspace @vite-office/office@0.1.0
npm error location /Users/odubinkin/Projects/vite-office/apps/office
npm error command failed
npm error command sh -c vitest run --coverage
