
> vite-office@0.1.0 verify
> npm run format:check && npm run lint && npm run typecheck && npm run check:dependencies && npm run check:writer-resources && npm run test:coverage && npm run test:inventory:coverage && npm run test:e2e && npm run test:static && npm run check:docs && npm run check:file-size && npm run check:source-tree && npm run check:source-provenance && npm run inventory:invariants && npm run inventory:parity


> vite-office@0.1.0 format:check
> prettier --check .

Checking formatting...
All matched files use Prettier code style!

> vite-office@0.1.0 lint
> eslint . --max-warnings 0


> vite-office@0.1.0 typecheck
> npm run typecheck:tools && npm run typecheck --workspace @vite-office/office


> vite-office@0.1.0 typecheck:tools
> tsc --project tsconfig.tools.json


> @vite-office/office@0.1.0 typecheck
> tsc --noEmit


> vite-office@0.1.0 check:dependencies
> node scripts/check-module-boundaries.mjs

Module boundary check passed: 207 runtime sources, 854 relative imports, 12 allowed cross-module edges.

> vite-office@0.1.0 check:writer-resources
> tsx scripts/generate-writer-ui-resources.ts --check && vitest run scripts/writer-ui-resource-model.test.ts


 RUN  v4.1.10 /Users/odubinkin/Projects/vite-office


 Test Files  1 passed (1)
      Tests  2 passed (2)
   Start at  14:05:12
   Duration  547ms (transform 80ms, setup 0ms, import 108ms, tests 12ms, environment 0ms)


> vite-office@0.1.0 test:coverage
> npm run test:coverage --workspace @vite-office/office


> @vite-office/office@0.1.0 test:coverage
> vitest run --coverage


 RUN  v4.1.10 /Users/odubinkin/Projects/vite-office/apps/office
      Coverage enabled with v8

 ❯ src/framework/browser/app/desktop.test.tsx (11 tests | 3 failed) 59677ms
     × opens an ODT through the computer tab and exports a parseable package 5948ms
     × immediately saves imported TXT but never saves an empty import 7251ms
     × keeps named browser copies available from Open 9190ms

⎯⎯⎯⎯⎯⎯⎯ Failed Tests 3 ⎯⎯⎯⎯⎯⎯⎯

 FAIL  src/framework/browser/app/desktop.test.tsx > App > opens an ODT through the computer tab and exports a parseable package
TestingLibraryElementError: Unable to find role="button" and name "Imported package"

Ignored nodes: comments, script, style
[36m<body>[39m
  [36m<div>[39m
    [36m<main[39m
      [33mclass[39m=[32m"h-screen min-h-0 min-w-0 overflow-hidden bg-slate-100"[39m
      [33mid[39m=[32m"workspace"[39m
    [36m>[39m
      [36m<div>[39m
        [36m<section[39m
          [33maria-label[39m=[32m"Writer workspace"[39m
          [33mclass[39m=[32m"flex h-dvh w-full min-h-0 min-w-0 flex-col overflow-hidden bg-slate-100"[39m
        [36m>[39m
          [36m<header[39m
            [33mclass[39m=[32m"relative z-50 shrink-0 border-b border-slate-200 bg-white"[39m
          [36m>[39m
            [36m<div[39m
              [33mclass[39m=[32m"flex min-h-12 flex-wrap items-center gap-3 border-b border-slate-200 px-4 py-2 sm:px-5"[39m
            [36m>[39m
              [36m<div[39m
                [33mclass[39m=[32m"min-w-0"[39m
              [36m>[39m
                [36m<button[39m
                  [33maria-label[39m=[32m"Edit document title"[39m
                  [33mclass[39m=[32m"block max-w-full truncate text-left text-sm font-bold text-slate-950 hover:text-indigo-700"[39m
                  [33mtype[39m=[32m"button"[39m
                [36m>[39m
                  [0mImported package[0m
                [36m</button>[39m
                [36m<p[39m
                  [33mclass[39m=[32m"text-[10px] font-semibold uppercase tracking-[0.16em] text-indigo-700"[39m
                [36m>[39m
                  [0mWriter · browser workbench[0m
                [36m</p>[39m
              [36m</div>[39m
              [36m<div[39m
                [33mclass[39m=[32m"shrink-0"[39m
              [36m>[39m
                [36m<div[39m
                  [33maria-label[39m=[32m"Writer menu bar"[39m
                  [33mclass[39m=[32m"flex items-center gap-1"[39m
                  [33mrole[39m=[32m"menubar"[39m
                [36m>[39m
                  [36m<div[39m
                    [33mclass[39m=[32m"relative"[39m
                  [36m>[39m
                    [36m<button[39m
                      [33maria-controls[39m=[32m"writer-picklist-menu"[39m
                      [33maria-expanded[39m=[32m"false"[39m
                      [33maria-haspopup[39m=[32m"menu"[39m
                      [33mclass[39m=[32m"rounded-md px-3 py-1.5 text-sm font-medium text-slate-700 hover:bg-slate-100"[39m
                      [33mtabindex[39m=[32m"0"[39m
                      [33mtype[39m=[32m"button"[39m
                    [36m>[39m
                      [0mFile[0m
                    [36m</button>[39m
                  [36m</div>[39m
                  [36m<div[39m
                    [33mclass[39m=[32m"relative"[39m
                  [36m>[39m
                    [36m<button[39m
                      [33maria-controls[39m=[32m"writer-editmenu-menu"[39m
                      [33maria-expanded[39m=[32m"false"[39m
                      [33maria-haspopup[39m=[32m"menu"[39m
                      [33mclass[39m=[32m"rounded-md px-3 py-1.5 text-sm font-medium text-slate-700 hover:bg-slate-100"[39m
                      [33mtabindex[39m=[32m"-1"[39m
                      [33mtype[39m=[32m"button"[39m
                    [36m>[39m
                      [0mEdit[0m
                    [36m</button>[39m
                  [36m</div>[39m
                  [36m<div[39m
                    [33mclass[39m=[32m"relative"[39m
                  [36m>[39m
                    [36m<button[39m
                      [33maria-controls[39m=[32m"writer-viewmenu-menu"[39m
                      [33maria-expanded[39m=[32m"false"[39m
                      [33maria-haspopup[39m=[32m"menu"[39m
                      [33mclass[39m=[32m"rounded-md px-3 py-1.5 text-sm font-medium text-slate-700 hover:bg-slate-100"[39m
                      [33mtabindex[39m=[32m"-1"[39m
                      [33mtype[39m=[32m"button"[39m
                    [36m>[39m
                      [0mView[0m
                    [36m</button>[39m
                  [36m</div>[39m
                  [36m<div[39m
                    [33mclass[39m=[32m"relative"[39m
                  [36m>[39m
                    [36m<button[39m
                      [33maria-controls[39m=[32m"writer-insertmenu-menu"[39m
                      [33maria-expanded[39m=[32m"false"[39m
                      [33maria-haspopup[39m=[32m"menu"[39m
                      [33mclass[39m=[32m"rounded-md px-3 py-1.5 text-sm font-medium text-slate-700 hover:bg-slate-100"[39m
                      [33mtabindex[39m=[32m"-1"[39m
                      [33mtype[39m=[32m"button"[39m
                    [36m>[39m
                      [0mInsert[0m
                    [36m</button>[39m
                  [36m</div>[39m
                  [36m<div[39m
                    [33mclass[39m=[32m"relative"[39m
                  [36m>[39m
                    [36m<button[39m
                      [33maria-controls[39m=[32m"writer-formatmenu-menu"[39m
                      [33maria-expanded[39m=[32m"false"[39m
                      [33maria-haspopup[39m=[32m"menu"[39m
                      [33mclass[39m=[32m"rounded-md px-3 py-1.5 text-sm font-medium text-slate-700 hover:bg-slate-100"[39m
                      [33mtabindex[39m=[32m"-1"[39m
                      [33mtype[39m=[32m"button"[39m
                    [36m>[39m
                      [0mFormat[0m
                    [36m</button>[39m
                  [36m</div>[39m
                  [36m<div[39m
                    [33mclass[39m=[32m"relative"[39m
                  [36m>[39m
                    [36m<button[39m
                      [33maria-controls[39m=[32m"writer-formatstylesmenu-menu"[39m
                      [33maria-expanded[39m=[32m"false"[39m
                      [33maria-haspopup[39m=[32m"menu"[39m
                      [33mclass[39m=[32m"rounded-md px-3 py-1.5 text-sm font-medium text-slate-700 hover:bg-slate-100"[39m
                      [33mtabindex[39m=[32m"-1"[39m
                      [33mtype[39m=[32m"button"[39m
                    [36m>[39m
                      [0mStyles[0m
                    [36m</button>[39m
                  [36m</div>[39m
                  [36m<div[39m
                    [33mclass[39m=[32m"relative"[39m
                  [36m>[39m
                    [36m<button[39m
                      [33maria-controls[39m=[32m"writer-tablemenu-menu"[39m
                      [33maria-expanded[39m=[32m"false"[39m
                      [33maria-haspopup[39m=[32m"menu"[39m
                      [33mclass[39m=[32m"rounded-md px-3 py-1.5 text-sm font-medium text-slate-700 hover:bg-slate-100"[39m
                      [33mtabindex[39m=[32m"-1"[39m
                      [33mtype[39m=[32m"bu...

Ignored nodes: comments, script, style
[36m<html>[39m
  [36m<head />[39m
  [36m<body>[39m
    [36m<div>[39m
      [36m<main[39m
        [33mclass[39m=[32m"h-screen min-h-0 min-w-0 overflow-hidden bg-slate-100"[39m
        [33mid[39m=[32m"workspace"[39m
      [36m>[39m
        [36m<div>[39m
          [36m<section[39m
            [33maria-label[39m=[32m"Writer workspace"[39m
            [33mclass[39m=[32m"flex h-dvh w-full min-h-0 min-w-0 flex-col overflow-hidden bg-slate-100"[39m
          [36m>[39m
            [36m<header[39m
              [33mclass[39m=[32m"relative z-50 shrink-0 border-b border-slate-200 bg-white"[39m
            [36m>[39m
              [36m<div[39m
                [33mclass[39m=[32m"flex min-h-12 flex-wrap items-center gap-3 border-b border-slate-200 px-4 py-2 sm:px-5"[39m
              [36m>[39m
                [36m<div[39m
                  [33mclass[39m=[32m"min-w-0"[39m
                [36m>[39m
                  [36m<button[39m
                    [33maria-label[39m=[32m"Edit document title"[39m
                    [33mclass[39m=[32m"block max-w-full truncate text-left text-sm font-bold text-slate-950 hover:text-indigo-700"[39m
                    [33mtype[39m=[32m"button"[39m
                  [36m>[39m
                    [0mImported package[0m
                  [36m</button>[39m
                  [36m<p[39m
                    [33mclass[39m=[32m"text-[10px] font-semibold uppercase tracking-[0.16em] text-indigo-700"[39m
                  [36m>[39m
                    [0mWriter · browser workbench[0m
                  [36m</p>[39m
                [36m</div>[39m
                [36m<div[39m
                  [33mclass[39m=[32m"shrink-0"[39m
                [36m>[39m
                  [36m<div[39m
                    [33maria-label[39m=[32m"Writer menu bar"[39m
                    [33mclass[39m=[32m"flex items-center gap-1"[39m
                    [33mrole[39m=[32m"menubar"[39m
                  [36m>[39m
                    [36m<div[39m
                      [33mclass[39m=[32m"relative"[39m
                    [36m>[39m
                      [36m<button[39m
                        [33maria-controls[39m=[32m"writer-picklist-menu"[39m
                        [33maria-expanded[39m=[32m"false"[39m
                        [33maria-haspopup[39m=[32m"menu"[39m
                        [33mclass[39m=[32m"rounded-md px-3 py-1.5 text-sm font-medium text-slate-700 hover:bg-slate-100"[39m
                        [33mtabindex[39m=[32m"0"[39m
                        [33mtype[39m=[32m"button"[39m
                      [36m>[39m
                        [0mFile[0m
                      [36m</button>[39m
                    [36m</div>[39m
                    [36m<div[39m
                      [33mclass[39m=[32m"relative"[39m
                    [36m>[39m
                      [36m<button[39m
                        [33maria-controls[39m=[32m"writer-editmenu-menu"[39m
                        [33maria-expanded[39m=[32m"false"[39m
                        [33maria-haspopup[39m=[32m"menu"[39m
                        [33mclass[39m=[32m"rounded-md px-3 py-1.5 text-sm font-medium text-slate-700 hover:bg-slate-100"[39m
                        [33mtabindex[39m=[32m"-1"[39m
                        [33mtype[39m=[32m"button"[39m
                      [36m>[39m
                        [0mEdit[0m
                      [36m</button>[39m
                    [36m</div>[39m
                    [36m<div[39m
                      [33mclass[39m=[32m"relative"[39m
                    [36m>[39m
                      [36m<button[39m
                        [33maria-controls[39m=[32m"writer-viewmenu-menu"[39m
                        [33maria-expanded[39m=[32m"false"[39m
                        [33maria-haspopup[39m=[32m"menu"[39m
                        [33mclass[39m=[32m"rounded-md px-3 py-1.5 text-sm font-medium text-slate-700 hover:bg-slate-100"[39m
                        [33mtabindex[39m=[32m"-1"[39m
                        [33mtype[39m=[32m"button"[39m
                      [36m>[39m
                        [0mView[0m
                      [36m</button>[39m
                    [36m</div>[39m
                    [36m<div[39m
                      [33mclass[39m=[32m"relative"[39m
                    [36m>[39m
                      [36m<button[39m
                        [33maria-controls[39m=[32m"writer-insertmenu-menu"[39m
                        [33maria-expanded[39m=[32m"false"[39m
                        [33maria-haspopup[39m=[32m"menu"[39m
                        [33mclass[39m=[32m"rounded-md px-3 py-1.5 text-sm font-medium text-slate-700 hover:bg-slate-100"[39m
                        [33mtabindex[39m=[32m"-1"[39m
                        [33mtype[39m=[32m"button"[39m
                      [36m>[39m
                        [0mInsert[0m
                      [36m</button>[39m
                    [36m</div>[39m
                    [36m<div[39m
                      [33mclass[39m=[32m"relative"[39m
                    [36m>[39m
                      [36m<button[39m
                        [33maria-controls[39m=[32m"writer-formatmenu-menu"[39m
                        [33maria-expanded[39m=[32m"false"[39m
                        [33maria-haspopup[39m=[32m"menu"[39m
                        [33mclass[39m=[32m"rounded-md px-3 py-1.5 text-sm font-medium text-slate-700 hover:bg-slate-100"[39m
                        [33mtabindex[39m=[32m"-1"[39m
                        [33mtype[39m=[32m"button"[39m
                      [36m>[39m
                        [0mFormat[0m
                      [36m</button>[39m
                    [36m</div>[39m
                    [36m<div[39m
                      [33mclass[39m=[32m"relative"[39m
                    [36m>[39m
                      [36m<button[39m
                        [33maria-controls[39m=[32m"writer-formatstylesmenu-menu"[39m
                        [33maria-expanded[39m=[32m"false"[39m
                        [33maria-haspopup[39m=[32m"menu"[39m
                        [33mclass[39m=[32m"rounded-md px-3 py-1.5 text-sm font-medium text-slate-700 hover:bg-slate-100"[39m
                        [33mtabindex[39m=[32m"-1"[39m
                        [33mtype[39m=[32m"button"[39m
                      [36m>[39m
                        [0mStyles[0m
                      [36m</button>[39m
                    [36m</div>[39m
                    [36m<div[39m
                      [33mclass[39m=[32m"relative"[39m
                    [36m>[39m
                      [36m<button[39m
                        [33maria-controls[39m=[32m"writer-tablemenu-menu"[39m
                        [33maria-expanded[39m=[32m"fal...
 ❯ waitForWrapper ../../node_modules/@testing-library/dom/dist/wait-for.js:163:27
 ❯ src/framework/browser/app/desktop.test.tsx:400:13
    398|       );
    399|       await invokeWriterFileCommand("Open…");
    400|       await waitFor(
       |             ^
    401|         /** Finds the imported browser copy without waiting for autosa…
    402|           expect(screen.getByRole("button", { name: "Imported package"…

⎯⎯⎯⎯⎯⎯⎯⎯⎯⎯⎯⎯⎯⎯⎯⎯⎯⎯⎯⎯⎯⎯⎯⎯[1/3]⎯

 FAIL  src/framework/browser/app/desktop.test.tsx > App > immediately saves imported TXT but never saves an empty import
TestingLibraryElementError: Unable to find role="button" and name "notes"

Ignored nodes: comments, script, style
[36m<body>[39m
  [36m<div>[39m
    [36m<main[39m
      [33mclass[39m=[32m"h-screen min-h-0 min-w-0 overflow-hidden bg-slate-100"[39m
      [33mid[39m=[32m"workspace"[39m
    [36m>[39m
      [36m<div>[39m
        [36m<section[39m
          [33maria-label[39m=[32m"Writer workspace"[39m
          [33mclass[39m=[32m"flex h-dvh w-full min-h-0 min-w-0 flex-col overflow-hidden bg-slate-100"[39m
        [36m>[39m
          [36m<header[39m
            [33mclass[39m=[32m"relative z-50 shrink-0 border-b border-slate-200 bg-white"[39m
          [36m>[39m
            [36m<div[39m
              [33mclass[39m=[32m"flex min-h-12 flex-wrap items-center gap-3 border-b border-slate-200 px-4 py-2 sm:px-5"[39m
            [36m>[39m
              [36m<div[39m
                [33mclass[39m=[32m"min-w-0"[39m
              [36m>[39m
                [36m<button[39m
                  [33maria-label[39m=[32m"Edit document title"[39m
                  [33mclass[39m=[32m"block max-w-full truncate text-left text-sm font-bold text-slate-950 hover:text-indigo-700"[39m
                  [33mtype[39m=[32m"button"[39m
                [36m>[39m
                  [0mnotes[0m
                [36m</button>[39m
                [36m<p[39m
                  [33mclass[39m=[32m"text-[10px] font-semibold uppercase tracking-[0.16em] text-indigo-700"[39m
                [36m>[39m
                  [0mWriter · browser workbench[0m
                [36m</p>[39m
              [36m</div>[39m
              [36m<div[39m
                [33mclass[39m=[32m"shrink-0"[39m
              [36m>[39m
                [36m<div[39m
                  [33maria-label[39m=[32m"Writer menu bar"[39m
                  [33mclass[39m=[32m"flex items-center gap-1"[39m
                  [33mrole[39m=[32m"menubar"[39m
                [36m>[39m
                  [36m<div[39m
                    [33mclass[39m=[32m"relative"[39m
                  [36m>[39m
                    [36m<button[39m
                      [33maria-controls[39m=[32m"writer-picklist-menu"[39m
                      [33maria-expanded[39m=[32m"false"[39m
                      [33maria-haspopup[39m=[32m"menu"[39m
                      [33mclass[39m=[32m"rounded-md px-3 py-1.5 text-sm font-medium text-slate-700 hover:bg-slate-100"[39m
                      [33mtabindex[39m=[32m"0"[39m
                      [33mtype[39m=[32m"button"[39m
                    [36m>[39m
                      [0mFile[0m
                    [36m</button>[39m
                  [36m</div>[39m
                  [36m<div[39m
                    [33mclass[39m=[32m"relative"[39m
                  [36m>[39m
                    [36m<button[39m
                      [33maria-controls[39m=[32m"writer-editmenu-menu"[39m
                      [33maria-expanded[39m=[32m"false"[39m
                      [33maria-haspopup[39m=[32m"menu"[39m
                      [33mclass[39m=[32m"rounded-md px-3 py-1.5 text-sm font-medium text-slate-700 hover:bg-slate-100"[39m
                      [33mtabindex[39m=[32m"-1"[39m
                      [33mtype[39m=[32m"button"[39m
                    [36m>[39m
                      [0mEdit[0m
                    [36m</button>[39m
                  [36m</div>[39m
                  [36m<div[39m
                    [33mclass[39m=[32m"relative"[39m
                  [36m>[39m
                    [36m<button[39m
                      [33maria-controls[39m=[32m"writer-viewmenu-menu"[39m
                      [33maria-expanded[39m=[32m"false"[39m
                      [33maria-haspopup[39m=[32m"menu"[39m
                      [33mclass[39m=[32m"rounded-md px-3 py-1.5 text-sm font-medium text-slate-700 hover:bg-slate-100"[39m
                      [33mtabindex[39m=[32m"-1"[39m
                      [33mtype[39m=[32m"button"[39m
                    [36m>[39m
                      [0mView[0m
                    [36m</button>[39m
                  [36m</div>[39m
                  [36m<div[39m
                    [33mclass[39m=[32m"relative"[39m
                  [36m>[39m
                    [36m<button[39m
                      [33maria-controls[39m=[32m"writer-insertmenu-menu"[39m
                      [33maria-expanded[39m=[32m"false"[39m
                      [33maria-haspopup[39m=[32m"menu"[39m
                      [33mclass[39m=[32m"rounded-md px-3 py-1.5 text-sm font-medium text-slate-700 hover:bg-slate-100"[39m
                      [33mtabindex[39m=[32m"-1"[39m
                      [33mtype[39m=[32m"button"[39m
                    [36m>[39m
                      [0mInsert[0m
                    [36m</button>[39m
                  [36m</div>[39m
                  [36m<div[39m
                    [33mclass[39m=[32m"relative"[39m
                  [36m>[39m
                    [36m<button[39m
                      [33maria-controls[39m=[32m"writer-formatmenu-menu"[39m
                      [33maria-expanded[39m=[32m"false"[39m
                      [33maria-haspopup[39m=[32m"menu"[39m
                      [33mclass[39m=[32m"rounded-md px-3 py-1.5 text-sm font-medium text-slate-700 hover:bg-slate-100"[39m
                      [33mtabindex[39m=[32m"-1"[39m
                      [33mtype[39m=[32m"button"[39m
                    [36m>[39m
                      [0mFormat[0m
                    [36m</button>[39m
                  [36m</div>[39m
                  [36m<div[39m
                    [33mclass[39m=[32m"relative"[39m
                  [36m>[39m
                    [36m<button[39m
                      [33maria-controls[39m=[32m"writer-formatstylesmenu-menu"[39m
                      [33maria-expanded[39m=[32m"false"[39m
                      [33maria-haspopup[39m=[32m"menu"[39m
                      [33mclass[39m=[32m"rounded-md px-3 py-1.5 text-sm font-medium text-slate-700 hover:bg-slate-100"[39m
                      [33mtabindex[39m=[32m"-1"[39m
                      [33mtype[39m=[32m"button"[39m
                    [36m>[39m
                      [0mStyles[0m
                    [36m</button>[39m
                  [36m</div>[39m
                  [36m<div[39m
                    [33mclass[39m=[32m"relative"[39m
                  [36m>[39m
                    [36m<button[39m
                      [33maria-controls[39m=[32m"writer-tablemenu-menu"[39m
                      [33maria-expanded[39m=[32m"false"[39m
                      [33maria-haspopup[39m=[32m"menu"[39m
                      [33mclass[39m=[32m"rounded-md px-3 py-1.5 text-sm font-medium text-slate-700 hover:bg-slate-100"[39m
                      [33mtabindex[39m=[32m"-1"[39m
                      [33mtype[39m=[32m"button"[39m
...

Ignored nodes: comments, script, style
[36m<html>[39m
  [36m<head />[39m
  [36m<body>[39m
    [36m<div>[39m
      [36m<main[39m
        [33mclass[39m=[32m"h-screen min-h-0 min-w-0 overflow-hidden bg-slate-100"[39m
        [33mid[39m=[32m"workspace"[39m
      [36m>[39m
        [36m<div>[39m
          [36m<section[39m
            [33maria-label[39m=[32m"Writer workspace"[39m
            [33mclass[39m=[32m"flex h-dvh w-full min-h-0 min-w-0 flex-col overflow-hidden bg-slate-100"[39m
          [36m>[39m
            [36m<header[39m
              [33mclass[39m=[32m"relative z-50 shrink-0 border-b border-slate-200 bg-white"[39m
            [36m>[39m
              [36m<div[39m
                [33mclass[39m=[32m"flex min-h-12 flex-wrap items-center gap-3 border-b border-slate-200 px-4 py-2 sm:px-5"[39m
              [36m>[39m
                [36m<div[39m
                  [33mclass[39m=[32m"min-w-0"[39m
                [36m>[39m
                  [36m<button[39m
                    [33maria-label[39m=[32m"Edit document title"[39m
                    [33mclass[39m=[32m"block max-w-full truncate text-left text-sm font-bold text-slate-950 hover:text-indigo-700"[39m
                    [33mtype[39m=[32m"button"[39m
                  [36m>[39m
                    [0mnotes[0m
                  [36m</button>[39m
                  [36m<p[39m
                    [33mclass[39m=[32m"text-[10px] font-semibold uppercase tracking-[0.16em] text-indigo-700"[39m
                  [36m>[39m
                    [0mWriter · browser workbench[0m
                  [36m</p>[39m
                [36m</div>[39m
                [36m<div[39m
                  [33mclass[39m=[32m"shrink-0"[39m
                [36m>[39m
                  [36m<div[39m
                    [33maria-label[39m=[32m"Writer menu bar"[39m
                    [33mclass[39m=[32m"flex items-center gap-1"[39m
                    [33mrole[39m=[32m"menubar"[39m
                  [36m>[39m
                    [36m<div[39m
                      [33mclass[39m=[32m"relative"[39m
                    [36m>[39m
                      [36m<button[39m
                        [33maria-controls[39m=[32m"writer-picklist-menu"[39m
                        [33maria-expanded[39m=[32m"false"[39m
                        [33maria-haspopup[39m=[32m"menu"[39m
                        [33mclass[39m=[32m"rounded-md px-3 py-1.5 text-sm font-medium text-slate-700 hover:bg-slate-100"[39m
                        [33mtabindex[39m=[32m"0"[39m
                        [33mtype[39m=[32m"button"[39m
                      [36m>[39m
                        [0mFile[0m
                      [36m</button>[39m
                    [36m</div>[39m
                    [36m<div[39m
                      [33mclass[39m=[32m"relative"[39m
                    [36m>[39m
                      [36m<button[39m
                        [33maria-controls[39m=[32m"writer-editmenu-menu"[39m
                        [33maria-expanded[39m=[32m"false"[39m
                        [33maria-haspopup[39m=[32m"menu"[39m
                        [33mclass[39m=[32m"rounded-md px-3 py-1.5 text-sm font-medium text-slate-700 hover:bg-slate-100"[39m
                        [33mtabindex[39m=[32m"-1"[39m
                        [33mtype[39m=[32m"button"[39m
                      [36m>[39m
                        [0mEdit[0m
                      [36m</button>[39m
                    [36m</div>[39m
                    [36m<div[39m
                      [33mclass[39m=[32m"relative"[39m
                    [36m>[39m
                      [36m<button[39m
                        [33maria-controls[39m=[32m"writer-viewmenu-menu"[39m
                        [33maria-expanded[39m=[32m"false"[39m
                        [33maria-haspopup[39m=[32m"menu"[39m
                        [33mclass[39m=[32m"rounded-md px-3 py-1.5 text-sm font-medium text-slate-700 hover:bg-slate-100"[39m
                        [33mtabindex[39m=[32m"-1"[39m
                        [33mtype[39m=[32m"button"[39m
                      [36m>[39m
                        [0mView[0m
                      [36m</button>[39m
                    [36m</div>[39m
                    [36m<div[39m
                      [33mclass[39m=[32m"relative"[39m
                    [36m>[39m
                      [36m<button[39m
                        [33maria-controls[39m=[32m"writer-insertmenu-menu"[39m
                        [33maria-expanded[39m=[32m"false"[39m
                        [33maria-haspopup[39m=[32m"menu"[39m
                        [33mclass[39m=[32m"rounded-md px-3 py-1.5 text-sm font-medium text-slate-700 hover:bg-slate-100"[39m
                        [33mtabindex[39m=[32m"-1"[39m
                        [33mtype[39m=[32m"button"[39m
                      [36m>[39m
                        [0mInsert[0m
                      [36m</button>[39m
                    [36m</div>[39m
                    [36m<div[39m
                      [33mclass[39m=[32m"relative"[39m
                    [36m>[39m
                      [36m<button[39m
                        [33maria-controls[39m=[32m"writer-formatmenu-menu"[39m
                        [33maria-expanded[39m=[32m"false"[39m
                        [33maria-haspopup[39m=[32m"menu"[39m
                        [33mclass[39m=[32m"rounded-md px-3 py-1.5 text-sm font-medium text-slate-700 hover:bg-slate-100"[39m
                        [33mtabindex[39m=[32m"-1"[39m
                        [33mtype[39m=[32m"button"[39m
                      [36m>[39m
                        [0mFormat[0m
                      [36m</button>[39m
                    [36m</div>[39m
                    [36m<div[39m
                      [33mclass[39m=[32m"relative"[39m
                    [36m>[39m
                      [36m<button[39m
                        [33maria-controls[39m=[32m"writer-formatstylesmenu-menu"[39m
                        [33maria-expanded[39m=[32m"false"[39m
                        [33maria-haspopup[39m=[32m"menu"[39m
                        [33mclass[39m=[32m"rounded-md px-3 py-1.5 text-sm font-medium text-slate-700 hover:bg-slate-100"[39m
                        [33mtabindex[39m=[32m"-1"[39m
                        [33mtype[39m=[32m"button"[39m
                      [36m>[39m
                        [0mStyles[0m
                      [36m</button>[39m
                    [36m</div>[39m
                    [36m<div[39m
                      [33mclass[39m=[32m"relative"[39m
                    [36m>[39m
                      [36m<button[39m
                        [33maria-controls[39m=[32m"writer-tablemenu-menu"[39m
                        [33maria-expanded[39m=[32m"false"[39m
  ...
 ❯ waitForWrapper ../../node_modules/@testing-library/dom/dist/wait-for.js:163:27
 ❯ src/framework/browser/app/desktop.test.tsx:441:13
    439|       );
    440|       await invokeWriterFileCommand("Open…");
    441|       await waitFor(
       |             ^
    442|         /** Finds the newly imported browser copy. @returns Nothing. *…
    443|           expect(screen.getByRole("button", { name: "notes" })).toBeVi…

⎯⎯⎯⎯⎯⎯⎯⎯⎯⎯⎯⎯⎯⎯⎯⎯⎯⎯⎯⎯⎯⎯⎯⎯[2/3]⎯

 FAIL  src/framework/browser/app/desktop.test.tsx > App > keeps named browser copies available from Open
Error: expect(element).toHaveTextContent()

Expected element to have text content:
  First copy
Received:
  Untitled Writer Document

Ignored nodes: comments, script, style
[36m<html>[39m
  [36m<head />[39m
  [36m<body>[39m
    [36m<div>[39m
      [36m<main[39m
        [33mclass[39m=[32m"h-screen min-h-0 min-w-0 overflow-hidden bg-slate-100"[39m
        [33mid[39m=[32m"workspace"[39m
      [36m>[39m
        [36m<div>[39m
          [36m<section[39m
            [33maria-label[39m=[32m"Writer workspace"[39m
            [33mclass[39m=[32m"flex h-dvh w-full min-h-0 min-w-0 flex-col overflow-hidden bg-slate-100"[39m
          [36m>[39m
            [36m<header[39m
              [33mclass[39m=[32m"relative z-50 shrink-0 border-b border-slate-200 bg-white"[39m
            [36m>[39m
              [36m<div[39m
                [33mclass[39m=[32m"flex min-h-12 flex-wrap items-center gap-3 border-b border-slate-200 px-4 py-2 sm:px-5"[39m
              [36m>[39m
                [36m<div[39m
                  [33mclass[39m=[32m"min-w-0"[39m
                [36m>[39m
                  [36m<button[39m
                    [33maria-label[39m=[32m"Edit document title"[39m
                    [33mclass[39m=[32m"block max-w-full truncate text-left text-sm font-bold text-slate-950 hover:text-indigo-700"[39m
                    [33mtype[39m=[32m"button"[39m
                  [36m>[39m
                    [0mUntitled Writer Document[0m
                  [36m</button>[39m
                  [36m<p[39m
                    [33mclass[39m=[32m"text-[10px] font-semibold uppercase tracking-[0.16em] text-indigo-700"[39m
                  [36m>[39m
                    [0mWriter · browser workbench[0m
                  [36m</p>[39m
                [36m</div>[39m
                [36m<div[39m
                  [33mclass[39m=[32m"shrink-0"[39m
                [36m>[39m
                  [36m<div[39m
                    [33maria-label[39m=[32m"Writer menu bar"[39m
                    [33mclass[39m=[32m"flex items-center gap-1"[39m
                    [33mrole[39m=[32m"menubar"[39m
                  [36m>[39m
                    [36m<div[39m
                      [33mclass[39m=[32m"relative"[39m
                    [36m>[39m
                      [36m<button[39m
                        [33maria-controls[39m=[32m"writer-picklist-menu"[39m
                        [33maria-expanded[39m=[32m"false"[39m
                        [33maria-haspopup[39m=[32m"menu"[39m
                        [33mclass[39m=[32m"rounded-md px-3 py-1.5 text-sm font-medium text-slate-700 hover:bg-slate-100"[39m
                        [33mtabindex[39m=[32m"0"[39m
                        [33mtype[39m=[32m"button"[39m
                      [36m>[39m
                        [0mFile[0m
                      [36m</button>[39m
                    [36m</div>[39m
                    [36m<div[39m
                      [33mclass[39m=[32m"relative"[39m
                    [36m>[39m
                      [36m<button[39m
                        [33maria-controls[39m=[32m"writer-editmenu-menu"[39m
                        [33maria-expanded[39m=[32m"false"[39m
                        [33maria-haspopup[39m=[32m"menu"[39m
                        [33mclass[39m=[32m"rounded-md px-3 py-1.5 text-sm font-medium text-slate-700 hover:bg-slate-100"[39m
                        [33mtabindex[39m=[32m"-1"[39m
                        [33mtype[39m=[32m"button"[39m
                      [36m>[39m
                        [0mEdit[0m
                      [36m</button>[39m
                    [36m</div>[39m
                    [36m<div[39m
                      [33mclass[39m=[32m"relative"[39m
                    [36m>[39m
                      [36m<button[39m
                        [33maria-controls[39m=[32m"writer-viewmenu-menu"[39m
                        [33maria-expanded[39m=[32m"false"[39m
                        [33maria-haspopup[39m=[32m"menu"[39m
                        [33mclass[39m=[32m"rounded-md px-3 py-1.5 text-sm font-medium text-slate-700 hover:bg-slate-100"[39m
                        [33mtabindex[39m=[32m"-1"[39m
                        [33mtype[39m=[32m"button"[39m
                      [36m>[39m
                        [0mView[0m
                      [36m</button>[39m
                    [36m</div>[39m
                    [36m<div[39m
                      [33mclass[39m=[32m"relative"[39m
                    [36m>[39m
                      [36m<button[39m
                        [33maria-controls[39m=[32m"writer-insertmenu-menu"[39m
                        [33maria-expanded[39m=[32m"false"[39m
                        [33maria-haspopup[39m=[32m"menu"[39m
                        [33mclass[39m=[32m"rounded-md px-3 py-1.5 text-sm font-medium text-slate-700 hover:bg-slate-100"[39m
                        [33mtabindex[39m=[32m"-1"[39m
                        [33mtype[39m=[32m"button"[39m
                      [36m>[39m
                        [0mInsert[0m
                      [36m</button>[39m
                    [36m</div>[39m
                    [36m<div[39m
                      [33mclass[39m=[32m"relative"[39m
                    [36m>[39m
                      [36m<button[39m
                        [33maria-controls[39m=[32m"writer-formatmenu-menu"[39m
                        [33maria-expanded[39m=[32m"false"[39m
                        [33maria-haspopup[39m=[32m"menu"[39m
                        [33mclass[39m=[32m"rounded-md px-3 py-1.5 text-sm font-medium text-slate-700 hover:bg-slate-100"[39m
                        [33mtabindex[39m=[32m"-1"[39m
                        [33mtype[39m=[32m"button"[39m
                      [36m>[39m
                        [0mFormat[0m
                      [36m</button>[39m
                    [36m</div>[39m
                    [36m<div[39m
                      [33mclass[39m=[32m"relative"[39m
                    [36m>[39m
                      [36m<button[39m
                        [33maria-controls[39m=[32m"writer-formatstylesmenu-menu"[39m
                        [33maria-expanded[39m=[32m"false"[39m
                        [33maria-haspopup[39m=[32m"menu"[39m
                        [33mclass[39m=[32m"rounded-md px-3 py-1.5 text-sm font-medium text-slate-700 hover:bg-slate-100"[39m
                        [33mtabindex[39m=[32m"-1"[39m
                        [33mtype[39m=[32m"button"[39m
                      [36m>[39m
                        [0mStyles[0m
                      [36m</button>[39m
                    [36m</div>[39m
                    [36m<div[39m
                      [33mclass[39m=[32m"relative"[39m
                    [36m>[39m
                      [36m<button[39m
                        [33maria-controls[39m=[32m"writer-tablemenu-menu"[39m
                        [33maria-expanded[39m=...
 ❯ timeout src/framework/browser/app/desktop.test.tsx:481:79
    479|       await waitFor(
    480|         /** Waits for the saved title. @returns Nothing. */ () =>
    481|           expect(screen.getByRole("button", { name: "Edit document tit…
       |                                                                               ^
    482|             "First copy",
    483|           ),
 ❯ runWithExpensiveErrorDiagnosticsDisabled ../../node_modules/@testing-library/dom/dist/config.js:47:12
 ❯ checkCallback ../../node_modules/@testing-library/dom/dist/wait-for.js:124:77
 ❯ Timeout.checkRealTimersCallback ../../node_modules/@testing-library/dom/dist/wait-for.js:118:16

⎯⎯⎯⎯⎯⎯⎯⎯⎯⎯⎯⎯⎯⎯⎯⎯⎯⎯⎯⎯⎯⎯⎯⎯[3/3]⎯


 Test Files  1 failed | 152 passed (153)
      Tests  3 failed | 679 passed (682)
   Start at  14:05:14
   Duration  268.56s (transform 5.92s, setup 31.04s, import 30.21s, tests 284.76s, environment 138.83s)

npm error Lifecycle script `test:coverage` failed with error:
npm error code 1
npm error path /Users/odubinkin/Projects/vite-office/apps/office
npm error workspace @vite-office/office@0.1.0
npm error location /Users/odubinkin/Projects/vite-office/apps/office
npm error command failed
npm error command sh -c vitest run --coverage
