
> vite-office@0.1.0 verify
> npm run format:check && npm run lint && npm run typecheck && npm run check:dependencies && npm run check:writer-resources && npm run test:coverage && npm run test:inventory:coverage && npm run test:e2e && npm run test:static && npm run check:docs && npm run check:file-size && npm run check:source-tree && npm run check:source-provenance && npm run inventory:invariants && npm run inventory:parity


> vite-office@0.1.0 format:check
> prettier --check .

Checking formatting...
All matched files use Prettier code style!

> vite-office@0.1.0 lint
> eslint . --max-warnings 0


> vite-office@0.1.0 typecheck
> npm run typecheck:tools && npm run typecheck --workspace @vite-office/office


> vite-office@0.1.0 typecheck:tools
> tsc --project tsconfig.tools.json


> @vite-office/office@0.1.0 typecheck
> tsc --noEmit


> vite-office@0.1.0 check:dependencies
> node scripts/check-module-boundaries.mjs

Module boundary check passed: 207 runtime sources, 854 relative imports, 12 allowed cross-module edges.

> vite-office@0.1.0 check:writer-resources
> tsx scripts/generate-writer-ui-resources.ts --check && vitest run scripts/writer-ui-resource-model.test.ts


 RUN  v4.1.10 /Users/odubinkin/Projects/vite-office


 Test Files  1 passed (1)
      Tests  2 passed (2)
   Start at  13:22:07
   Duration  419ms (transform 55ms, setup 0ms, import 73ms, tests 9ms, environment 0ms)


> vite-office@0.1.0 test:coverage
> npm run test:coverage --workspace @vite-office/office


> @vite-office/office@0.1.0 test:coverage
> vitest run --coverage


 RUN  v4.1.10 /Users/odubinkin/Projects/vite-office/apps/office
      Coverage enabled with v8

 ❯ src/sw/source/filter/xml/odt-roundtrip.test.ts (13 tests | 1 failed) 919ms
     × logs and ignores LibreOffice and unknown style attributes 26ms
 ❯ src/sw/source/filter/xml/odt-filter-service.test.ts (8 tests | 1 failed) 265ms
     × owns and validates a rich worker graph independently from durable storage 54ms
 ❯ src/sw/source/filter/xml/odt-declarations.test.ts (7 tests | 1 failed) 250ms
     × keeps invalid outline and font metadata explicit for later semantic phases 32ms
 ❯ src/sw/source/filter/xml/odt-canonical-state.test.ts (1 test | 1 failed) 67ms
     × rejects unsupported canonical Writer state instead of silently dropping it 63ms

⎯⎯⎯⎯⎯⎯⎯ Failed Tests 4 ⎯⎯⎯⎯⎯⎯⎯

 FAIL  src/sw/source/filter/xml/odt-canonical-state.test.ts > ODT canonical state validation > rejects unsupported canonical Writer state instead of silently dropping it
AssertionError: expected [Function] to throw error including 'WhichId 73' but got 'ODT export cannot resolve style numbe…'

Expected: "WhichId 73"
Received: "ODT export cannot resolve style numbering rule Rule."

 ❯ src/sw/source/filter/xml/odt-canonical-state.test.ts:60:7
     58|       /** Exports an unsupported style item. @returns Styles XML when …
     59|         exportStylesXml(styleItem),
     60|     ).toThrow(`WhichId ${RES_PARATR_NUMRULE}`);
       |       ^
     61|   });
     62| });

⎯⎯⎯⎯⎯⎯⎯⎯⎯⎯⎯⎯⎯⎯⎯⎯⎯⎯⎯⎯⎯⎯⎯⎯[1/4]⎯

 FAIL  src/sw/source/filter/xml/odt-declarations.test.ts > ODT declaration import > keeps invalid outline and font metadata explicit for later semantic phases
AssertionError: expected [ { …(4) }, { …(4) } ] to deeply equal ArrayContaining{…}

- Expected
+ Received

- ArrayContaining [
-   ObjectContaining {
-     "kind": "unsupported-attribute",
-     "name": "style:default-outline-level",
-     "stream": "styles.xml",
-   },
-   ObjectContaining {
+ [
+   {
      "kind": "unsupported-attribute",
      "name": "style:font-family-generic",
+     "path": "office:document-styles/office:styles/style:style/style:text-properties",
      "stream": "styles.xml",
    },
-   ObjectContaining {
+   {
      "kind": "unsupported-attribute",
      "name": "style:font-pitch",
+     "path": "office:document-styles/office:styles/style:style/style:text-properties",
      "stream": "styles.xml",
    },
  ]

 ❯ src/sw/source/filter/xml/odt-declarations.test.ts:86:25
     84|       },
     85|     );
     86|     expect(diagnostics).toEqual(
       |                         ^
     87|       expect.arrayContaining([
     88|         expect.objectContaining({

⎯⎯⎯⎯⎯⎯⎯⎯⎯⎯⎯⎯⎯⎯⎯⎯⎯⎯⎯⎯⎯⎯⎯⎯[2/4]⎯

 FAIL  src/sw/source/filter/xml/odt-filter-service.test.ts > ODT filter service > owns and validates a rich worker graph independently from durable storage
AssertionError: expected { Object (graph, transferVersion) } to deeply equal { Object (graph, transferVersion) }

- Expected
+ Received

@@ -370,10 +370,14 @@
            },
            {
              "value": "list1",
              "which": 83,
            },
+           {
+             "value": 0,
+             "which": 84,
+           },
          ],
          "formatCollId": "heading-1",
          "hints": [
            {
              "end": 6,

 ❯ src/sw/source/filter/xml/odt-filter-service.test.ts:244:47
    242|     const transfer = createOdtWriterTransfer(document);
    243|     const restored = restoreOdtWriterTransfer(transfer);
    244|     expect(createOdtWriterTransfer(restored)).toEqual(transfer);
       |                                               ^
    245|
    246|     expect(

⎯⎯⎯⎯⎯⎯⎯⎯⎯⎯⎯⎯⎯⎯⎯⎯⎯⎯⎯⎯⎯⎯⎯⎯[3/4]⎯

 FAIL  src/sw/source/filter/xml/odt-roundtrip.test.ts > Writer ODF XML filters > logs and ignores LibreOffice and unknown style attributes
AssertionError: expected "warn" to be called with arguments: [ Array(1) ]

Received:

  1st warn call:

  [
-   "Unsupported ODF style attribute ignored: style:default-outline-level",
+   "Unsupported ODF style attribute ignored: fo:color",
  ]


Number of calls: 1

 ❯ src/sw/source/filter/xml/odt-roundtrip.test.ts:823:20
    821|     try {
    822|       expect(importWriterXml(styles, content, metadata()).document.par…
    823|       expect(warn).toHaveBeenCalledWith(
       |                    ^
    824|         "Unsupported ODF style attribute ignored: style:default-outlin…
    825|       );

⎯⎯⎯⎯⎯⎯⎯⎯⎯⎯⎯⎯⎯⎯⎯⎯⎯⎯⎯⎯⎯⎯⎯⎯[4/4]⎯


 Test Files  4 failed | 149 passed (153)
      Tests  4 failed | 676 passed (680)
   Start at  13:22:08
   Duration  306.14s (transform 6.15s, setup 49.96s, import 33.96s, tests 215.70s, environment 231.37s)

npm error Lifecycle script `test:coverage` failed with error:
npm error code 1
npm error path /Users/odubinkin/Projects/vite-office/apps/office
npm error workspace @vite-office/office@0.1.0
npm error location /Users/odubinkin/Projects/vite-office/apps/office
npm error command failed
npm error command sh -c vitest run --coverage
