
> vite-office@0.1.0 verify
> npm run format:check && npm run lint && npm run typecheck && npm run check:dependencies && npm run check:writer-resources && npm run test:coverage && npm run test:inventory:coverage && npm run test:e2e && npm run test:static && npm run check:docs && npm run check:file-size && npm run check:source-tree && npm run check:source-provenance && npm run inventory:invariants && npm run inventory:parity


> vite-office@0.1.0 format:check
> prettier --check .

Checking formatting...
All matched files use Prettier code style!

> vite-office@0.1.0 lint
> eslint . --max-warnings 0


> vite-office@0.1.0 typecheck
> npm run typecheck:tools && npm run typecheck --workspace @vite-office/office


> vite-office@0.1.0 typecheck:tools
> tsc --project tsconfig.tools.json


> @vite-office/office@0.1.0 typecheck
> tsc --noEmit


> vite-office@0.1.0 check:dependencies
> node scripts/check-module-boundaries.mjs

Module boundary check passed: 207 runtime sources, 854 relative imports, 12 allowed cross-module edges.

> vite-office@0.1.0 check:writer-resources
> tsx scripts/generate-writer-ui-resources.ts --check && vitest run scripts/writer-ui-resource-model.test.ts


 RUN  v4.1.10 /Users/odubinkin/Projects/vite-office


 Test Files  1 passed (1)
      Tests  2 passed (2)
   Start at  13:47:28
   Duration  358ms (transform 59ms, setup 0ms, import 82ms, tests 9ms, environment 0ms)


> vite-office@0.1.0 test:coverage
> npm run test:coverage --workspace @vite-office/office


> @vite-office/office@0.1.0 test:coverage
> vitest run --coverage


 RUN  v4.1.10 /Users/odubinkin/Projects/vite-office/apps/office
      Coverage enabled with v8

 ❯ src/sw/browser/presentation/WriterMenuBar.test.tsx (9 tests | 1 failed) 97907ms
     × places implemented Writer commands in accessible top-level menus 36800ms

⎯⎯⎯⎯⎯⎯⎯ Failed Tests 1 ⎯⎯⎯⎯⎯⎯⎯

 FAIL  src/sw/browser/presentation/WriterMenuBar.test.tsx > WriterMenuBar > places implemented Writer commands in accessible top-level menus
Error: Test timed out in 30000ms.
If this is a long-running test, pass a timeout value as the last argument or configure it globally with "testTimeout".
 ❯ defineWriterMenuBarTests src/sw/browser/presentation/WriterMenuBar.test.tsx:96:3
     94|   });
     95|
     96|   it("places implemented Writer commands in accessible top-level menus…
       |   ^
     97|    * Verifies generated supported menus expose only upstream-positione…
     98|    *

⎯⎯⎯⎯⎯⎯⎯⎯⎯⎯⎯⎯⎯⎯⎯⎯⎯⎯⎯⎯⎯⎯⎯⎯[1/1]⎯


 Test Files  1 failed | 152 passed (153)
      Tests  1 failed | 681 passed (682)
   Start at  13:47:30
   Duration  428.72s (transform 35.63s, setup 61.05s, import 78.34s, tests 370.28s, environment 251.08s)

npm error Lifecycle script `test:coverage` failed with error:
npm error code 1
npm error path /Users/odubinkin/Projects/vite-office/apps/office
npm error workspace @vite-office/office@0.1.0
npm error location /Users/odubinkin/Projects/vite-office/apps/office
npm error command failed
npm error command sh -c vitest run --coverage
