
> @vite-office/office@0.1.0 typecheck
> tsc --noEmit

src/sw/source/core/SwNumberTree/SwNumberTree-vector-ownership.test.ts(3,54): error TS2307: Cannot find module '../../../inc/SwNumberTreeTypes' or its corresponding type declarations.
src/sw/source/core/SwNumberTree/SwNumberTree-vector-ownership.test.ts(29,6): error TS2322: Type 'true' is not assignable to type 'false'.
src/sw/source/core/SwNumberTree/SwNumberTree-vector-ownership.test.ts(29,12): error TS2322: Type 'true' is not assignable to type 'false'.
src/sw/source/core/SwNumberTree/SwNumberTree-vector-ownership.test.ts(29,24): error TS2322: Type 'true' is not assignable to type 'false'.
src/sw/source/core/SwNumberTree/SwNumberTree-vector-ownership.test.ts(29,36): error TS2322: Type 'true' is not assignable to type 'false'.
src/sw/source/core/SwNumberTree/SwNumberTree-vector-ownership.test.ts(29,48): error TS2322: Type 'true' is not assignable to type 'false'.
src/sw/source/core/SwNumberTree/SwNumberTree-vector-ownership.test.ts(29,54): error TS2322: Type 'true' is not assignable to type 'false'.
src/sw/source/core/SwNumberTree/SwNumberTree-vector-ownership.test.ts(98,7): error TS4104: The type 'readonly number[]' is 'readonly' and cannot be assigned to the mutable type 'number[]'.
src/sw/source/core/SwNumberTree/SwNumberTree-vector-ownership.test.ts(99,7): error TS4104: The type 'readonly number[]' is 'readonly' and cannot be assigned to the mutable type 'number[]'.
src/sw/source/core/SwNumberTree/SwNumberTree-vector-ownership.test.ts(100,7): error TS4104: The type 'readonly number[]' is 'readonly' and cannot be assigned to the mutable type 'number[]'.
src/sw/source/core/SwNumberTree/SwNumberTree-vector-ownership.test.ts(101,7): error TS4104: The type 'readonly number[]' is 'readonly' and cannot be assigned to the mutable type 'number[]'.
src/sw/source/core/SwNumberTree/SwNumberTree-vector-ownership.test.ts(102,7): error TS4104: The type 'readonly number[]' is 'readonly' and cannot be assigned to the mutable type 'number[]'.
src/sw/source/core/SwNumberTree/SwNumberTree-vector-ownership.test.ts(124,11): error TS4104: The type 'readonly number[]' is 'readonly' and cannot be assigned to the mutable type 'number[]'.
src/sw/source/core/SwNumberTree/SwNumberTree-vector-ownership.test.ts(164,13): error TS4104: The type 'readonly number[]' is 'readonly' and cannot be assigned to the mutable type 'number[]'.
src/sw/source/core/SwNumberTree/SwNumberTree-vector-ownership.test.ts(165,13): error TS4104: The type 'readonly number[]' is 'readonly' and cannot be assigned to the mutable type 'number[]'.
src/sw/source/core/SwNumberTree/SwNumberTree-vector-ownership.test.ts(166,13): error TS4104: The type 'readonly number[]' is 'readonly' and cannot be assigned to the mutable type 'number[]'.
src/sw/source/core/SwNumberTree/SwNumberTree-vector-ownership.test.ts(167,13): error TS4104: The type 'readonly number[]' is 'readonly' and cannot be assigned to the mutable type 'number[]'.
src/sw/source/core/SwNumberTree/SwNumberTree-vector-ownership.test.ts(194,15): error TS4104: The type 'readonly number[]' is 'readonly' and cannot be assigned to the mutable type 'number[]'.
npm error Lifecycle script `typecheck` failed with error:
npm error code 2
npm error path /Users/odubinkin/Projects/vite-office/apps/office
npm error workspace @vite-office/office@0.1.0
npm error location /Users/odubinkin/Projects/vite-office/apps/office
npm error command failed
npm error command sh -c tsc --noEmit
