
 RUN  v4.1.10 /Users/odubinkin/Projects/vite-office/apps/office

 ❯ src/sw/source/core/SwNumberTree/SwNumberTree-vector-ownership.test.ts (4 tests | 2 failed) 16ms
   × obtains the shown record through GetNum and delegates once without changing its returned value 5ms
   × keeps each returned vector independent through phantom depth nine, continuous policy, restarts and reading transitions 8ms

⎯⎯⎯⎯⎯⎯⎯ Failed Tests 2 ⎯⎯⎯⎯⎯⎯⎯

 FAIL  src/sw/source/core/SwNumberTree/SwNumberTree-vector-ownership.test.ts > obtains the shown record through GetNum and delegates once without changing its returned value
AssertionError: expected "GetNum" to be called 1 times, but got 0 times
 ❯ src/sw/source/core/SwNumberTree/SwNumberTree-vector-ownership.test.ts:125:19
    123|     const getVector = vi.spyOn(record, "GetNumberVector");
    124|     const vector: number[] = text.GetNumberVector();
    125|     expect(owner).toHaveBeenCalledTimes(1);
       |                   ^
    126|     expect(getVector).toHaveBeenCalledTimes(1);
    127|     expect(vector).toEqual([7, 5, 3]);

⎯⎯⎯⎯⎯⎯⎯⎯⎯⎯⎯⎯⎯⎯⎯⎯⎯⎯⎯⎯⎯⎯⎯⎯[1/2]⎯

 FAIL  src/sw/source/core/SwNumberTree/SwNumberTree-vector-ownership.test.ts > keeps each returned vector independent through phantom depth nine, continuous policy, restarts and reading transitions
AssertionError: expected [ 7, 7, 7, 7, 7, 7, 7, 7, 7, 8 ] to deeply equal [ 7, 7, 7, 7, 7, 7, 7, 7, 7, 7 ]

- Expected
+ Received

@@ -6,7 +6,7 @@
    7,
    7,
    7,
    7,
    7,
-   7,
+   8,
  ]

 ❯ src/sw/source/core/SwNumberTree/SwNumberTree-vector-ownership.test.ts:173:56
    171|           rule.GetTextNodeList(clients);
    172|           expect(new Set(vectors).size).toBe(4);
    173|           for (const vector of vectors) expect(vector).toEqual(expecte…
       |                                                        ^
    174|           required(vectors[0]).push(91);
    175|           required(vectors[0]).splice(0, 1);

⎯⎯⎯⎯⎯⎯⎯⎯⎯⎯⎯⎯⎯⎯⎯⎯⎯⎯⎯⎯⎯⎯⎯⎯[2/2]⎯


 Test Files  1 failed (1)
      Tests  2 failed | 2 passed (4)
   Start at  01:48:15
   Duration  888ms (transform 175ms, setup 102ms, import 202ms, tests 16ms, environment 482ms)
