
 RUN  v4.1.10 /Users/odubinkin/Projects/vite-office/apps/office

 ❯ src/sw/source/core/txtnode/list-restart-contract.test.ts (2 tests | 1 failed) 27ms
   × matches literal native flag/value states and mutation attempts in normal and reading documents 16ms

⎯⎯⎯⎯⎯⎯⎯ Failed Tests 1 ⎯⎯⎯⎯⎯⎯⎯

 FAIL  src/sw/source/core/txtnode/list-restart-contract.test.ts > matches literal native flag/value states and mutation attempts in normal and reading documents
AssertionError: missing-value-reset-and-flags; reading=false; step=3: expected { restart: true, direct: null, …(3) } to deeply equal { restart: true, direct: null, …(3) }

- Expected
+ Received

@@ -1,11 +1,11 @@
  {
    "calls": [
      [
        "set",
        85,
-       1,
+       true,
      ],
    ],
    "direct": null,
    "effective": 1,
    "restart": true,

 ❯ check src/sw/source/core/txtnode/list-restart-contract.test.ts:53:11
     51|           },
     52|           `${test.name}; reading=${reading}; step=${step}`,
     53|         ).toEqual(test.states[step]);
       |           ^
     54|         states += 1;
     55|         put.mockClear();
 ❯ src/sw/source/core/txtnode/list-restart-contract.test.ts:63:9

⎯⎯⎯⎯⎯⎯⎯⎯⎯⎯⎯⎯⎯⎯⎯⎯⎯⎯⎯⎯⎯⎯⎯⎯[1/1]⎯


 Test Files  1 failed | 8 passed (9)
      Tests  1 failed | 40 passed (41)
   Start at  17:18:13
   Duration  6.49s (transform 1.24s, setup 1.22s, import 1.98s, tests 1.37s, environment 6.46s)

