
 RUN  v4.1.10 /Users/odubinkin/Projects/vite-office/apps/office

 ❯ src/sw/source/core/txtnode/list-restart-contract.test.ts (2 tests | 1 failed) 24ms
   × matches literal native flag/value states and mutation attempts in normal and reading documents 16ms

⎯⎯⎯⎯⎯⎯⎯ Failed Tests 1 ⎯⎯⎯⎯⎯⎯⎯

 FAIL  src/sw/source/core/txtnode/list-restart-contract.test.ts > matches literal native flag/value states and mutation attempts in normal and reading documents
AssertionError: parent-is-not-direct; reading=false; step=0: expected { restart: false, direct: null, …(3) } to deeply equal { restart: false, direct: null, …(3) }

- Expected
+ Received

  {
    "calls": [],
    "direct": null,
-   "effective": 9,
+   "effective": 1,
    "restart": false,
    "start": 9,
  }

 ❯ check src/sw/source/core/txtnode/list-restart-contract.test.ts:53:11
     51|           },
     52|           `${test.name}; reading=${reading}; step=${step}`,
     53|         ).toEqual(test.states[step]);
       |           ^
     54|         states += 1;
     55|         put.mockClear();
 ❯ src/sw/source/core/txtnode/list-restart-contract.test.ts:58:7

⎯⎯⎯⎯⎯⎯⎯⎯⎯⎯⎯⎯⎯⎯⎯⎯⎯⎯⎯⎯⎯⎯⎯⎯[1/1]⎯


 Test Files  1 failed | 8 passed (9)
      Tests  1 failed | 40 passed (41)
   Start at  17:19:41
   Duration  5.52s (transform 1.07s, setup 1.13s, import 1.73s, tests 1.06s, environment 5.72s)

