
 RUN  v4.1.10 /Users/odubinkin/Projects/vite-office/apps/office

 ❯ src/sw/source/core/SwNumberTree/SwNumberTree-insertion-order.test.ts (4 tests | 4 failed) 23ms
   × uses direct unique insertion and skips first-child cleanup, duplicate policies and invalid guards 14ms
   × captures the bound sibling policy before descendant transfer and child cleanup 3ms
   × retains both captured notification decisions when reading changes during suffix comparison 2ms
   × reserves upper-bound lookup for deeper insertion and binds a first child below its phantom 1ms

⎯⎯⎯⎯⎯⎯⎯ Failed Tests 4 ⎯⎯⎯⎯⎯⎯⎯

 FAIL  src/sw/source/core/SwNumberTree/SwNumberTree-insertion-order.test.ts > uses direct unique insertion and skips first-child cleanup, duplicate policies and invalid guards
AssertionError: expected [ 'upper', 'pre', 'lower', …(2) ] to deeply equal [ 'pre', 'lower', 'policy' ]

- Expected
+ Received

  [
+   "upper",
    "pre",
    "lower",
+   "child-clear",
    "policy",
  ]

 ❯ src/sw/source/core/SwNumberTree/SwNumberTree-insertion-order.test.ts:131:26
    129|     expect(first.events).toEqual([]);
    130|     root.AddChild(child, 0, document);
    131|     expect(first.events).toEqual(["pre", "lower", "policy"]);
       |                          ^
    132|     expect(first.policies).toEqual(policy(true));
    133|     expect(first.notification).not.toHaveBeenCalled();

⎯⎯⎯⎯⎯⎯⎯⎯⎯⎯⎯⎯⎯⎯⎯⎯⎯⎯⎯⎯⎯⎯⎯⎯[1/4]⎯

 FAIL  src/sw/source/core/SwNumberTree/SwNumberTree-insertion-order.test.ts > captures the bound sibling policy before descendant transfer and child cleanup
AssertionError: expected [ 'upper', 'pre', 'lower', …(3) ] to deeply equal [ 'pre', 'lower', 'policy', …(1) ]

- Expected
+ Received

  [
+   "upper",
    "pre",
    "lower",
-   "policy",
+   "lower",
    "child-clear",
+   "policy",
  ]

 ❯ src/sw/source/core/SwNumberTree/SwNumberTree-insertion-order.test.ts:160:26
    158|     const trace = observe(root, child, document);
    159|     root.AddChild(child, 0, document);
    160|     expect(trace.events).toEqual(["pre", "lower", "policy", "child-cle…
       |                          ^
    161|     expect(trace.policies).toEqual(policy(true));
    162|     expect([...probe(root).mChildren]).toEqual([first, child]);

⎯⎯⎯⎯⎯⎯⎯⎯⎯⎯⎯⎯⎯⎯⎯⎯⎯⎯⎯⎯⎯⎯⎯⎯[2/4]⎯

 FAIL  src/sw/source/core/SwNumberTree/SwNumberTree-insertion-order.test.ts > retains both captured notification decisions when reading changes during suffix comparison
AssertionError: expected [ 'upper', 'pre', 'flip', …(9) ] to deeply equal [ 'pre', 'lower', 'policy', …(2) ]

- Expected
+ Received

  [
+   "upper",
    "pre",
+   "flip",
    "lower",
+   "lower",
+   "child-clear",
    "policy",
-   "flip",
-   "child-clear",
+   "lower",
+   "policy",
+   "lower",
+   "lower",
+   "lower",
  ]

 ❯ src/sw/source/core/SwNumberTree/SwNumberTree-insertion-order.test.ts:194:28
    192|       );
    193|       root.AddChild(child, 0, document);
    194|       expect(trace.events).toEqual(["pre", "lower", "policy", "flip", …
       |                            ^
    195|       expect(trace.policies).toEqual(policy(reading));
    196|       expect(trace.notification).toHaveBeenCalledTimes(reading ? 0 : 1…

⎯⎯⎯⎯⎯⎯⎯⎯⎯⎯⎯⎯⎯⎯⎯⎯⎯⎯⎯⎯⎯⎯⎯⎯[3/4]⎯

 FAIL  src/sw/source/core/SwNumberTree/SwNumberTree-insertion-order.test.ts > reserves upper-bound lookup for deeper insertion and binds a first child below its phantom
AssertionError: expected [ 'upper', 'lower', 'pre', …(3) ] to deeply equal [ 'upper', 'lower', 'pre', 'policy' ]

- Expected
+ Received

  [
    "upper",
    "lower",
    "pre",
+   "child-clear",
+   "lower",
    "policy",
  ]

 ❯ src/sw/source/core/SwNumberTree/SwNumberTree-insertion-order.test.ts:215:26
    213|     const trace = observe(root, child, document);
    214|     root.AddChild(child, 1, document);
    215|     expect(trace.events).toEqual(["upper", "lower", "pre", "policy"]);
       |                          ^
    216|     expect(trace.policies).toEqual(policy(true));
    217|     const phantom = required(child.GetParent());

⎯⎯⎯⎯⎯⎯⎯⎯⎯⎯⎯⎯⎯⎯⎯⎯⎯⎯⎯⎯⎯⎯⎯⎯[4/4]⎯


 Test Files  1 failed (1)
      Tests  4 failed (4)
   Start at  14:29:50
   Duration  1.40s (transform 300ms, setup 158ms, import 344ms, tests 23ms, environment 726ms)

