
> vite-office@0.1.0 verify
> npm run format:check && npm run lint && npm run typecheck && npm run check:dependencies && npm run check:writer-resources && npm run test:coverage && npm run test:inventory:coverage && npm run test:e2e && npm run test:static && npm run check:docs && npm run check:file-size && npm run check:source-tree && npm run check:source-provenance && npm run inventory:invariants && npm run inventory:parity


> vite-office@0.1.0 format:check
> prettier --check .

Checking formatting...
All matched files use Prettier code style!

> vite-office@0.1.0 lint
> eslint . --max-warnings 0


> vite-office@0.1.0 typecheck
> npm run typecheck:tools && npm run typecheck --workspace @vite-office/office


> vite-office@0.1.0 typecheck:tools
> tsc --project tsconfig.tools.json


> @vite-office/office@0.1.0 typecheck
> tsc --noEmit


> vite-office@0.1.0 check:dependencies
> node scripts/check-module-boundaries.mjs

Module boundary check passed: 213 runtime sources, 887 relative imports, 14 allowed cross-module edges.

> vite-office@0.1.0 check:writer-resources
> tsx scripts/generate-writer-ui-resources.ts --check && vitest run scripts/writer-ui-resource-model.test.ts


 RUN  v4.1.10 /Users/odubinkin/Projects/vite-office


 Test Files  1 passed (1)
      Tests  2 passed (2)
   Start at  14:36:25
   Duration  202ms (transform 35ms, setup 0ms, import 48ms, tests 5ms, environment 0ms)


> vite-office@0.1.0 test:coverage
> npm run test:coverage --workspace @vite-office/office


> @vite-office/office@0.1.0 test:coverage
> vitest run --coverage


 RUN  v4.1.10 /Users/odubinkin/Projects/vite-office/apps/office
      Coverage enabled with v8


 Test Files  175 passed (175)
      Tests  775 passed (775)
   Start at  14:36:26
   Duration  165.30s (transform 4.39s, setup 24.69s, import 20.80s, tests 118.90s, environment 119.19s)

 % Coverage report from v8
-------------------|---------|----------|---------|---------|-------------------
File               | % Stmts | % Branch | % Funcs | % Lines | Uncovered Line #s
-------------------|---------|----------|---------|---------|-------------------
-------------------|---------|----------|---------|---------|-------------------

=============================== Coverage summary ===============================
Statements   : 100% ( 10995/10995 )
Branches     : 100% ( 8297/8297 )
Functions    : 100% ( 2948/2948 )
Lines        : 100% ( 10088/10088 )
================================================================================

> vite-office@0.1.0 test:inventory:coverage
> vitest run --config scripts/libreoffice-inventory/vitest.config.ts --coverage


 RUN  v4.1.10 /Users/odubinkin/Projects/vite-office
      Coverage enabled with v8

 ❯ scripts/libreoffice-inventory/parity-mapping-cli.test.ts (3 tests | 1 failed) 147ms
     × composes the Writer mapping report with owned upstream marker evidence 140ms

⎯⎯⎯⎯⎯⎯⎯ Failed Tests 1 ⎯⎯⎯⎯⎯⎯⎯

 FAIL  scripts/libreoffice-inventory/parity-mapping-cli.test.ts > parity mapping CLI > composes the Writer mapping report with owned upstream marker evidence
Error: Runtime source responsibility is invalid for apps/office/src/sw/source/core/SwNumberTree/SwNumberTree.ts.
 ❯ parseSourceResponsibility scripts/libreoffice-inventory/runtime-inventory.ts:500:11
    498|     candidate !== "unverified"
    499|   )
    500|     throw new Error(`Runtime source responsibility is invalid for ${mo…
       |           ^
    501|   return candidate;
    502| }
 ❯ parseSemanticProvenance scripts/libreoffice-inventory/runtime-inventory.ts:458:27
 ❯ parseModule scripts/libreoffice-inventory/runtime-inventory.ts:515:20
 ❯ parseRuntimeInventoryManifest scripts/libreoffice-inventory/runtime-inventory.ts:105:57
 ❯ runParityMappingCli scripts/libreoffice-inventory/parity-mapping-cli.ts:113:27
 ❯ runsProductionValidation scripts/libreoffice-inventory/parity-mapping-cli.test.ts:84:5

⎯⎯⎯⎯⎯⎯⎯⎯⎯⎯⎯⎯⎯⎯⎯⎯⎯⎯⎯⎯⎯⎯⎯⎯[1/1]⎯


 Test Files  1 failed | 35 passed (36)
      Tests  1 failed | 108 passed (109)
   Start at  14:39:12
   Duration  32.08s (transform 1.02s, setup 0ms, import 2.52s, tests 24.42s, environment 3ms)

