
> @vite-office/office@0.1.0 typecheck
> tsc --noEmit

src/sw/source/core/SwNumberTree/SwNumberTree-helper-contracts.test.ts(11,40): error TS2341: Property 'Validate' is private and only accessible within class 'SwNumberTreeNode'.
src/sw/source/core/SwNumberTree/SwNumberTree-helper-contracts.test.ts(13,39): error TS2341: Property 'HasOnlyPhantoms' is private and only accessible within class 'SwNumberTreeNode'.
src/sw/source/core/SwNumberTree/SwNumberTree-helper-contracts.test.ts(17,36): error TS2341: Property 'GetFirstNonPhantomChild' is private and only accessible within class 'SwNumberTreeNode'.
src/sw/source/core/SwNumberTree/SwNumberTree-helper-contracts.test.ts(19,34): error TS2341: Property 'MoveChildren' is private and only accessible within class 'SwNumberTreeNode'.
src/sw/source/core/SwNumberTree/SwNumberTree-helper-contracts.test.ts(21,36): error TS2341: Property 'MoveGreaterChildren' is private and only accessible within class 'SwNumberTreeNode'.
src/sw/source/core/SwNumberTree/SwNumberTree-helper-contracts.test.ts(49,6): error TS2322: Type 'true' is not assignable to type 'false'.
src/sw/source/core/SwNumberTree/SwNumberTree-helper-contracts.test.ts(49,30): error TS2322: Type 'true' is not assignable to type 'false'.
src/sw/source/core/SwNumberTree/SwNumberTree-helper-contracts.test.ts(49,78): error TS2322: Type 'true' is not assignable to type 'false'.
src/sw/source/core/SwNumberTree/SwNumberTree-helper-contracts.test.ts(49,84): error TS2322: Type 'true' is not assignable to type 'false'.
src/sw/source/core/SwNumberTree/SwNumberTree-helper-contracts.test.ts(133,23): error TS2345: Argument of type 'undefined' is not assignable to parameter of type 'SwNumberTreeNode'.
src/sw/source/core/SwNumberTree/SwNumberTree-helper-contracts.test.ts(134,17): error TS2345: Argument of type 'undefined' is not assignable to parameter of type 'SwNumberTreeNode'.
src/sw/source/core/SwNumberTree/SwNumberTree-helper-contracts.test.ts(149,28): error TS2345: Argument of type 'undefined' is not assignable to parameter of type 'SwNumberTreeNode'.
npm error Lifecycle script `typecheck` failed with error:
npm error code 2
npm error path /Users/odubinkin/Projects/vite-office/apps/office
npm error workspace @vite-office/office@0.1.0
npm error location /Users/odubinkin/Projects/vite-office/apps/office
npm error command failed
npm error command sh -c tsc --noEmit
