
 RUN  v4.1.10 /Users/odubinkin/Projects/vite-office/apps/office

 ❯ src/sw/source/core/SwNumberTree/SwNumberTree-phantoms.test.ts (2 tests | 1 failed) 34ms
   × preserves native phantom topology through sorted insertion 31ms
 ❯ src/sw/source/core/SwNumberTree/SwNumberTree.test.ts (6 tests | 1 failed) 49ms
   × retains native first uncounted descendant and nested sibling rules 14ms
 ❯ src/sw/source/core/txtnode/node-numbering-lifecycle.test.ts (4 tests | 2 failed) 48ms
   × owns records in text nodes and leaves an unrelated tail unvalidated 28ms
   × restricts automatic ownership to connected document nodes and retains orphan contracts 6ms

⎯⎯⎯⎯⎯⎯⎯ Failed Tests 4 ⎯⎯⎯⎯⎯⎯⎯

 FAIL  src/sw/source/core/SwNumberTree/SwNumberTree-phantoms.test.ts > preserves native phantom topology through sorted insertion
AssertionError: expected [ [ 6, 5, 2 ], [ 6, 5, 3 ], …(2) ] to deeply equal [ [ 7, 5, 2 ], [ 7, 5, 3 ], …(2) ]

- Expected
+ Received

  [
    [
-     7,
+     6,
      5,
      2,
    ],
    [
-     7,
+     6,
      5,
      3,
    ],
    [
-     8,
+     7,
    ],
    [
-     8,
+     7,
      5,
      3,
    ],
  ]

 ❯ src/sw/source/core/SwNumberTree/SwNumberTree-phantoms.test.ts:239:9
    237|           (record) => record.GetNumberVector(),
    238|         ),
    239|       ).toEqual(test.vectors);
       |         ^
    240|       records.forEach(
    241|         /** Verifies independently supplied insertion levels. @param r…

⎯⎯⎯⎯⎯⎯⎯⎯⎯⎯⎯⎯⎯⎯⎯⎯⎯⎯⎯⎯⎯⎯⎯⎯[1/4]⎯

 FAIL  src/sw/source/core/SwNumberTree/SwNumberTree.test.ts > retains native first uncounted descendant and nested sibling rules
AssertionError: expected [ -1, +0, +0, +0 ] to deeply equal [ +0, +0, +0, 1 ]

- Expected
+ Received

  [
+   -1,
    0,
    0,
    0,
-   1,
  ]

 ❯ src/sw/source/core/SwNumberTree/SwNumberTree.test.ts:135:7
    133|           node.GetListItemNumber(),
    134|       ),
    135|     ).toEqual(values);
       |       ^
    136|   }
    137|   const { nodes, list } = fixture([

⎯⎯⎯⎯⎯⎯⎯⎯⎯⎯⎯⎯⎯⎯⎯⎯⎯⎯⎯⎯⎯⎯⎯⎯[2/4]⎯

 FAIL  src/sw/source/core/txtnode/node-numbering-lifecycle.test.ts > owns records in text nodes and leaves an unrelated tail unvalidated
AssertionError: expected 8 to be +0 // Object.is equality

- Expected
+ Received

- 0
+ 8

 ❯ src/sw/source/core/txtnode/node-numbering-lifecycle.test.ts:32:35
     30|   const firstRecord = first.GetNum();
     31|   expect(record.GetNumRule()).toBe(rule);
     32|   expect(record.GetNumber(false)).toBe(0);
       |                                   ^
     33|   expect(first.GetListItemNumber()).toBe(7);
     34|   expect(record.GetNumber(false)).toBe(0);

⎯⎯⎯⎯⎯⎯⎯⎯⎯⎯⎯⎯⎯⎯⎯⎯⎯⎯⎯⎯⎯⎯⎯⎯[3/4]⎯

 FAIL  src/sw/source/core/txtnode/node-numbering-lifecycle.test.ts > restricts automatic ownership to connected document nodes and retains orphan contracts
AssertionError: expected false to be true // Object.is equality

- Expected
+ Received

- true
+ false

 ❯ src/sw/source/core/txtnode/node-numbering-lifecycle.test.ts:174:27
    172|   node.RemoveFromList();
    173|   node.SetNumRule("unknown");
    174|   expect(node.IsInList()).toBe(true);
       |                           ^
    175|   expect(node.GetNum()?.GetNumRule()).toBeUndefined();
    176|   expect(node.HasNumber()).toBe(false);

⎯⎯⎯⎯⎯⎯⎯⎯⎯⎯⎯⎯⎯⎯⎯⎯⎯⎯⎯⎯⎯⎯⎯⎯[4/4]⎯


 Test Files  3 failed | 6 passed (9)
      Tests  4 failed | 30 passed (34)
   Start at  15:00:42
   Duration  8.91s (transform 1.85s, setup 1.91s, import 2.97s, tests 545ms, environment 9.59s)

