
 RUN  v4.1.10 /Users/odubinkin/Projects/vite-office/apps/office

 ❯ src/sw/source/filter/xml/odt-list-start-normalization.test.ts (1 test | 1 failed) 33ms
   × normalizes native ordinary starts and ignores header starts across document boundaries 33ms

⎯⎯⎯⎯⎯⎯⎯ Failed Tests 1 ⎯⎯⎯⎯⎯⎯⎯

 FAIL  src/sw/source/filter/xml/odt-list-start-normalization.test.ts > normalizes native ordinary starts and ignores header starts across document boundaries
AssertionError: expected [ 1, 2, 3, 4 ] to deeply equal [ +0, 1, 1, 2 ]

- Expected
+ Received

  [
-   0,
-   1,
    1,
    2,
+   3,
+   4,
  ]

 ❯ src/sw/source/filter/xml/odt-list-start-normalization.test.ts:161:11
    159|             /** Reads number. @param node - State. @returns Number. */…
    160|           ),
    161|         ).toEqual(numbers);
       |           ^
    162|         expect(
    163|           actual.map(

⎯⎯⎯⎯⎯⎯⎯⎯⎯⎯⎯⎯⎯⎯⎯⎯⎯⎯⎯⎯⎯⎯⎯⎯[1/1]⎯


 Test Files  1 failed (1)
      Tests  1 failed (1)
   Start at  15:16:52
   Duration  1.12s (transform 298ms, setup 119ms, import 348ms, tests 33ms, environment 522ms)

