
> vite-office@0.1.0 verify
> npm run format:check && npm run lint && npm run typecheck && npm run check:dependencies && npm run check:writer-resources && npm run test:coverage && npm run test:inventory:coverage && npm run test:e2e && npm run test:static && npm run check:docs && npm run check:file-size && npm run check:source-tree && npm run check:source-provenance && npm run inventory:invariants && npm run inventory:parity


> vite-office@0.1.0 format:check
> prettier --check .

Checking formatting...
All matched files use Prettier code style!

> vite-office@0.1.0 lint
> eslint . --max-warnings 0


> vite-office@0.1.0 typecheck
> npm run typecheck:tools && npm run typecheck --workspace @vite-office/office


> vite-office@0.1.0 typecheck:tools
> tsc --project tsconfig.tools.json


> @vite-office/office@0.1.0 typecheck
> tsc --noEmit


> vite-office@0.1.0 check:dependencies
> node scripts/check-module-boundaries.mjs

Module boundary check passed: 209 runtime sources, 867 relative imports, 12 allowed cross-module edges.

> vite-office@0.1.0 check:writer-resources
> tsx scripts/generate-writer-ui-resources.ts --check && vitest run scripts/writer-ui-resource-model.test.ts


 RUN  v4.1.10 /Users/odubinkin/Projects/vite-office


 Test Files  1 passed (1)
      Tests  2 passed (2)
   Start at  15:13:42
   Duration  151ms (transform 28ms, setup 0ms, import 37ms, tests 4ms, environment 0ms)


> vite-office@0.1.0 test:coverage
> npm run test:coverage --workspace @vite-office/office


> @vite-office/office@0.1.0 test:coverage
> vitest run --coverage


 RUN  v4.1.10 /Users/odubinkin/Projects/vite-office/apps/office
      Coverage enabled with v8

 ❯ src/sw/source/filter/xml/odt-list-start-normalization.test.ts (1 test | 1 failed) 67ms
   × normalizes native ordinary starts and ignores header starts across document boundaries 65ms
 ❯ src/sw/source/filter/xml/odt-list-headers-roundtrip.test.ts (2 tests | 1 failed) 1115ms
   × round-trips native headers and unnumbered item continuations 1103ms
 ❯ src/sw/source/filter/xml/odt-list-implicit-restart.test.ts (1 test | 1 failed) 3234ms
   × exports native implicit restart positions and direct starts through genuine ODT 3233ms
 ❯ src/sw/source/filter/xml/odt-list-sublist-restart.test.ts (1 test | 1 failed) 464ms
   × imports native repeated-sublist restart and pending return through real packages 463ms
 ❯ src/sw/source/filter/xml/odt-list-continuation.test.ts (1 test | 1 failed) 59855ms
   × imports native root continuation and default IDs through common and automatic ODT cycles 59854ms

⎯⎯⎯⎯⎯⎯⎯ Failed Tests 5 ⎯⎯⎯⎯⎯⎯⎯

 FAIL  src/sw/source/filter/xml/odt-list-continuation.test.ts > imports native root continuation and default IDs through common and automatic ODT cycles
AssertionError: header consumes root restart/false/true: expected [ { text: 'a', …(10) }, …(4) ] to deeply equal [ { text: 'a', …(10) }, …(4) ]

- Expected
+ Received

@@ -46,30 +46,30 @@
      "counted": false,
      "direct": undefined,
      "id": "Counters",
      "label": undefined,
      "level": 0,
-     "number": 2,
+     "number": 1,
      "restart": true,
      "rule": "Counters",
      "start": 1,
      "text": "header",
      "vector": [
-       2,
+       1,
      ],
    },
    {
      "counted": true,
      "direct": undefined,
      "id": "Counters",
      "label": "●",
      "level": 0,
-     "number": 3,
+     "number": 2,
      "restart": false,
      "rule": "Counters",
      "start": 1,
      "text": "c",
      "vector": [
-       3,
+       2,
      ],
    },
  ]

 ❯ src/sw/source/filter/xml/odt-list-continuation.test.ts:445:66
    443|             );
    444|           }
    445|           expect(state(doc), `${test.name}/${common}/${bullet}`).toEqu…
       |                                                                  ^
    446|           const copied = createWriterDocument();
    447|           for (const name of ["Counters", "Other"]) {

⎯⎯⎯⎯⎯⎯⎯⎯⎯⎯⎯⎯⎯⎯⎯⎯⎯⎯⎯⎯⎯⎯⎯⎯[1/5]⎯

 FAIL  src/sw/source/filter/xml/odt-list-headers-roundtrip.test.ts > round-trips native headers and unnumbered item continuations
AssertionError: expected [ …(4) ] to deeply equal [ …(4) ]

- Expected
+ Received

@@ -1,15 +1,15 @@
  [
    {
      "counted": false,
      "label": undefined,
      "level": 0,
-     "number": 0,
+     "number": 1,
      "restart": false,
      "text": "bullet header",
      "vector": [
-       0,
+       1,
      ],
    },
    {
      "counted": true,
      "label": "●",
@@ -23,24 +23,24 @@
    },
    {
      "counted": false,
      "label": undefined,
      "level": 0,
-     "number": 0,
+     "number": 1,
      "restart": false,
      "text": "bullet tail",
      "vector": [
-       0,
+       1,
      ],
    },
    {
      "counted": true,
      "label": "●",
      "level": 0,
-     "number": 1,
+     "number": 2,
      "restart": false,
      "text": "next",
      "vector": [
-       1,
+       2,
      ],
    },
  ]

 ❯ src/sw/source/filter/xml/odt-list-headers-roundtrip.test.ts:263:40
    261|         }),
    262|       );
    263|       expect(state(imported.document)).toEqual(expected);
       |                                        ^
    264|       const rule = imported.document.FindNumRulePtr("Headers") as SwNu…
    265|       const copied = createWriterDocument();

⎯⎯⎯⎯⎯⎯⎯⎯⎯⎯⎯⎯⎯⎯⎯⎯⎯⎯⎯⎯⎯⎯⎯⎯[2/5]⎯

 FAIL  src/sw/source/filter/xml/odt-list-implicit-restart.test.ts > exports native implicit restart positions and direct starts through genuine ODT
AssertionError: expected [ { text: 'header', …(10) }, …(1) ] to deeply equal [ { text: 'header', …(10) }, …(1) ]

- Expected
+ Received

@@ -3,30 +3,30 @@
      "counted": false,
      "direct": 2,
      "identity": "Restart",
      "label": undefined,
      "level": 0,
-     "number": 1,
+     "number": 2,
      "restart": true,
      "rule": "Restart",
      "start": 2,
      "text": "header",
      "vector": [
-       1,
+       2,
      ],
    },
    {
      "counted": true,
      "direct": undefined,
      "identity": "Restart",
      "label": "●",
      "level": 0,
-     "number": 2,
+     "number": 3,
      "restart": false,
      "rule": "Restart",
      "start": 1,
      "text": "next",
      "vector": [
-       2,
+       3,
      ],
    },
  ]

 ❯ src/sw/source/filter/xml/odt-list-implicit-restart.test.ts:382:31
    380|         const worker = decodeWriterDocument(record);
    381|         expect(worker.FindNumRulePtr("Restart")).not.toBe(rule);
    382|         expect(state(worker)).toEqual(expected(test.before));
       |                               ^
    383|         const bytes = writeOdtDocument(doc, { title: "Restart" });
    384|         const xml = await new ZipFile(bytes).readTextEntry("content.xm…

⎯⎯⎯⎯⎯⎯⎯⎯⎯⎯⎯⎯⎯⎯⎯⎯⎯⎯⎯⎯⎯⎯⎯⎯[3/5]⎯

 FAIL  src/sw/source/filter/xml/odt-list-start-normalization.test.ts > normalizes native ordinary starts and ignores header starts across document boundaries
AssertionError: expected [ 1, 2, 3, 4 ] to deeply equal [ +0, 1, 1, 2 ]

- Expected
+ Received

  [
-   0,
-   1,
    1,
    2,
+   3,
+   4,
  ]

 ❯ src/sw/source/filter/xml/odt-list-start-normalization.test.ts:161:11
    159|             /** Reads number. @param node - State. @returns Number. */…
    160|           ),
    161|         ).toEqual(numbers);
       |           ^
    162|         expect(
    163|           actual.map(

⎯⎯⎯⎯⎯⎯⎯⎯⎯⎯⎯⎯⎯⎯⎯⎯⎯⎯⎯⎯⎯⎯⎯⎯[4/5]⎯

 FAIL  src/sw/source/filter/xml/odt-list-sublist-restart.test.ts > imports native repeated-sublist restart and pending return through real packages
AssertionError: expected [ …(7) ] to deeply equal [ …(7) ]

- Expected
+ Received

@@ -57,41 +57,41 @@
    {
      "counted": false,
      "explicit": undefined,
      "label": undefined,
      "level": 1,
-     "number": 1,
+     "number": 2,
      "restart": false,
      "start": 1,
      "text": "tail",
      "vector": [
-       1,
        1,
+       2,
      ],
    },
    {
      "counted": false,
      "explicit": undefined,
      "label": undefined,
      "level": 0,
-     "number": 1,
+     "number": 2,
      "restart": false,
      "start": 1,
      "text": "after",
      "vector": [
-       1,
+       2,
      ],
    },
    {
      "counted": true,
      "explicit": undefined,
      "label": "●",
      "level": 0,
-     "number": 2,
+     "number": 3,
      "restart": false,
      "start": 1,
      "text": "next",
      "vector": [
-       2,
+       3,
      ],
    },
  ]

 ❯ src/sw/source/filter/xml/odt-list-sublist-restart.test.ts:222:33
    220|           })
    221|         ).document;
    222|         expect(state(imported)).toEqual(expected);
       |                                 ^
    223|         const rule = imported.FindNumRulePtr("Sublist") as SwNumRule;
    224|         const copied = createWriterDocument();

⎯⎯⎯⎯⎯⎯⎯⎯⎯⎯⎯⎯⎯⎯⎯⎯⎯⎯⎯⎯⎯⎯⎯⎯[5/5]⎯


 Test Files  5 failed | 150 passed (155)
      Tests  5 failed | 684 passed (689)
   Start at  15:13:43
   Duration  169.61s (transform 3.65s, setup 24.97s, import 17.18s, tests 139.12s, environment 112.10s)

npm error Lifecycle script `test:coverage` failed with error:
npm error code 1
npm error path /Users/odubinkin/Projects/vite-office/apps/office
npm error workspace @vite-office/office@0.1.0
npm error location /Users/odubinkin/Projects/vite-office/apps/office
npm error command failed
npm error command sh -c vitest run --coverage
