
 RUN  v4.1.10 /Users/odubinkin/Projects/vite-office/apps/office

 ❯ src/sw/source/core/doc/number-pointer.test.ts (5 tests | 1 failed) 100ms
   × keeps pointer assigned live rule reads and sparse ownership through actual document and Worker paths 13ms

⎯⎯⎯⎯⎯⎯⎯ Failed Tests 1 ⎯⎯⎯⎯⎯⎯⎯

 FAIL  src/sw/source/core/doc/number-pointer.test.ts > keeps pointer assigned live rule reads and sparse ownership through actual document and Worker paths
AssertionError: expected [ 4, true, 8226, false, '', 1, …(13) ] to deeply equal [ 5, true, 8226, false, '', 1, …(13) ]

- Expected
+ Received

@@ -1,7 +1,7 @@
  [
-   5,
+   4,
    true,
    8226,
    false,
    "",
    1,
@@ -12,10 +12,10 @@
    -360,
    720,
    720,
    0,
    1,
-   "",
-   ")",
-   false,
    "",
+   ".",
+   true,
+   "%1%.",
  ]

 ❯ src/sw/source/core/doc/number-pointer.test.ts:302:80
    300|   expect(rule.MakeNumString([1], 0)).toBe(")");
    301|   const copied = decodeWriterDocument(encodeWriterDocument(doc));
    302|   expect(state(copied.FindNumRulePtr("attached")?.Get(0) as ConstSwNum…
       |                                                                                ^
    303|   copied.Dispose();
    304|   rule.SetByPointer(0, undefined);

⎯⎯⎯⎯⎯⎯⎯⎯⎯⎯⎯⎯⎯⎯⎯⎯⎯⎯⎯⎯⎯⎯⎯⎯[1/1]⎯


 Test Files  1 failed | 3 passed (4)
      Tests  1 failed | 18 passed (19)
   Start at  20:50:22
   Duration  1.99s (transform 501ms, setup 397ms, import 676ms, tests 261ms, environment 2.28s)

