
 RUN  v4.1.10 /Users/odubinkin/Projects/vite-office/apps/office

 ❯ src/sw/source/core/doc/number-pointer.test.ts (5 tests | 5 failed) 8ms
   × matches native pointer and reference Set identity validity and every implemented field 4ms
   × matches native absent pointer defaults and protects stable const references 0ms
   × matches native base Writer assignment self alias and optional font copies 0ms
   × matches native same modify assignment copy and detach responsibilities 0ms
   × keeps pointer assigned live rule reads and sparse ownership through actual document and Worker paths 3ms

⎯⎯⎯⎯⎯⎯⎯ Failed Tests 5 ⎯⎯⎯⎯⎯⎯⎯

 FAIL  src/sw/source/core/doc/number-pointer.test.ts > matches native pointer and reference Set identity validity and every implemented field
TypeError: rule.SetByPointer is not a function
 ❯ src/sw/source/core/doc/number-pointer.test.ts:59:27


⎯⎯⎯⎯⎯⎯⎯⎯⎯⎯⎯⎯⎯⎯⎯⎯⎯⎯⎯⎯⎯⎯⎯⎯[1/5]⎯

 FAIL  src/sw/source/core/doc/number-pointer.test.ts > matches native absent pointer defaults and protects stable const references
TypeError: rule.SetByPointer is not a function
 ❯ src/sw/source/core/doc/number-pointer.test.ts:69:145
     67| it("matches native absent pointer defaults and protects stable const r…
     68|  for(const [mode,type,present,owned,same,invalid,value] of native.nati…
     69|  const rule=new SwNumRule("sparse",modeName(mode as number),type as Sw…
       |                                                                                                                                                 ^
     70|  expect(rule.GetNumFormat(2)!==undefined).toBe(owned);expect(rule.Get(…
     71|  expect(Object.isFrozen(rule.Get(2))).toBe(true);

⎯⎯⎯⎯⎯⎯⎯⎯⎯⎯⎯⎯⎯⎯⎯⎯⎯⎯⎯⎯⎯⎯⎯⎯[2/5]⎯

 FAIL  src/sw/source/core/doc/number-pointer.test.ts > matches native base Writer assignment self alias and optional font copies
TypeError: base.Assign is not a function
 ❯ src/sw/source/core/doc/number-pointer.test.ts:83:14


⎯⎯⎯⎯⎯⎯⎯⎯⎯⎯⎯⎯⎯⎯⎯⎯⎯⎯⎯⎯⎯⎯⎯⎯[3/5]⎯

 FAIL  src/sw/source/core/doc/number-pointer.test.ts > matches native same modify assignment copy and detach responsibilities
TypeError: client.StartListeningToSameModifyAs is not a function
 ❯ src/sw/source/core/doc/number-pointer.test.ts:93:9
     91|  const first=new SwClient(callback),second=new SwClient(callback),empt…
     92|  for(const [index,source] of [empty,first,first,second,empty,client].e…
     93|  client.StartListeningToSameModifyAs(source);recipients=0;a.Broadcast(…
       |         ^
     94|  expect([client.GetRegisteredIn()===a?1:client.GetRegisteredIn()===b?2…
     95|  }

⎯⎯⎯⎯⎯⎯⎯⎯⎯⎯⎯⎯⎯⎯⎯⎯⎯⎯⎯⎯⎯⎯⎯⎯[4/5]⎯

 FAIL  src/sw/source/core/doc/number-pointer.test.ts > keeps pointer assigned live rule reads and sparse ownership through actual document and Worker paths
TypeError: rule.SetByPointer is not a function
 ❯ src/sw/source/core/doc/number-pointer.test.ts:104:60


⎯⎯⎯⎯⎯⎯⎯⎯⎯⎯⎯⎯⎯⎯⎯⎯⎯⎯⎯⎯⎯⎯⎯⎯[5/5]⎯


 Test Files  1 failed (1)
      Tests  5 failed (5)
   Start at  20:47:31
   Duration  1.09s (transform 249ms, setup 131ms, import 295ms, tests 8ms, environment 557ms)

