
> vite-office@0.1.0 verify
> npm run format:check && npm run lint && npm run typecheck && npm run check:dependencies && npm run check:writer-resources && npm run test:coverage && npm run test:inventory:coverage && npm run test:e2e && npm run test:static && npm run check:docs && npm run check:file-size && npm run check:source-tree && npm run check:source-provenance && npm run inventory:invariants && npm run inventory:parity


> vite-office@0.1.0 format:check
> prettier --check .

Checking formatting...
All matched files use Prettier code style!

> vite-office@0.1.0 lint
> eslint . --max-warnings 0


> vite-office@0.1.0 typecheck
> npm run typecheck:tools && npm run typecheck --workspace @vite-office/office


> vite-office@0.1.0 typecheck:tools
> tsc --project tsconfig.tools.json


> @vite-office/office@0.1.0 typecheck
> tsc --noEmit


> vite-office@0.1.0 check:dependencies
> node scripts/check-module-boundaries.mjs

Module boundary check passed: 197 runtime sources, 812 relative imports, 12 allowed cross-module edges.

> vite-office@0.1.0 check:writer-resources
> tsx scripts/generate-writer-ui-resources.ts --check && vitest run scripts/writer-ui-resource-model.test.ts


 RUN  v4.1.10 /Users/odubinkin/Projects/vite-office


 Test Files  1 passed (1)
      Tests  2 passed (2)
   Start at  03:56:55
   Duration  124ms (transform 25ms, setup 0ms, import 34ms, tests 3ms, environment 0ms)


> vite-office@0.1.0 test:coverage
> npm run test:coverage --workspace @vite-office/office


> @vite-office/office@0.1.0 test:coverage
> vitest run --coverage


 RUN  v4.1.10 /Users/odubinkin/Projects/vite-office/apps/office
      Coverage enabled with v8


 Test Files  128 passed (128)
      Tests  604 passed (604)
   Start at  03:56:56
   Duration  67.28s (transform 1.94s, setup 9.41s, import 7.92s, tests 52.64s, environment 45.54s)

 % Coverage report from v8
-------------------|---------|----------|---------|---------|-------------------
File               | % Stmts | % Branch | % Funcs | % Lines | Uncovered Line #s 
-------------------|---------|----------|---------|---------|-------------------
-------------------|---------|----------|---------|---------|-------------------

=============================== Coverage summary ===============================
Statements   : 100% ( 9655/9655 )
Branches     : 100% ( 7214/7214 )
Functions    : 100% ( 2691/2691 )
Lines        : 100% ( 8891/8891 )
================================================================================

> vite-office@0.1.0 test:inventory:coverage
> vitest run --config scripts/libreoffice-inventory/vitest.config.ts --coverage


 RUN  v4.1.10 /Users/odubinkin/Projects/vite-office
      Coverage enabled with v8

 ❯ scripts/libreoffice-inventory/odt-upstream-fixtures.test.ts (10 tests | 2 failed) 281ms
     × preserves inline positions from sw/qa/extras/uiwriter/data/collapsed_bookmark.odt 43ms
     × preserves inline positions from sw/qa/extras/odfimport/data/tdf94882.odt 12ms

⎯⎯⎯⎯⎯⎯⎯ Failed Tests 2 ⎯⎯⎯⎯⎯⎯⎯

 FAIL  scripts/libreoffice-inventory/odt-upstream-fixtures.test.ts > pinned LibreOffice ODT feature fixtures > preserves inline positions from sw/qa/extras/uiwriter/data/collapsed_bookmark.odt
AssertionError: expected [ { …(4) }, { …(4) }, { …(4) }, …(77) ] to have a length of 90 but got 80

- Expected
+ Received

- 90
+ 80

 ❯ scripts/libreoffice-inventory/odt-upstream-fixtures.test.ts:95:27
     93|         },
     94|       );
     95|       expect(diagnostics).toHaveLength(fixture.warnings);
       |                           ^
     96|       expect(
     97|         diagnostics.some(

⎯⎯⎯⎯⎯⎯⎯⎯⎯⎯⎯⎯⎯⎯⎯⎯⎯⎯⎯⎯⎯⎯⎯⎯[1/2]⎯

 FAIL  scripts/libreoffice-inventory/odt-upstream-fixtures.test.ts > pinned LibreOffice ODT feature fixtures > preserves inline positions from sw/qa/extras/odfimport/data/tdf94882.odt
AssertionError: expected [ { …(4) }, { …(4) }, { …(4) }, …(88) ] to have a length of 101 but got 91

- Expected
+ Received

- 101
+ 91

 ❯ scripts/libreoffice-inventory/odt-upstream-fixtures.test.ts:95:27
     93|         },
     94|       );
     95|       expect(diagnostics).toHaveLength(fixture.warnings);
       |                           ^
     96|       expect(
     97|         diagnostics.some(

⎯⎯⎯⎯⎯⎯⎯⎯⎯⎯⎯⎯⎯⎯⎯⎯⎯⎯⎯⎯⎯⎯⎯⎯[2/2]⎯


 Test Files  1 failed | 35 passed (36)
      Tests  2 failed | 107 passed (109)
   Start at  03:58:04
   Duration  43.06s (transform 691ms, setup 0ms, import 1.65s, tests 37.98s, environment 2ms)

