
> vite-office@0.1.0 test:e2e
> npm run build && playwright test --config apps/office/playwright.config.ts


> vite-office@0.1.0 build
> npm run build --workspace @vite-office/office


> @vite-office/office@0.1.0 build
> tsc --noEmit && vite build

vite v8.2.1 building client environment for production...
[2Ktransforming...✓ 2003 modules transformed.
rendering chunks...
computing gzip size...
dist/index.html                         0.56 kB │ gzip:   0.35 kB
dist/assets/odt-worker-JitFR8UR.js    282.64 kB
dist/assets/index-C6eeDUe_.css         58.68 kB │ gzip:   9.59 kB
dist/assets/index-DbsigY_5.js       1,154.51 kB │ gzip: 278.08 kB

✓ built in 781ms
[plugin builtin:vite-reporter] 
(!) Some chunks are larger than 500 kB after minification. Consider:
- Using dynamic import() to code-split the application
- Use build.rolldownOptions.output.codeSplitting to improve chunking: https://rolldown.rs/reference/OutputOptions.codeSplitting
- Adjust chunk size limit for this warning via build.chunkSizeWarningLimit.
[WebServer] (node:73144) Warning: The 'NO_COLOR' env is ignored due to the 'FORCE_COLOR' env being set.
[WebServer] (Use `node --trace-warnings ...` to show where the warning was created)

Running 19 tests using 4 workers

(node:73145) Warning: The 'NO_COLOR' env is ignored due to the 'FORCE_COLOR' env being set.
(Use `node --trace-warnings ...` to show where the warning was created)
(node:73147) Warning: The 'NO_COLOR' env is ignored due to the 'FORCE_COLOR' env being set.
(Use `node --trace-warnings ...` to show where the warning was created)
(node:73146) Warning: The 'NO_COLOR' env is ignored due to the 'FORCE_COLOR' env being set.
(Use `node --trace-warnings ...` to show where the warning was created)
(node:73148) Warning: The 'NO_COLOR' env is ignored due to the 'FORCE_COLOR' env being set.
(Use `node --trace-warnings ...` to show where the warning was created)
  ✓   1 apps/office/e2e/writer-cut-paste.spec.ts:5:1 › Writer Cut and Paste (1.7s)
  ✓   3 apps/office/e2e/writer-clipboard.spec.ts:5:1 › copies visible formatted Writer content through the native browser copy event (1.7s)
  ✓   2 apps/office/e2e/writer-character-formatting.spec.ts:5:1 › Writer direct character formatting (2.5s)
  ✓   5 apps/office/e2e/writer-cut-paste.spec.ts:55:1 › Writer immediate spaces and structured list Paste (1.0s)
  ✓   6 apps/office/e2e/writer-clipboard.spec.ts:54:1 › Writer list clipboard (1.6s)
  ✓   7 apps/office/e2e/writer-document-selection.spec.ts:5:1 › supports document-wide selection through Ctrl/Cmd+A and pointer dragging (1.6s)
  ✓   8 apps/office/e2e/writer-hyperlinks.spec.ts:9:1 › Writer creates, edits, and round-trips hyperlinks (1.9s)
  ✓  10 apps/office/e2e/writer-document-selection.spec.ts:139:1 › places the caret at the first clicked position in a different paragraph (2.2s)
  ✓  12 apps/office/e2e/writer-menu-alignment.spec.ts:4:1 › menu commands and submenus align their labels (1.5s)
  ✓   4 apps/office/e2e/foundation.spec.ts:8:1 › Writer menu keyboard navigation and accessible application chrome (8.3s)
  ✓   9 apps/office/e2e/writer-layout-ratios.spec.ts:11:1 › Writer keeps measured page breaks across device pixel ratios (4.8s)
  ✓  11 apps/office/e2e/writer-lists.spec.ts:5:1 › Writer bullets and numbering (3.7s)
  ✓  13 apps/office/e2e/writer-print.spec.ts:5:1 › Print appears in upstream locations and print media keeps only pages (853ms)
  ✓  15 apps/office/e2e/writer-responsive-sidebar.spec.ts:7:1 › sidebar remains reachable and its checked state follows visibility on a touch viewport (891ms)
  ✓  14 apps/office/e2e/writer-odt-file.spec.ts:15:1 › Writer opens and saves a bounded ODT file (1.3s)
  ✓  16 apps/office/e2e/writer-responsive-sidebar.spec.ts:33:1 › the page stays within the viewport while the document and modal scroll (492ms)
  ✓  18 apps/office/e2e/writer-responsive-sidebar.spec.ts:76:1 › the mobile table grid dismisses outside and More Options opens the full dialog (749ms)
  ✓  17 apps/office/e2e/writer-odt-file.spec.ts:87:1 › Writer keeps one ODT text node across visible page fragments after reopen (1.1s)
  ✓  19 apps/office/e2e/writer-odt-file.spec.ts:139:1 › Writer types in a table cell and reopens the edited ODT (805ms)

  19 passed (13.2s)
