
> vite-office@0.1.0 test
> npm run test:coverage && npm run test:inventory:coverage


> vite-office@0.1.0 test:coverage
> npm run test:coverage --workspace @vite-office/office


> @vite-office/office@0.1.0 test:coverage
> vitest run --coverage


 RUN  v4.1.10 /Users/odubinkin/Projects/vite-office/apps/office
      Coverage enabled with v8


 Test Files  164 passed (164)
      Tests  727 passed (727)
   Start at  22:42:07
   Duration  83.93s (transform 2.68s, setup 12.08s, import 11.22s, tests 62.34s, environment 58.36s)

 % Coverage report from v8
-------------------|---------|----------|---------|---------|-------------------
File               | % Stmts | % Branch | % Funcs | % Lines | Uncovered Line #s 
-------------------|---------|----------|---------|---------|-------------------
-------------------|---------|----------|---------|---------|-------------------

=============================== Coverage summary ===============================
Statements   : 100% ( 10895/10895 )
Branches     : 100% ( 8226/8226 )
Functions    : 100% ( 2931/2931 )
Lines        : 100% ( 9992/9992 )
================================================================================

> vite-office@0.1.0 test:inventory:coverage
> vitest run --config scripts/libreoffice-inventory/vitest.config.ts --coverage


 RUN  v4.1.10 /Users/odubinkin/Projects/vite-office
      Coverage enabled with v8


 Test Files  36 passed (36)
      Tests  109 passed (109)
   Start at  22:43:32
   Duration  21.44s (transform 674ms, setup 0ms, import 1.62s, tests 16.58s, environment 2ms)

 % Coverage report from v8
-------------------|---------|----------|---------|---------|-------------------
File               | % Stmts | % Branch | % Funcs | % Lines | Uncovered Line #s 
-------------------|---------|----------|---------|---------|-------------------
-------------------|---------|----------|---------|---------|-------------------

=============================== Coverage summary ===============================
Statements   : 100% ( 1523/1523 )
Branches     : 100% ( 1080/1080 )
Functions    : 100% ( 384/384 )
Lines        : 100% ( 1464/1464 )
================================================================================
