
> vite-office@0.1.0 test:e2e
> npm run build && playwright test --config apps/office/playwright.config.ts


> vite-office@0.1.0 build
> npm run build --workspace @vite-office/office


> @vite-office/office@0.1.0 build
> tsc --noEmit && vite build

vite v8.2.1 building client environment for production...
[2Ktransforming...✓ 2117 modules transformed.
rendering chunks...
computing gzip size...
dist/index.html                         0.56 kB │ gzip:   0.34 kB
dist/assets/tblsels-CrFA-9L6.svg        5.15 kB │ gzip:   0.61 kB
dist/assets/tblselw-D9zQinbS.svg        5.15 kB │ gzip:   0.61 kB
dist/assets/tblsele-ndGfGfAd.svg        5.16 kB │ gzip:   0.61 kB
dist/assets/tblselsw-Bp6i2xcj.svg       5.76 kB │ gzip:   0.65 kB
dist/assets/tblselse-DkDvgj_p.svg       5.80 kB │ gzip:   0.65 kB
dist/assets/odt-worker-C167xgmI.js    445.38 kB
dist/assets/index-BiTa5hxD.css         64.77 kB │ gzip:  10.56 kB
dist/assets/index-bmyCGVbk.js       1,298.09 kB │ gzip: 311.55 kB

[plugin builtin:vite-reporter] 
(!) Some chunks are larger than 500 kB after minification. Consider:
- Using dynamic import() to code-split the application
- Use build.rolldownOptions.output.codeSplitting to improve chunking: https://rolldown.rs/reference/OutputOptions.codeSplitting
- Adjust chunk size limit for this warning via build.chunkSizeWarningLimit.
✓ built in 4.26s
[33m[PLUGIN_TIMINGS] [0mYour build spent 83% of 4.2s inside plugin hooks (3.5s).
Measured inside the callback, so queue time is excluded and time the callback itself awaited is not:
  - vite:worker-import-meta-url transform (54%, 2.3s, 1 call)
  - @tailwindcss/vite:generate:build transform (47%, 2.0s, 1 call)
Those rows are 100% of the build; the rest of the 83% is below.
Not measurable — 1 hook whose calls overlap, so elapsed time covers work other calls were doing. Profile with `node --cpu-prof`:
  - vite:asset load (5 calls)
See https://rolldown.rs/reference/InputOptions.checks#plugintimings for more details.

[WebServer] (node:72008) Warning: The 'NO_COLOR' env is ignored due to the 'FORCE_COLOR' env being set.
[WebServer] (Use `node --trace-warnings ...` to show where the warning was created)

Running 303 tests using 2 workers

(node:72035) Warning: The 'NO_COLOR' env is ignored due to the 'FORCE_COLOR' env being set.
(Use `node --trace-warnings ...` to show where the warning was created)
(node:72034) Warning: The 'NO_COLOR' env is ignored due to the 'FORCE_COLOR' env being set.
(Use `node --trace-warnings ...` to show where the warning was created)
  ✓    2 [writer] › apps/office/e2e/native-bullet-font-roundtrip.spec.ts:30:3 › native bullet font ODT body cell width=1280 (7.1s)
  ✓    1 [writer] › apps/office/e2e/foundation.spec.ts:8:1 › Writer menu keyboard navigation and accessible application chrome (10.7s)
  ✓    3 [writer] › apps/office/e2e/native-bullet-font-roundtrip.spec.ts:30:3 › native bullet font ODT body cell width=390 (5.3s)
  ✓    4 [writer] › apps/office/e2e/native-empty-bullet.spec.ts:8:3 › native zero bullet body cell width=1280 (4.3s)
  ✓    5 [writer] › apps/office/e2e/native-label-affinity.spec.ts:7:3 › native before-label caret and input body cell width=1280 (5.2s)
  ✓    6 [writer] › apps/office/e2e/native-empty-bullet.spec.ts:8:3 › native zero bullet body cell width=390 (3.7s)
  ✓    7 [writer] › apps/office/e2e/native-label-affinity.spec.ts:7:3 › native before-label caret and input body cell width=390 (5.3s)
  ✓    9 [writer] › apps/office/e2e/native-line-margin.spec.ts:6:3 › native visual-line Home End and Shift body cell width=1280 (3.6s)
  ✓    8 [writer] › apps/office/e2e/native-legacy-bullet-symbol.spec.ts:30:3 › native legacy bullet symbols body cell width=1280 (7.5s)
  ✓   10 [writer] › apps/office/e2e/native-line-margin.spec.ts:6:3 › native visual-line Home End and Shift body cell width=390 (2.9s)
  ✓   11 [writer] › apps/office/e2e/native-legacy-bullet-symbol.spec.ts:30:3 › native legacy bullet symbols body cell width=390 (6.2s)
  ✓   12 [writer] › apps/office/e2e/native-marked-list-paint.spec.ts:7:3 › native marked label paint body cell width=1280 (5.3s)
  ✓   13 [writer] › apps/office/e2e/native-numbering-font.spec.ts:30:3 › native numbering font body cell width=1280 (8.3s)
  ✓   14 [writer] › apps/office/e2e/native-marked-list-paint.spec.ts:7:3 › native marked label paint body cell width=390 (6.8s)
  ✓   16 [writer] › apps/office/e2e/native-table-name.spec.ts:6:3 › native table name validation unique allocation and history width=1280 (6.7s)
  ✓   15 [writer] › apps/office/e2e/native-numbering-font.spec.ts:30:3 › native numbering font body cell width=390 (6.9s)
  ✓   18 [writer] › apps/office/e2e/writer-accelerator-ownership.spec.ts:5:3 › Writer consumed accelerator ownership at width 1280 (2.2s)
  ✓   19 [writer] › apps/office/e2e/writer-accelerator-ownership.spec.ts:5:3 › Writer consumed accelerator ownership at width 390 (2.0s)
  ✓   17 [writer] › apps/office/e2e/native-table-name.spec.ts:6:3 › native table name validation unique allocation and history width=390 (4.8s)
  ✓   21 [writer] › apps/office/e2e/writer-cell-list-backspace.spec.ts:3:1 › Writer Backspace hides a cell marker and ShiftBackspace restores native numbering (3.8s)
  ✓   20 [writer] › apps/office/e2e/writer-auto-first-layout.spec.ts:26:5 › Writer automatic body layout width=1280 disregard=true (4.4s)
  ✓   22 [writer] › apps/office/e2e/writer-cell-list-continue.spec.ts:4:3 › Writer Continue Numbering joins a plain table cell to the preceding list (4.0s)
  ✓   23 [writer] › apps/office/e2e/writer-auto-first-layout.spec.ts:26:5 › Writer automatic body layout width=1280 disregard=false (5.0s)
  ✓   24 [writer] › apps/office/e2e/writer-cell-list-continue.spec.ts:4:3 › Writer Continue Numbering joins a bullet table cell to the preceding list (3.7s)
  ✓   25 [writer] › apps/office/e2e/writer-auto-first-layout.spec.ts:26:5 › Writer automatic body layout width=390 disregard=true (3.9s)
  ✓   26 [writer] › apps/office/e2e/writer-cell-list-enter.spec.ts:3:1 › Writer Enter ends an empty cell list without inserting a paragraph (2.9s)
  ✓   27 [writer] › apps/office/e2e/writer-auto-first-layout.spec.ts:26:5 › Writer automatic body layout width=390 disregard=false (4.6s)
  ✓   28 [writer] › apps/office/e2e/writer-cell-list-level.spec.ts:4:1 › Writer cell list levels use native commands and survive history and ODT reopen (4.8s)
  ✓   29 [writer] › apps/office/e2e/writer-cell-paragraph-format.spec.ts:4:1 › Writer cell paragraph alignment and native list display survive history and ODT reopen (4.0s)
  ✓   30 [writer] › apps/office/e2e/writer-character-formatting.spec.ts:5:1 › Writer direct character formatting (2.9s)
  ✓   31 [writer] › apps/office/e2e/writer-clipboard.spec.ts:5:1 › copies visible formatted Writer content through the native browser copy event (1.7s)
  ✓   33 [writer] › apps/office/e2e/writer-clipboard.spec.ts:54:1 › Writer list clipboard (2.3s)
  ✓   32 [writer] › apps/office/e2e/writer-collapsing-border-arbitration.spec.ts:9:3 › native shared-border winner and mode history width=1280 (4.7s)
  ✓   34 [writer] › apps/office/e2e/writer-counted-list-layout.spec.ts:11:3 › Writer counted axes stay independent through paragraph history cell=false (2.5s)
  ✓   35 [writer] › apps/office/e2e/writer-collapsing-border-arbitration.spec.ts:9:3 › native shared-border winner and mode history width=390 (3.8s)
  ✓   36 [writer] › apps/office/e2e/writer-counted-list-layout.spec.ts:11:3 › Writer counted axes stay independent through paragraph history cell=true (2.9s)
  ✓   37 [writer] › apps/office/e2e/writer-cut-paste.spec.ts:5:1 › Writer Cut and Paste (1.6s)
  ✓   38 [writer] › apps/office/e2e/writer-document-key.spec.ts:5:3 › Ctrl-F6 from the Writer toolbar focuses the document and retains editing (1.0s)
  ✓   40 [writer] › apps/office/e2e/writer-document-key.spec.ts:5:3 › Ctrl-F6 from the Writer root focuses the document and retains editing (1.2s)
  ✓   39 [writer] › apps/office/e2e/writer-cut-paste.spec.ts:55:1 › Writer immediate spaces and structured list Paste (1.8s)
  ✓   41 [writer] › apps/office/e2e/writer-document-key.spec.ts:5:3 › Ctrl-F6 from the Writer child focuses the document and retains editing (1.4s)
  ✓   42 [writer] › apps/office/e2e/writer-document-selection.spec.ts:5:1 › supports document-wide selection through Ctrl/Cmd+A and pointer dragging (1.9s)
  ✓   43 [writer] › apps/office/e2e/writer-document-key.spec.ts:36:1 › Ctrl-F6 retains the Writer Hyperlink modal's input focus (1.6s)
  ✓   44 [writer] › apps/office/e2e/writer-document-selection.spec.ts:139:1 › places the caret at the first clicked position in a different paragraph (1.3s)
  ✓   45 [writer] › apps/office/e2e/writer-headline-selection.spec.ts:14:3 › Writer native table range excludes repeated headline selection width=1280 (2.5s)
  ✓   46 [writer] › apps/office/e2e/writer-hyperlinks.spec.ts:9:1 › Writer creates, edits, and round-trips hyperlinks (3.0s)
  ✓   47 [writer] › apps/office/e2e/writer-headline-selection.spec.ts:14:3 › Writer native table range excludes repeated headline selection width=390 (2.1s)
  ✓   48 [writer] › apps/office/e2e/writer-imported-table-lists.spec.ts:15:1 › Writer imported restarted table row Add to List preserves both starts and atomic selection (3.0s)
  ✓   49 [writer] › apps/office/e2e/writer-headline-selection.spec.ts:151:1 › Writer native cross-cell bold formats the selected original rectangle and all headline text copies (2.2s)
  ✓   50 [writer] › apps/office/e2e/writer-imported-table-lists.spec.ts:132:1 › Writer imported table list Enter edits native cell paragraphs and history (3.2s)
  ✓   51 [writer] › apps/office/e2e/writer-insert-table-dialog.spec.ts:7:3 › native Insert Table inputs width=1280 (3.7s)
  ✓   53 [writer] › apps/office/e2e/writer-insert-table-dialog.spec.ts:7:3 › native Insert Table inputs width=390 (2.8s)
  ✓   52 [writer] › apps/office/e2e/writer-layout-ratios.spec.ts:11:1 › Writer keeps measured page breaks across device pixel ratios (5.0s)
  ✓   54 [writer] › apps/office/e2e/writer-list-label-drag.spec.ts:9:3 › Writer native label document ruler width=1280 (2.5s)
  ✓   55 [writer] › apps/office/e2e/writer-lists.spec.ts:4:1 › Writer bullets and numbering (2.7s)
  ✓   56 [writer] › apps/office/e2e/writer-list-label-drag.spec.ts:9:3 › Writer native label document ruler width=390 (2.5s)
  ✓   58 [writer] › apps/office/e2e/writer-menu-alignment.spec.ts:4:1 › menu commands and submenus align their labels (2.8s)
  ✓   59 [writer] › apps/office/e2e/writer-menu-document-focus.spec.ts:4:1 › unopened menu Escape without a saved owner focuses the Writer document (981ms)
  ✓   57 [writer] › apps/office/e2e/writer-manual-first-layout.spec.ts:16:5 › Writer manual signed-short layout width=1280 raw=65537 (4.4s)
  ✓   60 [writer] › apps/office/e2e/writer-menu-document-focus.spec.ts:23:1 › unopened menu Escape restores its saved Writer toolbar control (799ms)
  ✓   62 [writer] › apps/office/e2e/writer-menu-key.spec.ts:4:1 › F10 activates the first Writer root without opening and closes its keyboard popup (1.2s)
  ✓   63 [writer] › apps/office/e2e/writer-menu-key.spec.ts:27:1 › repeated F10 restores a saved Writer toolbar owner (928ms)
  ✓   61 [writer] › apps/office/e2e/writer-manual-first-layout.spec.ts:16:5 › Writer manual signed-short layout width=1280 raw=-65537 (3.3s)
  ✓   64 [writer] › apps/office/e2e/writer-menu-key.spec.ts:39:1 › F10 leaves a modal Writer Hyperlink dialog's focus untouched (1.2s)
  ✓   66 [writer] › apps/office/e2e/writer-menu-saved-focus.spec.ts:4:1 › root Escape returns focus and typing to the saved Writer editor (1.0s)
  ✓   65 [writer] › apps/office/e2e/writer-manual-first-layout.spec.ts:16:5 › Writer manual signed-short layout width=390 raw=65537 (2.7s)
  ✓   67 [writer] › apps/office/e2e/writer-menu-saved-focus.spec.ts:17:1 › root and nested commands restore the saved editor before dispatch (1.5s)
  ✓   69 [writer] › apps/office/e2e/writer-menu-saved-focus.spec.ts:38:1 › a menu command leaves focus in its newly opened Hyperlink dialog (1.2s)
  ✓   68 [writer] › apps/office/e2e/writer-manual-first-layout.spec.ts:16:5 › Writer manual signed-short layout width=390 raw=-65537 (2.8s)
  ✓   70 [writer] › apps/office/e2e/writer-menu-saved-focus.spec.ts:49:1 › outside pointer focus belongs to the clicked Writer control (997ms)
  ✓   71 [writer] › apps/office/e2e/writer-named-style-history.spec.ts:15:3 › Writer named-style history width=1280 (3.9s)
  ✓   72 [writer] › apps/office/e2e/writer-native-attribute-portions.spec.ts:20:3 › Writer native body and cell portions retain formatting and editing width=1280 (5.5s)
  ✓   73 [writer] › apps/office/e2e/writer-named-style-history.spec.ts:15:3 › Writer named-style history width=390 (3.0s)
  ✓   75 [writer] › apps/office/e2e/writer-native-border-page.spec.ts:9:3 › native empty-hit focus and keyboard selection width=1280 (2.4s)
  ✓   74 [writer] › apps/office/e2e/writer-native-attribute-portions.spec.ts:20:3 › Writer native body and cell portions retain formatting and editing width=390 (4.3s)
  ✓   76 [writer] › apps/office/e2e/writer-native-border-page.spec.ts:9:3 › native empty-hit focus and keyboard selection width=390 (1.9s)
  ✓   77 [writer] › apps/office/e2e/writer-native-cell-alignment.spec.ts:10:3 › native common cell alignment and changed item history width=1280 (2.3s)
  ✓   78 [writer] › apps/office/e2e/writer-native-border-page.spec.ts:60:3 › native six-line border page and selected history width=1280 (2.4s)
  ✓   79 [writer] › apps/office/e2e/writer-native-cell-alignment.spec.ts:10:3 › native common cell alignment and changed item history width=390 (1.8s)
  ✓   81 [writer] › apps/office/e2e/writer-native-cell-alignment.spec.ts:113:1 › native primitive cell orientation remains numeric across the browser open boundary (1.0s)
  ✓   80 [writer] › apps/office/e2e/writer-native-border-page.spec.ts:60:3 › native six-line border page and selected history width=390 (2.3s)
  ✓   82 [writer] › apps/office/e2e/writer-native-cell-box.spec.ts:11:5 › native four-edge cell paint and text history width=1280 fixed=false (933ms)
  ✓   84 [writer] › apps/office/e2e/writer-native-cell-box.spec.ts:11:5 › native four-edge cell paint and text history width=1280 fixed=true (956ms)
  ✓   83 [writer] › apps/office/e2e/writer-native-clipboard-lists.spec.ts:3:115 › Writer native clipboard lists cell=false reverse=false kind=numbered (1.2s)
  ✓   85 [writer] › apps/office/e2e/writer-native-cell-box.spec.ts:11:5 › native four-edge cell paint and text history width=390 fixed=false (784ms)
  ✓   86 [writer] › apps/office/e2e/writer-native-clipboard-lists.spec.ts:3:115 › Writer native clipboard lists cell=false reverse=false kind=bullet (1.0s)
  ✓   87 [writer] › apps/office/e2e/writer-native-cell-box.spec.ts:11:5 › native four-edge cell paint and text history width=390 fixed=true (833ms)
  ✓   88 [writer] › apps/office/e2e/writer-native-clipboard-lists.spec.ts:3:115 › Writer native clipboard lists cell=false reverse=true kind=numbered (1.6s)
  ✓   90 [writer] › apps/office/e2e/writer-native-clipboard-lists.spec.ts:3:115 › Writer native clipboard lists cell=false reverse=true kind=bullet (1.5s)
  ✓   89 [writer] › apps/office/e2e/writer-native-collapsing-borders.spec.ts:10:3 › native coupled border and merging item acceptance width=1280 (2.6s)
  ✓   91 [writer] › apps/office/e2e/writer-native-clipboard-lists.spec.ts:3:115 › Writer native clipboard lists cell=true reverse=false kind=numbered (1.3s)
  ✓   92 [writer] › apps/office/e2e/writer-native-collapsing-borders.spec.ts:10:3 › native coupled border and merging item acceptance width=390 (1.8s)
  ✓   93 [writer] › apps/office/e2e/writer-native-clipboard-lists.spec.ts:3:115 › Writer native clipboard lists cell=true reverse=false kind=bullet (1.3s)
  ✓   94 [writer] › apps/office/e2e/writer-native-collapsing-borders.spec.ts:75:5 › native table merging model=collapsing width=1280 (2.1s)
  ✓   95 [writer] › apps/office/e2e/writer-native-clipboard-lists.spec.ts:3:115 › Writer native clipboard lists cell=true reverse=true kind=numbered (1.4s)
  ✓   97 [writer] › apps/office/e2e/writer-native-clipboard-lists.spec.ts:3:115 › Writer native clipboard lists cell=true reverse=true kind=bullet (1.4s)
  ✓   96 [writer] › apps/office/e2e/writer-native-collapsing-borders.spec.ts:75:5 › native table merging model=separating width=1280 (2.2s)
  ✓   98 [writer] › apps/office/e2e/writer-native-column-commands.spec.ts:4:3 › native column insertion width=1280 (1.6s)
  ✓   99 [writer] › apps/office/e2e/writer-native-collapsing-borders.spec.ts:75:5 › native table merging model=undefined width=1280 (2.1s)
  ✓  100 [writer] › apps/office/e2e/writer-native-column-commands.spec.ts:4:3 › native column insertion width=390 (1.3s)
  ✓  102 [writer] › apps/office/e2e/writer-native-document-row.spec.ts:4:3 › document-owned styled final-row Tab width=1280 (937ms)
  ✓  103 [writer] › apps/office/e2e/writer-native-document-row.spec.ts:4:3 › document-owned styled final-row Tab width=390 (868ms)
  ✓  101 [writer] › apps/office/e2e/writer-native-collapsing-borders.spec.ts:75:5 › native table merging model=collapsing width=390 (2.0s)
  ✓  105 [writer] › apps/office/e2e/writer-native-collapsing-borders.spec.ts:75:5 › native table merging model=separating width=390 (2.2s)
  ✓  104 [writer] › apps/office/e2e/writer-native-independent-table-properties.spec.ts:60:3 › native independent properties columns frame-width and history width=1280 (4.3s)
  ✓  106 [writer] › apps/office/e2e/writer-native-collapsing-borders.spec.ts:75:5 › native table merging model=undefined width=390 (2.0s)
  ✓  108 [writer] › apps/office/e2e/writer-native-insert-table-row-history.spec.ts:4:3 › native inserted table and appended row history width=1280 (1.1s)
  ✓  109 [writer] › apps/office/e2e/writer-native-insert-table-row-history.spec.ts:4:3 › native inserted table and appended row history width=390 (1.0s)
  ✓  110 [writer] › apps/office/e2e/writer-native-insert-table.spec.ts:7:3 › native table insertion history width=1280 (1.2s)
  ✓  107 [writer] › apps/office/e2e/writer-native-independent-table-properties.spec.ts:60:3 › native independent properties columns frame-width and history width=390 (4.0s)
  ✓  111 [writer] › apps/office/e2e/writer-native-insert-table.spec.ts:7:3 › native table insertion history width=390 (973ms)
  ✓  113 [writer] › apps/office/e2e/writer-native-list-marker-width.spec.ts:59:5 › Writer native label width prevents overlap width=1280 cell=false (1.4s)
  ✓  112 [writer] › apps/office/e2e/writer-native-list-context.spec.ts:11:3 › Writer native list context and point state width=1280 (2.6s)
  ✓  114 [writer] › apps/office/e2e/writer-native-list-marker-width.spec.ts:59:5 › Writer native label width prevents overlap width=1280 cell=true (1.9s)
  ✓  116 [writer] › apps/office/e2e/writer-native-list-marker-width.spec.ts:59:5 › Writer native label width prevents overlap width=390 cell=false (1.4s)
  ✓  115 [writer] › apps/office/e2e/writer-native-list-context.spec.ts:11:3 › Writer native list context and point state width=390 (2.5s)
  ✓  117 [writer] › apps/office/e2e/writer-native-list-marker-width.spec.ts:59:5 › Writer native label width prevents overlap width=390 cell=true (1.6s)
  ✓  118 [writer] › apps/office/e2e/writer-native-list-tab.spec.ts:16:3 › Writer body list and table Tab retain editing focus width=1280 (1.6s)
  ✓  120 [writer] › apps/office/e2e/writer-native-list-tab.spec.ts:16:3 › Writer body list and table Tab retain editing focus width=390 (1.3s)
  ✓  119 [writer] › apps/office/e2e/writer-native-none-numbering.spec.ts:11:3 › Writer native NONE numbering roundtrip width=1280 (1.6s)
  ✓  121 [writer] › apps/office/e2e/writer-native-numbering-tab.spec.ts:17:5 › Writer exhausted bullet tab keeps native text gap width=1280 cell=false (1.0s)
  ✓  122 [writer] › apps/office/e2e/writer-native-none-numbering.spec.ts:11:3 › Writer native NONE numbering roundtrip width=390 (1.5s)
  ✓  123 [writer] › apps/office/e2e/writer-native-numbering-tab.spec.ts:17:5 › Writer exhausted bullet tab keeps native text gap width=1280 cell=true (935ms)
  ✓  125 [writer] › apps/office/e2e/writer-native-numbering-tab.spec.ts:17:5 › Writer exhausted bullet tab keeps native text gap width=390 cell=false (1.0s)
  ✓  126 [writer] › apps/office/e2e/writer-native-numbering-tab.spec.ts:17:5 › Writer exhausted bullet tab keeps native text gap width=390 cell=true (1.1s)
  ✓  124 [writer] › apps/office/e2e/writer-native-outline-tab.spec.ts:9:3 › Writer native heading Tab retains styles and history width=1280 (2.5s)
  ✓  127 [writer] › apps/office/e2e/writer-native-paragraph-text-surface.spec.ts:61:3 › Writer native text surface cell=false reverse=false (784ms)
  ✓  129 [writer] › apps/office/e2e/writer-native-paragraph-text-surface.spec.ts:61:3 › Writer native text surface cell=false reverse=true (784ms)
  ✓  128 [writer] › apps/office/e2e/writer-native-outline-tab.spec.ts:9:3 › Writer native heading Tab retains styles and history width=390 (2.4s)
  ✓  130 [writer] › apps/office/e2e/writer-native-paragraph-text-surface.spec.ts:61:3 › Writer native text surface cell=true reverse=false (1.0s)
  ✓  131 [writer] › apps/office/e2e/writer-native-outline-tab.spec.ts:96:3 › Writer native tenth heading boundary width=1280 (1.0s)
  ✓  132 [writer] › apps/office/e2e/writer-native-paragraph-text-surface.spec.ts:61:3 › Writer native text surface cell=true reverse=true (1.1s)
  ✓  133 [writer] › apps/office/e2e/writer-native-outline-tab.spec.ts:96:3 › Writer native tenth heading boundary width=390 (1.0s)
  ✓  134 [writer] › apps/office/e2e/writer-native-properties-height.spec.ts:7:3 › Writer unrelated properties preserve fixed row height width=1280 (1.7s)
  ✓  135 [writer] › apps/office/e2e/writer-native-row-commands.spec.ts:4:3 › native row menu and caret width=1280 (1.4s)
  ✓  136 [writer] › apps/office/e2e/writer-native-properties-height.spec.ts:7:3 › Writer unrelated properties preserve fixed row height width=390 (1.7s)
  ✓  137 [writer] › apps/office/e2e/writer-native-row-commands.spec.ts:4:3 › native row menu and caret width=390 (1.3s)
  ✓  138 [writer] › apps/office/e2e/writer-native-row-frame-size.spec.ts:13:3 › Writer native fixed row clipping and minimum growth width=1280 (740ms)
  ✓  140 [writer] › apps/office/e2e/writer-native-row-frame-size.spec.ts:13:3 › Writer native fixed row clipping and minimum growth width=390 (827ms)
  ✓  139 [writer] › apps/office/e2e/writer-native-row-height-dialog.spec.ts:7:3 › Writer native row height dialog width=1280 (2.2s)
  ✓  141 [writer] › apps/office/e2e/writer-native-section-navigation.spec.ts:3:1 › Writer Ctrl Home End follows native cell and table boundaries (1.2s)
  ✓  143 [writer] › apps/office/e2e/writer-native-section-navigation.spec.ts:54:1 › Writer Shift Ctrl Home selects cell paragraphs through native point and mark (848ms)
  ✓  144 [writer] › apps/office/e2e/writer-native-section-navigation.spec.ts:94:1 › Writer inherited table editing host keeps split join and typing history (1.2s)
  ✓  142 [writer] › apps/office/e2e/writer-native-row-height-dialog.spec.ts:7:3 › Writer native row height dialog width=390 (2.5s)
  ✓  145 [writer] › apps/office/e2e/writer-native-select-all.spec.ts:37:1 › Writer Select All escalates cell table and outer text (1.2s)
  ✓  147 [writer] › apps/office/e2e/writer-native-select-all.spec.ts:61:1 › Writer cell Select All replacement retains neighbors and native undo redo (1.3s)
  ✓  146 [writer] › apps/office/e2e/writer-native-tabcols.spec.ts:8:3 › native physical column draft from relative table width=1280 (3.1s)
  ✓  148 [writer] › apps/office/e2e/writer-native-select-all.spec.ts:84:1 › Writer empty cell Select All immediately selects the native table (1.1s)
  ✓  150 [writer] › apps/office/e2e/writer-native-table-column-drag.spec.ts:8:3 › native mouse column tracking width=1280 (1.6s)
  ✓  149 [writer] › apps/office/e2e/writer-native-tabcols.spec.ts:8:3 › native physical column draft from relative table width=390 (2.4s)
  ✓  151 [writer] › apps/office/e2e/writer-native-table-column-drag.spec.ts:8:3 › native mouse column tracking width=390 (1.5s)
  ✓  153 [writer] › apps/office/e2e/writer-native-table-column-drag.spec.ts:130:1 › native outer-left tracking accepts Enter and preserves the editing cursor (1.2s)
  ✓  152 [writer] › apps/office/e2e/writer-native-table-column-page.spec.ts:60:3 › native column page modes and history width=1280 (2.5s)
  ✓  154 [writer] › apps/office/e2e/writer-native-table-cursor-rings.spec.ts:4:1 › Writer selected row character formatting covers full cells and survives Undo Redo (1.3s)
  ✓  155 [writer] › apps/office/e2e/writer-native-table-column-page.spec.ts:202:3 › native column page window and selection width=1280 (1.9s)
  ✓  156 [writer] › apps/office/e2e/writer-native-table-delete.spec.ts:6:5 › Writer native table deletion › Writer selected row Delete preserves table cells and native Undo Redo (1.4s)
  ✓  158 [writer] › apps/office/e2e/writer-native-table-delete.spec.ts:6:5 › Writer native table deletion › Writer selected row Backspace preserves table cells and native Undo Redo (1.4s)
  ✓  157 [writer] › apps/office/e2e/writer-native-table-column-page.spec.ts:60:3 › native column page modes and history width=390 (2.4s)
  ✓  159 [writer] › apps/office/e2e/writer-native-table-editing.spec.ts:3:1 › Writer table cell typing, split, join and formatting use document history (1.2s)
  ✓  160 [writer] › apps/office/e2e/writer-native-table-column-page.spec.ts:202:3 › native column page window and selection width=390 (1.7s)
  ✓  162 [writer] › apps/office/e2e/writer-native-table-layout-split.spec.ts:9:5 › native table split policy uses physical page owners width=1280 split=true (979ms)
  ✓  161 [writer] › apps/office/e2e/writer-native-table-format-lifecycle.spec.ts:48:3 › native format page local metrics cancel and native acceptance width=1280 (1.9s)
  ✓  163 [writer] › apps/office/e2e/writer-native-table-layout-split.spec.ts:9:5 › native table split policy uses physical page owners width=1280 split=false (1.3s)
  ✓  164 [writer] › apps/office/e2e/writer-native-table-format-lifecycle.spec.ts:164:3 › native format page activation consumes Columns width and retains browser input width=1280 (1.4s)
  ✓  165 [writer] › apps/office/e2e/writer-native-table-layout-split.spec.ts:9:5 › native table split policy uses physical page owners width=390 split=true (1.3s)
  ✓  167 [writer] › apps/office/e2e/writer-native-table-layout-split.spec.ts:9:5 › native table split policy uses physical page owners width=390 split=false (1.1s)
  ✓  166 [writer] › apps/office/e2e/writer-native-table-format-lifecycle.spec.ts:48:3 › native format page local metrics cancel and native acceptance width=390 (2.3s)
  ✓  168 [writer] › apps/office/e2e/writer-native-table-linear-drag.spec.ts:11:3 › Writer solitary Shift translates following column borders width=1280 (1.4s)
  ✓  169 [writer] › apps/office/e2e/writer-native-table-format-lifecycle.spec.ts:164:3 › native format page activation consumes Columns width and retains browser input width=390 (1.3s)
  ✓  170 [writer] › apps/office/e2e/writer-native-table-linear-drag.spec.ts:11:3 › Writer solitary Shift translates following column borders width=390 (1.6s)
  ✓  171 [writer] › apps/office/e2e/writer-native-table-mouse.spec.ts:14:3 › Writer native table mouse edge and drag width=1280 (1.6s)
  ✓  172 [writer] › apps/office/e2e/writer-native-table-paste.spec.ts:4:1 › Writer selected row paste appends in every cell and retains native Undo selection (1.4s)
  ✓  173 [writer] › apps/office/e2e/writer-native-table-mouse.spec.ts:14:3 › Writer native table mouse edge and drag width=390 (1.5s)
  ✓  174 [writer] › apps/office/e2e/writer-native-table-plain-paste.spec.ts:5:3 › Writer native plain table clipboard "X" preserves cells and inherited bold history (1.8s)
  ✓  175 [writer] › apps/office/e2e/writer-native-table-pointer.spec.ts:14:3 › Writer native table interior and gutter pointer width=1280 (1.9s)
  ✓  176 [writer] › apps/office/e2e/writer-native-table-plain-paste.spec.ts:5:3 › Writer native plain table clipboard "A\nB\n" preserves cells and inherited bold history (1.4s)
  ✓  177 [writer] › apps/office/e2e/writer-native-table-pointer.spec.ts:14:3 › Writer native table interior and gutter pointer width=390 (1.9s)
  ✓  179 [writer] › apps/office/e2e/writer-native-table-proportional-drag.spec.ts:11:3 › Writer solitary Control proportionally resizes following columns width=1280 (1.5s)
  ✓  178 [writer] › apps/office/e2e/writer-native-table-properties-reset.spec.ts:38:3 › native current-page table Reset preserves other pages and canonical history width=1280 (2.6s)
  ✓  180 [writer] › apps/office/e2e/writer-native-table-proportional-drag.spec.ts:11:3 › Writer solitary Control proportionally resizes following columns width=390 (1.4s)
  ✓  181 [writer] › apps/office/e2e/writer-native-table-properties-reset.spec.ts:38:3 › native current-page table Reset preserves other pages and canonical history width=390 (2.3s)
  ✓  182 [writer] › apps/office/e2e/writer-native-table-row-drag.spec.ts:7:3 › native mouse row tracking width=1280 (1.9s)
  ✓  183 [writer] › apps/office/e2e/writer-native-table-selection-commands.spec.ts:4:3 › native table selection menu width=1280 (1.7s)
  ✓  184 [writer] › apps/office/e2e/writer-native-table-row-drag.spec.ts:7:3 › native mouse row tracking width=390 (2.0s)
  ✓  185 [writer] › apps/office/e2e/writer-native-table-selection-commands.spec.ts:4:3 › native table selection menu width=390 (2.1s)
  ✓  186 [writer] › apps/office/e2e/writer-native-table-selection.spec.ts:18:1 › Writer row selection paints core boxes and typing after caret kill preserves neighbors (1.2s)
  ✓  188 [writer] › apps/office/e2e/writer-native-table-selection.spec.ts:56:1 › Writer native keyboard box selection and caret properties context agree (1.1s)
  ✓  187 [writer] › apps/office/e2e/writer-native-table-tab.spec.ts:3:1 › Writer Tab traverses native cell sections and appends one row with history (1.4s)
  ✓  190 [writer] › apps/office/e2e/writer-native-table-text-flow-split.spec.ts:9:3 › native split properties controls and physical pages width=1280 (3.7s)
  ✓  189 [writer] › apps/office/e2e/writer-native-table-text-flow-headline.spec.ts:39:3 › native Table Properties headline defaults and history width=1280 (5.1s)
  ✓  191 [writer] › apps/office/e2e/writer-native-table-text-flow-split.spec.ts:9:3 › native split properties controls and physical pages width=390 (4.2s)
  ✓  193 [writer] › apps/office/e2e/writer-odt-file.spec.ts:15:1 › Writer opens and saves a bounded ODT file (1.2s)
  ✓  192 [writer] › apps/office/e2e/writer-native-table-text-flow-headline.spec.ts:39:3 › native Table Properties headline defaults and history width=390 (4.3s)
  ✓  195 [writer] › apps/office/e2e/writer-print.spec.ts:5:1 › Print appears in upstream locations and print media keeps only pages (678ms)
  ✓  194 [writer] › apps/office/e2e/writer-odt-file.spec.ts:87:1 › Writer keeps one ODT text node across visible page fragments after reopen (1.5s)
  ✓  196 [writer] › apps/office/e2e/writer-responsive-sidebar.spec.ts:7:1 › long menus scroll inside the viewport and nested commands stay reachable (766ms)
  ✓  198 [writer] › apps/office/e2e/writer-responsive-sidebar.spec.ts:61:1 › sidebar remains reachable and its checked state follows visibility on a touch viewport (678ms)
  ✓  197 [writer] › apps/office/e2e/writer-odt-file.spec.ts:139:1 › Writer types in a table cell and reopens the edited ODT (1.3s)
  ✓  199 [writer] › apps/office/e2e/writer-responsive-sidebar.spec.ts:87:1 › the page stays within the viewport while the document and modal body scroll (765ms)
  ✓  200 [writer] › apps/office/e2e/writer-root-menu-boundary.spec.ts:5:3 › Home replaces the active Writer root popup and returns to editing on Escape (677ms)
  ✓  201 [writer] › apps/office/e2e/writer-responsive-sidebar.spec.ts:139:1 › the mobile table grid dismisses outside and More Options opens the full dialog (1.1s)
  ✓  202 [writer] › apps/office/e2e/writer-root-menu-boundary.spec.ts:5:3 › End replaces the active Writer root popup and returns to editing on Escape (749ms)
  ✓  204 [writer] › apps/office/e2e/writer-root-menu-boundary.spec.ts:31:1 › Writer F10 boundary navigation stays unopened until an explicit popup key (519ms)
  ✓  203 [writer] › apps/office/e2e/writer-root-menu-focus.spec.ts:4:1 › pointer root popup owns focus and passes keyboard input to its first command (619ms)
  ✓  206 [writer] › apps/office/e2e/writer-root-menu-focus.spec.ts:24:3 › root ArrowDown selects the first Writer command and executes one toggle (525ms)
  ✓  207 [writer] › apps/office/e2e/writer-root-menu-focus.spec.ts:24:3 › root ArrowUp selects the first Writer command and executes one toggle (566ms)
  ✓  208 [writer] › apps/office/e2e/writer-root-menu-focus.spec.ts:24:3 › root Enter selects the first Writer command and executes one toggle (513ms)
  ✓  209 [writer] › apps/office/e2e/writer-root-menu-focus.spec.ts:24:3 › root Space selects the first Writer command and executes one toggle (598ms)
  ✓  205 [writer] › apps/office/e2e/writer-ruler-auto-first.spec.ts:16:3 › Writer automatic first-line ruler at width 1280 (2.3s)
  ✓  210 [writer] › apps/office/e2e/writer-ruler-default-tabs.spec.ts:5:3 › Writer default ruler tabs at width 1280 (984ms)
  ✓  212 [writer] › apps/office/e2e/writer-ruler-default-tabs.spec.ts:5:3 › Writer default ruler tabs at width 390 (874ms)
  ✓  211 [writer] › apps/office/e2e/writer-ruler-auto-first.spec.ts:16:3 › Writer automatic first-line ruler at width 390 (2.0s)
  ✓  213 [writer] › apps/office/e2e/writer-ruler-indent-items.spec.ts:16:3 › Writer automatic ruler item history at width 1280 (2.5s)
  ✓  214 [writer] › apps/office/e2e/writer-ruler-indent-pixels.spec.ts:16:3 › Writer rounded paragraph indents at width 1280 (2.5s)
  ✓  215 [writer] › apps/office/e2e/writer-ruler-indent-items.spec.ts:16:3 › Writer automatic ruler item history at width 390 (2.0s)
  ✓  216 [writer] › apps/office/e2e/writer-ruler-indent-pixels.spec.ts:16:3 › Writer rounded paragraph indents at width 390 (2.0s)
  ✓  218 [writer] › apps/office/e2e/writer-ruler-tab-identity.spec.ts:5:3 › Writer ruler tab identity at width 1280 (966ms)
  ✓  217 [writer] › apps/office/e2e/writer-ruler-tab-glyphs.spec.ts:56:3 › Writer ruler typed glyphs at width 1280 (1.4s)
  ✓  219 [writer] › apps/office/e2e/writer-ruler-tab-identity.spec.ts:5:3 › Writer ruler tab identity at width 390 (912ms)
  ✓  220 [writer] › apps/office/e2e/writer-ruler-tab-glyphs.spec.ts:56:3 › Writer ruler typed glyphs at width 390 (1.4s)
  ✓  221 [writer] › apps/office/e2e/writer-ruler-tab-insertion.spec.ts:12:3 › Writer replaces a hidden default ruler tab at width 1280 (1.0s)
  ✓  223 [writer] › apps/office/e2e/writer-ruler-tab-insertion.spec.ts:12:3 › Writer replaces a hidden default ruler tab at width 390 (866ms)
  ✓  222 [writer] › apps/office/e2e/writer-ruler-tab-pixels.spec.ts:12:3 › Writer rounded tab anchors at width 1280 (1.4s)
  ✓  224 [writer] › apps/office/e2e/writer-ruler-tracking.spec.ts:5:3 › Writer ruler tracking at width 1280 (1.4s)
  ✓  225 [writer] › apps/office/e2e/writer-ruler-tab-pixels.spec.ts:12:3 › Writer rounded tab anchors at width 390 (1.3s)
  ✓  226 [writer] › apps/office/e2e/writer-ruler-tracking.spec.ts:5:3 › Writer ruler tracking at width 390 (1.3s)
  ✓  227 [writer] › apps/office/e2e/writer-selected-list-toggle.spec.ts:5:5 › Writer selected body toggle Ordered List as one list range (1.1s)
  ✓  228 [writer] › apps/office/e2e/writer-sidebar-deck.spec.ts:8:3 › Properties deck closes and reopens with document focus at width 1280 (912ms)
  ✓  229 [writer] › apps/office/e2e/writer-selected-list-toggle.spec.ts:5:5 › Writer selected body toggle Unordered List as one list range (1.1s)
  ✓  230 [writer] › apps/office/e2e/writer-sidebar-deck.spec.ts:8:3 › Properties deck closes and reopens with document focus at width 390 (814ms)
  ✓  231 [writer] › apps/office/e2e/writer-selected-list-toggle.spec.ts:5:5 › Writer selected table cells toggle Ordered List as one list range (1.3s)
  ✓  232 [writer] › apps/office/e2e/writer-sidebar-escape.spec.ts:8:3 › Paragraph panel Escape returns to title then document at width 1280 (858ms)
  ✓  234 [writer] › apps/office/e2e/writer-sidebar-escape.spec.ts:8:3 › Paragraph panel Escape returns to title then document at width 390 (724ms)
  ✓  233 [writer] › apps/office/e2e/writer-selected-list-toggle.spec.ts:5:5 › Writer selected table cells toggle Unordered List as one list range (1.4s)
  ✓  235 [writer] › apps/office/e2e/writer-sidebar-key-isolation.spec.ts:5:3 › Sidebar docking key isolation at width 1280 (1.3s)
  ✓  236 [writer] › apps/office/e2e/writer-sidebar-navigation.spec.ts:8:3 › Sidebar managed Tab and arrow navigation at width 1280 (1.3s)
  ✓  237 [writer] › apps/office/e2e/writer-sidebar-key-isolation.spec.ts:5:3 › Sidebar docking key isolation at width 390 (1.1s)
  ✓  238 [writer] › apps/office/e2e/writer-sidebar-navigation.spec.ts:8:3 › Sidebar managed Tab and arrow navigation at width 390 (1.2s)
  ✓  239 [writer] › apps/office/e2e/writer-sidebar-panel.spec.ts:8:3 › Paragraph panel expansion and More Options at width 1280 (1.0s)
  ✓  240 [writer] › apps/office/e2e/writer-sidebar-scroll.spec.ts:5:3 › Sidebar ShowPanel reveals an oversized Paragraph panel at width 1280 (620ms)
  ✓  242 [writer] › apps/office/e2e/writer-sidebar-scroll.spec.ts:5:3 › Sidebar ShowPanel reveals an oversized Paragraph panel at width 390 (643ms)
  ✓  241 [writer] › apps/office/e2e/writer-sidebar-panel.spec.ts:8:3 › Paragraph panel expansion and More Options at width 390 (925ms)
  ✓  243 [writer] › apps/office/e2e/writer-style-focus.spec.ts:68:3 › Writer direct style choice focus width=1280 (1.3s)
  ✓  244 [writer] › apps/office/e2e/writer-style-redo.spec.ts:38:3 › Writer native paired style history width=1280 (1.8s)
  ✓  245 [writer] › apps/office/e2e/writer-style-focus.spec.ts:99:3 › Writer keyboard style choice focus width=1280 (1.4s)
  ✓  246 [writer] › apps/office/e2e/writer-style-redo.spec.ts:38:3 › Writer native paired style history width=390 (1.6s)
  ✓  247 [writer] › apps/office/e2e/writer-style-focus.spec.ts:68:3 › Writer direct style choice focus width=390 (1.1s)
  ✓  249 [writer] › apps/office/e2e/writer-style-focus.spec.ts:99:3 › Writer keyboard style choice focus width=390 (1.6s)
  ✓  248 [writer] › apps/office/e2e/writer-style-reset.spec.ts:80:3 › Writer ordinary native style reset width=1280 (2.1s)
  ✓  250 [writer] › apps/office/e2e/writer-style-selection.spec.ts:63:3 › Writer inclusive paragraph style range width=1280 (1.6s)
  ✓  251 [writer] › apps/office/e2e/writer-style-reset.spec.ts:80:3 › Writer ordinary native style reset width=390 (1.9s)
  ✓  252 [writer] › apps/office/e2e/writer-style-selection.spec.ts:63:3 › Writer inclusive paragraph style range width=390 (1.7s)
  ✓  254 [writer] › apps/office/e2e/writer-submenu-keyboard.spec.ts:5:3 › nested Writer ruler toggles once with Enter (842ms)
  ✓  253 [writer] › apps/office/e2e/writer-style-selector.spec.ts:15:3 › Writer live style selector width=1280 (2.3s)
  ✓  255 [writer] › apps/office/e2e/writer-submenu-keyboard.spec.ts:5:3 › nested Writer ruler toggles once with Space (692ms)
  ✓  257 [writer] › apps/office/e2e/writer-submenu-preselection.spec.ts:4:1 › pointer submenu owns focus without a selected Writer command (810ms)
  ✓  256 [writer] › apps/office/e2e/writer-style-selector.spec.ts:15:3 › Writer live style selector width=390 (1.8s)
  ✓  258 [writer] › apps/office/e2e/writer-submenu-preselection.spec.ts:35:1 › keyboard opening still preselects and executes one Writer command (896ms)
  ✓  259 [writer] › apps/office/e2e/writer-table-alignment.spec.ts:9:3 › native automatic restores edited width viewport=1280 (1.3s)
  ✓  261 [writer] › apps/office/e2e/writer-table-alignment.spec.ts:9:3 › native automatic restores edited width viewport=390 (1.0s)
  ✓  260 [writer] › apps/office/e2e/writer-table-border-changed-items.spec.ts:7:3 › native changed border properties preserve untouched cells width=1280 (1.9s)
  ✓  262 [writer] › apps/office/e2e/writer-table-alignment.spec.ts:48:5 › native table Automatic viewport=1280 (1.3s)
  ✓  263 [writer] › apps/office/e2e/writer-table-border-changed-items.spec.ts:7:3 › native changed border properties preserve untouched cells width=390 (1.6s)
  ✓  264 [writer] › apps/office/e2e/writer-table-alignment.spec.ts:48:5 › native table Left viewport=1280 (1.3s)
  ✓  265 [writer] › apps/office/e2e/writer-table-border-common-state.spec.ts:10:3 › native common border input and selected four-distance history width=1280 (2.1s)
  ✓  266 [writer] › apps/office/e2e/writer-table-alignment.spec.ts:48:5 › native table From left viewport=1280 (1.4s)
  ✓  268 [writer] › apps/office/e2e/writer-table-alignment.spec.ts:48:5 › native table Right viewport=1280 (1.3s)
  ✓  267 [writer] › apps/office/e2e/writer-table-border-common-state.spec.ts:10:3 › native common border input and selected four-distance history width=390 (2.5s)
  ✓  269 [writer] › apps/office/e2e/writer-table-alignment.spec.ts:48:5 › native table Center viewport=1280 (2.1s)
  ✓  270 [writer] › apps/office/e2e/writer-table-headlines.spec.ts:9:1 › Writer headline-adjacent text reflow retains a source caret beyond the old page fragment (1.3s)
  ✓  272 [writer] › apps/office/e2e/writer-table-headlines.spec.ts:109:3 › Writer repeated table headlines edit the original native header width=1280 (1.8s)
  ✓  271 [writer] › apps/office/e2e/writer-table-alignment.spec.ts:48:5 › native table Manual viewport=1280 (2.0s)
  ✓  273 [writer] › apps/office/e2e/writer-table-headlines.spec.ts:109:3 › Writer repeated table headlines edit the original native header width=390 (1.1s)
  ✓  274 [writer] › apps/office/e2e/writer-table-alignment.spec.ts:48:5 › native table Automatic viewport=390 (1.4s)
  ✓  275 [writer] › apps/office/e2e/writer-table-print-area.spec.ts:22:5 › Writer native table print geometry left width=1280 (1.2s)
  ✓  276 [writer] › apps/office/e2e/writer-table-alignment.spec.ts:48:5 › native table Left viewport=390 (1.4s)
  ✓  277 [writer] › apps/office/e2e/writer-table-print-area.spec.ts:22:5 › Writer native table print geometry center width=1280 (1.1s)
  ✓  278 [writer] › apps/office/e2e/writer-table-alignment.spec.ts:48:5 › native table From left viewport=390 (1.4s)
  ✓  279 [writer] › apps/office/e2e/writer-table-print-area.spec.ts:22:5 › Writer native table print geometry right width=1280 (1.3s)
  ✓  281 [writer] › apps/office/e2e/writer-table-print-area.spec.ts:22:5 › Writer native table print geometry margins width=1280 (1.1s)
  ✓  280 [writer] › apps/office/e2e/writer-table-alignment.spec.ts:48:5 › native table Right viewport=390 (1.5s)
  ✓  282 [writer] › apps/office/e2e/writer-table-print-area.spec.ts:22:5 › Writer native table print geometry left width=390 (1.0s)
  ✓  283 [writer] › apps/office/e2e/writer-table-alignment.spec.ts:48:5 › native table Center viewport=390 (1.3s)
  ✓  284 [writer] › apps/office/e2e/writer-table-print-area.spec.ts:22:5 › Writer native table print geometry center width=390 (1.0s)
  ✓  285 [writer] › apps/office/e2e/writer-table-alignment.spec.ts:48:5 › native table Manual viewport=390 (1.3s)
  ✓  286 [writer] › apps/office/e2e/writer-table-print-area.spec.ts:22:5 › Writer native table print geometry right width=390 (956ms)
  ✓  288 [writer] › apps/office/e2e/writer-table-print-area.spec.ts:22:5 › Writer native table print geometry margins width=390 (1.0s)
  ✓  287 [writer] › apps/office/e2e/writer-table-properties-history.spec.ts:13:3 › Writer table properties native history width=1280 (1.7s)
  ✓  289 [writer] › apps/office/e2e/writer-table-ring-continue.spec.ts:10:3 › Writer table row Add to List Ordered List/plain (1.7s)
  ✓  290 [writer] › apps/office/e2e/writer-table-properties-history.spec.ts:13:3 › Writer table properties native history width=390 (1.8s)
  ✓  291 [writer] › apps/office/e2e/writer-table-ring-continue.spec.ts:10:3 › Writer table row Add to List Ordered List/different (1.8s)
  ✓  292 [writer] › apps/office/e2e/writer-table-row-lists.spec.ts:5:3 › Writer table row native list commands Ordered List (1.6s)
  ✓  293 [writer] › apps/office/e2e/writer-table-ring-continue.spec.ts:10:3 › Writer table row Add to List Unordered List/plain (1.6s)
  ✓  294 [writer] › apps/office/e2e/writer-table-row-lists.spec.ts:5:3 › Writer table row native list commands Unordered List (1.7s)
  ✓  296 [writer] › apps/office/e2e/writer-uncounted-list-layout.spec.ts:4:3 › Writer uncounted list keeps native text-left through history cell=false (1.1s)
  ✓  295 [writer] › apps/office/e2e/writer-table-ring-continue.spec.ts:10:3 › Writer table row Add to List Unordered List/different (1.8s)
  ✓  297 [writer] › apps/office/e2e/writer-uncounted-list-layout.spec.ts:4:3 › Writer uncounted list keeps native text-left through history cell=true (1.4s)
  ✓  298 [writer] › apps/office/e2e/writer-table-ring-continue.spec.ts:118:1 › Writer table row Add to List continues an imported restarted body list (2.0s)
(node:74148) Warning: The 'NO_COLOR' env is ignored due to the 'FORCE_COLOR' env being set.
(Use `node --trace-warnings ...` to show where the warning was created)
(node:74153) Warning: The 'NO_COLOR' env is ignored due to the 'FORCE_COLOR' env being set.
(Use `node --trace-warnings ...` to show where the warning was created)
  ✓  300 [shared] › apps/office/e2e/shared/launcher.spec.ts:6:1 › shared launcher routes to the Calc foundation without a Writer session (1.2s)
  ✓  301 [shared] › apps/office/e2e/shared/launcher.spec.ts:21:1 › shared launcher handles unknown application routes (298ms)
  ✓  299 [writer] › apps/office/e2e/writer-dialog-layout.spec.ts:311:3 › Writer dialog layout 1280x800 (8.1s)
  ✓  302 [writer] › apps/office/e2e/writer-dialog-layout.spec.ts:311:3 › Writer dialog layout 390x600 (6.0s)
  ✓  303 [writer] › apps/office/e2e/writer-dialog-layout.spec.ts:311:3 › Writer dialog layout 640x360 (6.2s)

  303 passed (5.6m)
