
 RUN  v4.1.10 /Users/odubinkin/Projects/vite-office/apps/office

 ❯ src/sw/source/core/SwNumberTree/SwNumberTree-destination.test.ts (3 tests | 3 failed) 13ms
   × selects real-child parent and empty destinations in native count order with retained reading and notification behavior 10ms
   × retains an existing destination phantom at an explicit comparator diagnostic boundary 2ms
   × stops destination selection when transfer empties the predecessor and creates no additional phantom 1ms

 Test Files  1 failed (1)
      Tests  3 failed (3)
   Start at  21:44:24
   Duration  991ms (transform 200ms, setup 119ms, import 225ms, tests 13ms, environment 538ms)


⎯⎯⎯⎯⎯⎯⎯ Failed Tests 3 ⎯⎯⎯⎯⎯⎯⎯

 FAIL  src/sw/source/core/SwNumberTree/SwNumberTree-destination.test.ts > selects real-child parent and empty destinations in native count order with retained reading and notification behavior
AssertionError: expected [ 'move:A:new', 'create:new:P0', …(2) ] to deeply equal [ 'count:new:0', 'count:A:2', …(10) ]

- Expected
+ Received

  [
-   "count:new:0",
-   "count:A:2",
    "move:A:new",
-   "count:A:1",
-   "count:new:1",
    "create:new:P0",
-   "count:B:1",
    "move:B:P0",
-   "count:B:1",
-   "count:P0:0",
    "create:P0:P1",
-   "count:C:0",
  ]

 ❯ src/sw/source/core/SwNumberTree/SwNumberTree-destination.test.ts:130:28
    128|       document.SetInReading(reading);
    129|       root.AddChild(child, 0, document);
    130|       expect(trace.events).toEqual([
       |                            ^
    131|         "count:new:0",
    132|         "count:A:2",

⎯⎯⎯⎯⎯⎯⎯⎯⎯⎯⎯⎯⎯⎯⎯⎯⎯⎯⎯⎯⎯⎯⎯⎯[1/3]⎯

 FAIL  src/sw/source/core/SwNumberTree/SwNumberTree-destination.test.ts > retains an existing destination phantom at an explicit comparator diagnostic boundary
AssertionError: expected [ 'move:A:new', 'create:new:P0', …(2) ] to deeply equal [ 'count:new:0', 'count:A:2', …(10) ]

- Expected
+ Received

  [
-   "count:new:0",
-   "count:A:2",
    "move:A:new",
    "create:new:P0",
-   "count:A:1",
-   "count:new:2",
-   "count:B:1",
    "move:B:P0",
-   "count:B:1",
-   "count:P0:0",
    "create:P0:P1",
-   "count:C:0",
  ]

 ❯ src/sw/source/core/SwNumberTree/SwNumberTree-destination.test.ts:204:26
    202|     root.AddChild(child, 0, document);
    203|     expect(injected).toBe(true);
    204|     expect(trace.events).toEqual([
       |                          ^
    205|       "count:new:0",
    206|       "count:A:2",

⎯⎯⎯⎯⎯⎯⎯⎯⎯⎯⎯⎯⎯⎯⎯⎯⎯⎯⎯⎯⎯⎯⎯⎯[2/3]⎯

 FAIL  src/sw/source/core/SwNumberTree/SwNumberTree-destination.test.ts > stops destination selection when transfer empties the predecessor and creates no additional phantom
AssertionError: expected [ 'move:A:new' ] to deeply equal [ 'count:new:0', 'count:A:1', …(2) ]

- Expected
+ Received

  [
-   "count:new:0",
-   "count:A:1",
    "move:A:new",
-   "count:A:0",
  ]

 ❯ src/sw/source/core/SwNumberTree/SwNumberTree-destination.test.ts:238:26
    236|   try {
    237|     root.AddChild(child, 0, document);
    238|     expect(trace.events).toEqual(["count:new:0", "count:A:1", "move:A:…
       |                          ^
    239|     expect(trace.phantoms).toEqual([]);
    240|     expect([...probe(root).mChildren]).toEqual([records[0], child]);

⎯⎯⎯⎯⎯⎯⎯⎯⎯⎯⎯⎯⎯⎯⎯⎯⎯⎯⎯⎯⎯⎯⎯⎯[3/3]⎯

