
> vite-office@0.1.0 verify
> npm run format:check && npm run lint && npm run typecheck && npm run check:dependencies && npm run check:writer-resources && npm run test:coverage && npm run test:inventory:coverage && npm run test:e2e && npm run test:static && npm run check:docs && npm run check:file-size && npm run check:source-tree && npm run check:source-provenance && npm run inventory:invariants && npm run inventory:parity


> vite-office@0.1.0 format:check
> prettier --check .

Checking formatting...
All matched files use Prettier code style!

> vite-office@0.1.0 lint
> eslint . --max-warnings 0


> vite-office@0.1.0 typecheck
> npm run typecheck:tools && npm run typecheck --workspace @vite-office/office


> vite-office@0.1.0 typecheck:tools
> tsc --project tsconfig.tools.json


> @vite-office/office@0.1.0 typecheck
> tsc --noEmit


> vite-office@0.1.0 check:dependencies
> node scripts/check-module-boundaries.mjs

Module boundary check passed: 213 runtime sources, 887 relative imports, 14 allowed cross-module edges.

> vite-office@0.1.0 check:writer-resources
> tsx scripts/generate-writer-ui-resources.ts --check && vitest run scripts/writer-ui-resource-model.test.ts


 RUN  v4.1.10 /Users/odubinkin/Projects/vite-office


 Test Files  1 passed (1)
      Tests  2 passed (2)
   Start at  21:52:07
   Duration  120ms (transform 26ms, setup 0ms, import 35ms, tests 3ms, environment 0ms)


> vite-office@0.1.0 test:coverage
> npm run test:coverage --workspace @vite-office/office


> @vite-office/office@0.1.0 test:coverage
> vitest run --coverage


 RUN  v4.1.10 /Users/odubinkin/Projects/vite-office/apps/office
      Coverage enabled with v8

⎯⎯⎯⎯⎯⎯ Unhandled Errors ⎯⎯⎯⎯⎯⎯

Vitest caught 4 unhandled errors during the test run.
This might cause false positive tests. Resolve unhandled errors to make sure your tests are not affected.

⎯⎯⎯⎯⎯⎯ Unhandled Error ⎯⎯⎯⎯⎯⎯⎯
Error: [vitest-pool]: Failed to start forks worker for test files /Users/odubinkin/Projects/vite-office/apps/office/src/framework/browser/presentation/CommandToolbar.test.tsx.
 ❯ ../../node_modules/vitest/dist/chunks/cli-api.BK8pd4xc.js:3465:94
 ❯ runNextTicks node:internal/process/task_queues:64:5
 ❯ listOnTimeout node:internal/timers:567:9
 ❯ processTimers node:internal/timers:541:7
 ❯ Pool.schedule ../../node_modules/vitest/dist/chunks/cli-api.BK8pd4xc.js:3465:5

Caused by: Error: [vitest-pool-runner]: Timeout waiting for worker to respond
 ❯ Timeout.<anonymous> ../../node_modules/vitest/dist/chunks/cli-api.BK8pd4xc.js:3041:58
 ❯ listOnTimeout node:internal/timers:605:17
 ❯ processTimers node:internal/timers:541:7


⎯⎯⎯⎯⎯⎯ Unhandled Error ⎯⎯⎯⎯⎯⎯⎯
Error: [vitest-pool]: Failed to start forks worker for test files /Users/odubinkin/Projects/vite-office/apps/office/src/sw/source/core/txtnode/direct-attribute-native.test.ts.
 ❯ ../../node_modules/vitest/dist/chunks/cli-api.BK8pd4xc.js:3465:94
 ❯ runNextTicks node:internal/process/task_queues:64:5
 ❯ processTimers node:internal/timers:538:9
 ❯ Pool.schedule ../../node_modules/vitest/dist/chunks/cli-api.BK8pd4xc.js:3465:5

Caused by: Error: [vitest-pool-runner]: Timeout waiting for worker to respond
 ❯ Timeout.<anonymous> ../../node_modules/vitest/dist/chunks/cli-api.BK8pd4xc.js:3041:58
 ❯ listOnTimeout node:internal/timers:605:17
 ❯ processTimers node:internal/timers:541:7


⎯⎯⎯⎯⎯⎯ Unhandled Error ⎯⎯⎯⎯⎯⎯⎯
Error: [vitest-pool]: Failed to start forks worker for test files /Users/odubinkin/Projects/vite-office/apps/office/src/sw/source/core/doc/writer-boundaries.test.ts.
 ❯ ../../node_modules/vitest/dist/chunks/cli-api.BK8pd4xc.js:3465:94
 ❯ runNextTicks node:internal/process/task_queues:64:5
 ❯ processTimers node:internal/timers:538:9
 ❯ Pool.schedule ../../node_modules/vitest/dist/chunks/cli-api.BK8pd4xc.js:3465:5

Caused by: Error: [vitest-pool-runner]: Timeout waiting for worker to respond
 ❯ Timeout.<anonymous> ../../node_modules/vitest/dist/chunks/cli-api.BK8pd4xc.js:3041:58
 ❯ listOnTimeout node:internal/timers:605:17
 ❯ processTimers node:internal/timers:541:7


⎯⎯⎯⎯⎯⎯ Unhandled Error ⎯⎯⎯⎯⎯⎯⎯
Error: [vitest-pool]: Failed to start forks worker for test files /Users/odubinkin/Projects/vite-office/apps/office/src/sw/source/core/SwNumberTree/SwNumberTree-notification-access.test.ts.
 ❯ ../../node_modules/vitest/dist/chunks/cli-api.BK8pd4xc.js:3465:94
 ❯ runNextTicks node:internal/process/task_queues:64:5
 ❯ processTimers node:internal/timers:538:9
 ❯ Pool.schedule ../../node_modules/vitest/dist/chunks/cli-api.BK8pd4xc.js:3465:5

Caused by: Error: [vitest-pool-runner]: Timeout waiting for worker to respond
 ❯ Timeout.<anonymous> ../../node_modules/vitest/dist/chunks/cli-api.BK8pd4xc.js:3041:58
 ❯ listOnTimeout node:internal/timers:605:17
 ❯ processTimers node:internal/timers:541:7

⎯⎯⎯⎯⎯⎯⎯⎯⎯⎯⎯⎯⎯⎯⎯⎯⎯⎯⎯⎯⎯⎯⎯⎯⎯⎯⎯⎯⎯⎯


 Test Files  175 passed (175)
      Tests  783 passed (783)
     Errors  4 errors
   Start at  21:52:08
   Duration  1034.20s (transform 2.56s, setup 331.98s, import 220.90s, tests 107.11s, environment 269.05s)

 % Coverage report from v8
-------------------|---------|----------|---------|---------|-------------------
File               | % Stmts | % Branch | % Funcs | % Lines | Uncovered Line #s
-------------------|---------|----------|---------|---------|-------------------
All files          |   99.79 |    99.73 |   99.86 |   99.84 |
 ...r/presentation |   99.46 |    98.18 |     100 |     100 |
  ...ndToolbar.tsx |   93.75 |     87.5 |     100 |     100 | 44,65,106
 ...ser/filter/xml |   99.14 |     99.1 |     100 |   99.08 |
  ...ment-codec.ts |   98.42 |    98.52 |     100 |   98.28 | 427,435,443
 ...ource/core/doc |   97.84 |    97.39 |   98.16 |   98.29 |
  ...ingManager.ts |      80 |       50 |      80 |      80 | 65,73
  doc.ts           |   85.04 |    74.54 |   93.33 |   88.65 | ...59,169-181,189
 ...e/core/txtnode |   99.86 |    99.83 |     100 |     100 |
  ...e-handlers.ts |   99.16 |    99.09 |     100 |     100 | 173
-------------------|---------|----------|---------|---------|-------------------

=============================== Coverage summary ===============================
Statements   : 99.79% ( 10983/11006 )
Branches     : 99.73% ( 8289/8311 )
Functions    : 99.86% ( 2944/2948 )
Lines        : 99.84% ( 10083/10099 )
================================================================================
ERROR: Coverage for lines (99.84%) does not meet global threshold (100%)
ERROR: Coverage for functions (99.86%) does not meet global threshold (100%)
ERROR: Coverage for statements (99.79%) does not meet global threshold (100%)
ERROR: Coverage for branches (99.73%) does not meet global threshold (100%)
npm error Lifecycle script `test:coverage` failed with error:
npm error code 1
npm error path /Users/odubinkin/Projects/vite-office/apps/office
npm error workspace @vite-office/office@0.1.0
npm error location /Users/odubinkin/Projects/vite-office/apps/office
npm error command failed
npm error command sh -c vitest run --coverage
