
> vite-office@0.1.0 check:docs
> node scripts/check-jsdoc.mjs

JSDoc validation passed for 417 authored source files.

> vite-office@0.1.0 check:file-size
> node scripts/check-file-size.mjs

File-size check scanned 420 authored files.
Decomposition review candidates:
apps/office/src/framework/browser/app/desktop.test.tsx: 516 lines
apps/office/src/svl/source/items/itemset.test.ts: 677 lines
apps/office/src/sw/browser/editor/WriterPlainTextEditor.test.tsx: 545 lines
apps/office/src/sw/browser/editor/WriterPlainTextEditor.tsx: 507 lines
apps/office/src/sw/browser/filter/xml/writer-document-codec.ts: 545 lines
apps/office/src/sw/browser/presentation/writer-view.test.tsx: 924 lines
apps/office/src/sw/browser/presentation/writer-view.tsx: 753 lines
apps/office/src/sw/browser/presentation/WriterMenuBar.test.tsx: 651 lines
apps/office/src/sw/browser/presentation/WriterPageLayout.test.tsx: 770 lines
apps/office/src/sw/browser/presentation/WriterParagraphDialog.tsx: 543 lines
apps/office/src/sw/source/core/doc/writer-attributes.test.ts: 721 lines
apps/office/src/sw/source/core/doc/writer-model.test.ts: 959 lines
apps/office/src/sw/source/core/layout/newfrm.test.ts: 628 lines
apps/office/src/sw/source/core/layout/newfrm.ts: 686 lines
apps/office/src/sw/source/core/txtnode/ndhints.ts: 652 lines
apps/office/src/sw/source/core/txtnode/ndtxt.ts: 835 lines
apps/office/src/sw/source/core/undo/undobj.test.ts: 633 lines
apps/office/src/sw/source/filter/xml/odt-property-roundtrip.test.ts: 887 lines
apps/office/src/sw/source/filter/xml/odt-roundtrip.test.ts: 958 lines
apps/office/src/sw/source/filter/xml/xmlexp.ts: 652 lines
apps/office/src/sw/source/filter/xml/xmlimp.ts: 978 lines
apps/office/src/sw/source/uibase/shells/textsh1.ts: 996 lines
apps/office/src/sw/source/uibase/wrtsh/wrtsh1.test.ts: 972 lines
apps/office/src/sw/source/uibase/wrtsh/wrtsh1.ts: 702 lines
apps/office/src/vcl/browser/lo-runtime-fonts.css: 955 lines
apps/office/src/xmloff/source/style/xmlstyle.ts: 756 lines
apps/office/src/xmloff/source/text/txtpara.test.ts: 740 lines
apps/office/src/xmloff/source/text/txtparae.ts: 999 lines
apps/office/src/xmloff/source/text/txtparai.ts: 619 lines
scripts/check-source-provenance.ts: 699 lines
scripts/generate-writer-ui-resources.ts: 622 lines
scripts/libreoffice-inventory/contracts.ts: 536 lines
scripts/libreoffice-inventory/parity-mappings.test.ts: 870 lines
scripts/libreoffice-inventory/parity-mappings.ts: 991 lines
scripts/libreoffice-inventory/runtime-inventory.test.ts: 566 lines
scripts/libreoffice-inventory/runtime-inventory.ts: 805 lines

> vite-office@0.1.0 check:source-tree
> node scripts/check-lo-source-tree.mjs

LibreOffice source-tree check passed for 111 required paths and 33 retired roots.

> vite-office@0.1.0 check:source-provenance
> tsx scripts/check-source-provenance.ts

Source provenance check passed for 195 runtime modules (119 mapped, 60 browser adaptations, 16 local infrastructure).
Remaining invariant/parity gates exited 0; semanticViolationCount=0. Large generated inventory report omitted.
