
> vite-office@0.1.0 test:coverage
> npm run test:coverage --workspace @vite-office/office


> @vite-office/office@0.1.0 test:coverage
> vitest run --coverage


 RUN  v4.1.10 /Users/odubinkin/Projects/vite-office/apps/office
      Coverage enabled with v8


 Test Files  147 passed (147)
      Tests  661 passed (661)
   Start at  11:32:52
   Duration  162.99s (transform 5.30s, setup 24.16s, import 20.92s, tests 122.39s, environment 113.89s)

 % Coverage report from v8
-------------------|---------|----------|---------|---------|-------------------
File               | % Stmts | % Branch | % Funcs | % Lines | Uncovered Line #s
-------------------|---------|----------|---------|---------|-------------------
All files          |   99.97 |    99.94 |     100 |     100 |
 ...e/SwNumberTree |   98.51 |    97.82 |     100 |     100 |
  SwNumberTree.ts  |   98.36 |    97.46 |     100 |     100 | 161,186,233,237
-------------------|---------|----------|---------|---------|-------------------

=============================== Coverage summary ===============================
Statements   : 99.97% ( 10125/10128 )
Branches     : 99.94% ( 7653/7657 )
Functions    : 100% ( 2772/2772 )
Lines        : 100% ( 9306/9306 )
================================================================================
ERROR: Coverage for statements (99.97%) does not meet global threshold (100%)
ERROR: Coverage for branches (99.94%) does not meet global threshold (100%)
npm error Lifecycle script `test:coverage` failed with error:
npm error code 1
npm error path /Users/odubinkin/Projects/vite-office/apps/office
npm error workspace @vite-office/office@0.1.0
npm error location /Users/odubinkin/Projects/vite-office/apps/office
npm error command failed
npm error command sh -c vitest run --coverage
