
 RUN  v4.1.10 /Users/odubinkin/Projects/vite-office/apps/office

 ❯ src/sw/source/core/SwNumberTree/SwNumberTree-phantoms.test.ts (2 tests | 1 failed) 540ms
   × preserves native phantom topology through sorted insertion 537ms

⎯⎯⎯⎯⎯⎯⎯ Failed Tests 1 ⎯⎯⎯⎯⎯⎯⎯

 FAIL  src/sw/source/core/SwNumberTree/SwNumberTree-phantoms.test.ts > preserves native phantom topology through sorted insertion
AssertionError: expected [ [ 7 ], [ 7, 5, 3, 2 ], [ 7 ], …(2) ] to deeply equal [ [ 7 ], [ 7, 5, 3, 2 ], [ 7 ], …(2) ]

- Expected
+ Received

@@ -11,14 +11,14 @@
    [
      7,
    ],
    [
      7,
-     6,
+     5,
    ],
    [
      7,
-     6,
+     5,
      3,
      2,
    ],
  ]

 ❯ src/sw/source/core/SwNumberTree/SwNumberTree-phantoms.test.ts:249:9
    247|           (record) => record.GetNumberVector(),
    248|         ),
    249|       ).toEqual(native?.expected[orderIndex]);
       |         ^
    250|       root.InvalidateTree();
    251|       expect(

⎯⎯⎯⎯⎯⎯⎯⎯⎯⎯⎯⎯⎯⎯⎯⎯⎯⎯⎯⎯⎯⎯⎯⎯[1/1]⎯


 Test Files  1 failed | 12 passed (13)
      Tests  1 failed | 57 passed (58)
   Start at  14:01:28
   Duration  12.07s (transform 1.94s, setup 2.54s, import 3.57s, tests 2.50s, environment 12.44s)
