
> vite-office@0.1.0 verify
> npm run format:check && npm run lint && npm run typecheck && npm run check:dependencies && npm run check:writer-resources && npm run test:coverage && npm run test:inventory:coverage && npm run test:e2e && npm run test:static && npm run check:docs && npm run check:file-size && npm run check:source-tree && npm run check:source-provenance && npm run inventory:invariants && npm run inventory:parity


> vite-office@0.1.0 format:check
> prettier --check .

Checking formatting...
All matched files use Prettier code style!

> vite-office@0.1.0 lint
> eslint . --max-warnings 0


> vite-office@0.1.0 typecheck
> npm run typecheck:tools && npm run typecheck --workspace @vite-office/office


> vite-office@0.1.0 typecheck:tools
> tsc --project tsconfig.tools.json


> @vite-office/office@0.1.0 typecheck
> tsc --noEmit


> vite-office@0.1.0 check:dependencies
> node scripts/check-module-boundaries.mjs

Module boundary check passed: 214 runtime sources, 892 relative imports, 14 allowed cross-module edges.

> vite-office@0.1.0 check:writer-resources
> tsx scripts/generate-writer-ui-resources.ts --check && vitest run scripts/writer-ui-resource-model.test.ts


 RUN  v4.1.10 /Users/odubinkin/Projects/vite-office


 Test Files  1 passed (1)
      Tests  2 passed (2)
   Start at  06:42:52
   Duration  102ms (transform 17ms, setup 0ms, import 24ms, tests 3ms, environment 0ms)


> vite-office@0.1.0 test:coverage
> npm run test:coverage --workspace @vite-office/office


> @vite-office/office@0.1.0 test:coverage
> vitest run --coverage


 RUN  v4.1.10 /Users/odubinkin/Projects/vite-office/apps/office
      Coverage enabled with v8


 Test Files  197 passed (197)
      Tests  939 passed (939)
   Start at  06:42:53
   Duration  90.86s (transform 2.52s, setup 13.71s, import 11.76s, tests 60.71s, environment 67.00s)

 % Coverage report from v8
-------------------|---------|----------|---------|---------|-------------------
File               | % Stmts | % Branch | % Funcs | % Lines | Uncovered Line #s 
-------------------|---------|----------|---------|---------|-------------------
-------------------|---------|----------|---------|---------|-------------------

=============================== Coverage summary ===============================
Statements   : 100% ( 11129/11129 )
Branches     : 100% ( 8407/8407 )
Functions    : 100% ( 2960/2960 )
Lines        : 100% ( 10212/10212 )
================================================================================

> vite-office@0.1.0 test:inventory:coverage
> vitest run --config scripts/libreoffice-inventory/vitest.config.ts --coverage


 RUN  v4.1.10 /Users/odubinkin/Projects/vite-office
      Coverage enabled with v8


 Test Files  36 passed (36)
      Tests  109 passed (109)
   Start at  06:44:24
   Duration  21.34s (transform 665ms, setup 0ms, import 1.60s, tests 16.55s, environment 2ms)

 % Coverage report from v8
-------------------|---------|----------|---------|---------|-------------------
File               | % Stmts | % Branch | % Funcs | % Lines | Uncovered Line #s 
-------------------|---------|----------|---------|---------|-------------------
-------------------|---------|----------|---------|---------|-------------------

=============================== Coverage summary ===============================
Statements   : 100% ( 1523/1523 )
Branches     : 100% ( 1080/1080 )
Functions    : 100% ( 384/384 )
Lines        : 100% ( 1464/1464 )
================================================================================

> vite-office@0.1.0 test:e2e
> npm run build && playwright test --config apps/office/playwright.config.ts


> vite-office@0.1.0 build
> npm run build --workspace @vite-office/office


> @vite-office/office@0.1.0 build
> tsc --noEmit && vite build

vite v8.2.1 building client environment for production...
[2Ktransforming...✓ 2004 modules transformed.
rendering chunks...
computing gzip size...
dist/index.html                         0.56 kB │ gzip:   0.35 kB
dist/assets/odt-worker-DMY26PIz.js    287.24 kB
dist/assets/index-wY4M25Dk.css         58.87 kB │ gzip:   9.58 kB
dist/assets/index-B3SGdDGP.js       1,160.53 kB │ gzip: 279.71 kB

✓ built in 567ms

Running 35 tests using 4 workers

  ✓   2 apps/office/e2e/writer-clipboard.spec.ts:5:1 › copies visible formatted Writer content through the native browser copy event (1.3s)
  ✓   1 apps/office/e2e/writer-cut-paste.spec.ts:5:1 › Writer Cut and Paste (1.3s)
  ✓   3 apps/office/e2e/writer-character-formatting.spec.ts:5:1 › Writer direct character formatting (1.8s)
  ✓   6 apps/office/e2e/writer-cut-paste.spec.ts:55:1 › Writer immediate spaces and structured list Paste (814ms)
  ✓   5 apps/office/e2e/writer-clipboard.spec.ts:54:1 › Writer list clipboard (1.1s)
  ✓   7 apps/office/e2e/writer-document-selection.spec.ts:5:1 › supports document-wide selection through Ctrl/Cmd+A and pointer dragging (1.1s)
  ✓  10 apps/office/e2e/writer-document-selection.spec.ts:139:1 › places the caret at the first clicked position in a different paragraph (832ms)
  ✓   8 apps/office/e2e/writer-hyperlinks.spec.ts:9:1 › Writer creates, edits, and round-trips hyperlinks (1.7s)
  ✓  12 apps/office/e2e/writer-menu-alignment.spec.ts:4:1 › menu commands and submenus align their labels (876ms)
  ✓   4 apps/office/e2e/foundation.spec.ts:8:1 › Writer menu keyboard navigation and accessible application chrome (5.0s)
  ✓   9 apps/office/e2e/writer-layout-ratios.spec.ts:11:1 › Writer keeps measured page breaks across device pixel ratios (2.4s)
  ✓  13 apps/office/e2e/writer-menu-document-focus.spec.ts:4:1 › unopened menu Escape without a saved owner focuses the Writer document (518ms)
  ✓  11 apps/office/e2e/writer-lists.spec.ts:5:1 › Writer bullets and numbering (1.7s)
  ✓  14 apps/office/e2e/writer-menu-saved-focus.spec.ts:4:1 › root Escape returns focus and typing to the saved Writer editor (661ms)
  ✓  16 apps/office/e2e/writer-menu-document-focus.spec.ts:23:1 › unopened menu Escape restores its saved Writer toolbar control (660ms)
  ✓  17 apps/office/e2e/writer-print.spec.ts:5:1 › Print appears in upstream locations and print media keeps only pages (776ms)
  ✓  15 apps/office/e2e/writer-odt-file.spec.ts:15:1 › Writer opens and saves a bounded ODT file (1.3s)
  ✓  19 apps/office/e2e/writer-responsive-sidebar.spec.ts:7:1 › long menus scroll inside the viewport and nested commands stay reachable (744ms)
  ✓  18 apps/office/e2e/writer-menu-saved-focus.spec.ts:17:1 › root and nested commands restore the saved editor before dispatch (1.1s)
  ✓  20 apps/office/e2e/writer-root-menu-focus.spec.ts:4:1 › pointer root popup owns focus and passes keyboard input to its first command (709ms)
  ✓  23 apps/office/e2e/writer-menu-saved-focus.spec.ts:38:1 › a menu command leaves focus in its newly opened Hyperlink dialog (730ms)
  ✓  22 apps/office/e2e/writer-responsive-sidebar.spec.ts:61:1 › sidebar remains reachable and its checked state follows visibility on a touch viewport (912ms)
  ✓  24 apps/office/e2e/writer-root-menu-focus.spec.ts:24:3 › root ArrowDown selects the first Writer command and executes one toggle (700ms)
  ✓  21 apps/office/e2e/writer-odt-file.spec.ts:87:1 › Writer keeps one ODT text node across visible page fragments after reopen (1.5s)
  ✓  25 apps/office/e2e/writer-menu-saved-focus.spec.ts:49:1 › outside pointer focus belongs to the clicked Writer control (645ms)
  ✓  26 apps/office/e2e/writer-responsive-sidebar.spec.ts:87:1 › the page stays within the viewport while the document and modal scroll (638ms)
  ✓  27 apps/office/e2e/writer-root-menu-focus.spec.ts:24:3 › root ArrowUp selects the first Writer command and executes one toggle (572ms)
  ✓  31 apps/office/e2e/writer-root-menu-focus.spec.ts:24:3 › root Enter selects the first Writer command and executes one toggle (527ms)
  ✓  29 apps/office/e2e/writer-submenu-keyboard.spec.ts:5:3 › nested Writer ruler toggles once with Enter (750ms)
  ✓  28 apps/office/e2e/writer-odt-file.spec.ts:139:1 › Writer types in a table cell and reopens the edited ODT (1.2s)
  ✓  30 apps/office/e2e/writer-responsive-sidebar.spec.ts:130:1 › the mobile table grid dismisses outside and More Options opens the full dialog (881ms)
  ✓  32 apps/office/e2e/writer-root-menu-focus.spec.ts:24:3 › root Space selects the first Writer command and executes one toggle (582ms)
  ✓  33 apps/office/e2e/writer-submenu-keyboard.spec.ts:5:3 › nested Writer ruler toggles once with Space (661ms)
  ✓  34 apps/office/e2e/writer-submenu-preselection.spec.ts:4:1 › pointer submenu owns focus without a selected Writer command (765ms)
  ✓  35 apps/office/e2e/writer-submenu-preselection.spec.ts:35:1 › keyboard opening still preselects and executes one Writer command (426ms)

  35 passed (11.6s)

> vite-office@0.1.0 test:static
> npm run build && node scripts/check-static-build.mjs


> vite-office@0.1.0 build
> npm run build --workspace @vite-office/office


> @vite-office/office@0.1.0 build
> tsc --noEmit && vite build

vite v8.2.1 building client environment for production...
[2Ktransforming...✓ 2004 modules transformed.
rendering chunks...
computing gzip size...
dist/index.html                         0.56 kB │ gzip:   0.35 kB
dist/assets/odt-worker-DMY26PIz.js    287.24 kB
dist/assets/index-wY4M25Dk.css         58.87 kB │ gzip:   9.58 kB
dist/assets/index-B3SGdDGP.js       1,160.53 kB │ gzip: 279.71 kB

✓ built in 421ms
Static build smoke passed: relative assets, 2 JavaScript bundle(s), no backend endpoints.

> vite-office@0.1.0 check:docs
> node scripts/check-jsdoc.mjs

JSDoc validation passed for 521 authored source files.

> vite-office@0.1.0 check:file-size
> node scripts/check-file-size.mjs

File-size check scanned 524 authored files.
Decomposition review candidates:
apps/office/src/framework/browser/app/desktop.test.tsx: 516 lines
apps/office/src/framework/browser/presentation/CommandMenuBar.tsx: 581 lines
apps/office/src/svl/source/items/itemset.test.ts: 677 lines
apps/office/src/sw/browser/editor/WriterPlainTextEditor.test.tsx: 545 lines
apps/office/src/sw/browser/editor/WriterPlainTextEditor.tsx: 509 lines
apps/office/src/sw/browser/filter/xml/writer-document-codec.ts: 709 lines
apps/office/src/sw/browser/presentation/writer-view.test.tsx: 924 lines
apps/office/src/sw/browser/presentation/writer-view.tsx: 759 lines
apps/office/src/sw/browser/presentation/WriterMenuBar.test.tsx: 651 lines
apps/office/src/sw/browser/presentation/WriterPageLayout.test.tsx: 770 lines
apps/office/src/sw/browser/presentation/WriterParagraphDialog.tsx: 543 lines
apps/office/src/sw/source/core/doc/number.ts: 625 lines
apps/office/src/sw/source/core/doc/writer-attributes.test.ts: 723 lines
apps/office/src/sw/source/core/doc/writer-model.test.ts: 959 lines
apps/office/src/sw/source/core/layout/newfrm.test.ts: 628 lines
apps/office/src/sw/source/core/layout/newfrm.ts: 689 lines
apps/office/src/sw/source/core/txtnode/ndhints.ts: 652 lines
apps/office/src/sw/source/core/txtnode/ndtxt.ts: 976 lines
apps/office/src/sw/source/core/undo/undobj.test.ts: 633 lines
apps/office/src/sw/source/filter/xml/odt-list-continuation.test.ts: 517 lines
apps/office/src/sw/source/filter/xml/odt-property-roundtrip.test.ts: 939 lines
apps/office/src/sw/source/filter/xml/odt-roundtrip.test.ts: 952 lines
apps/office/src/sw/source/filter/xml/xmlexp.ts: 725 lines
apps/office/src/sw/source/filter/xml/xmlimp.ts: 992 lines
apps/office/src/sw/source/uibase/shells/textsh1.ts: 996 lines
apps/office/src/sw/source/uibase/wrtsh/wrtsh1.test.ts: 972 lines
apps/office/src/sw/source/uibase/wrtsh/wrtsh1.ts: 702 lines
apps/office/src/vcl/browser/lo-runtime-fonts.css: 955 lines
apps/office/src/xmloff/source/style/xmlstyle.ts: 613 lines
apps/office/src/xmloff/source/text/txtparae.ts: 982 lines
apps/office/src/xmloff/source/text/txtparai.test.ts: 741 lines
apps/office/src/xmloff/source/text/txtparai.ts: 590 lines
scripts/check-source-provenance.ts: 699 lines
scripts/generate-writer-ui-resources.ts: 622 lines
scripts/libreoffice-inventory/contracts.ts: 536 lines
scripts/libreoffice-inventory/parity-mappings.test.ts: 870 lines
scripts/libreoffice-inventory/parity-mappings.ts: 991 lines
scripts/libreoffice-inventory/runtime-inventory.test.ts: 566 lines
scripts/libreoffice-inventory/runtime-inventory.ts: 805 lines

> vite-office@0.1.0 check:source-tree
> node scripts/check-lo-source-tree.mjs

LibreOffice source-tree check passed for 114 required paths and 33 retired roots.

> vite-office@0.1.0 check:source-provenance
> tsx scripts/check-source-provenance.ts

[plugin builtin:vite-reporter] 
(!) Some chunks are larger than 500 kB after minification. Consider:
- Using dynamic import() to code-split the application
- Use build.rolldownOptions.output.codeSplitting to improve chunking: https://rolldown.rs/reference/OutputOptions.codeSplitting
- Adjust chunk size limit for this warning via build.chunkSizeWarningLimit.
[WebServer] (node:41480) Warning: The 'NO_COLOR' env is ignored due to the 'FORCE_COLOR' env being set.
[WebServer] (Use `node --trace-warnings ...` to show where the warning was created)
(node:41491) Warning: The 'NO_COLOR' env is ignored due to the 'FORCE_COLOR' env being set.
(Use `node --trace-warnings ...` to show where the warning was created)
(node:41490) Warning: The 'NO_COLOR' env is ignored due to the 'FORCE_COLOR' env being set.
(Use `node --trace-warnings ...` to show where the warning was created)
(node:41489) Warning: The 'NO_COLOR' env is ignored due to the 'FORCE_COLOR' env being set.
(Use `node --trace-warnings ...` to show where the warning was created)
(node:41488) Warning: The 'NO_COLOR' env is ignored due to the 'FORCE_COLOR' env being set.
(Use `node --trace-warnings ...` to show where the warning was created)
[plugin builtin:vite-reporter]
