
 RUN  v4.1.10 /Users/odubinkin/Projects/vite-office/apps/office

 ❯ src/sw/source/filter/xml/odt-list-rule-application.test.ts (3 tests | 1 failed) 245ms
   × propagates unrelated application failures instead of treating them as a UNO rejection 5ms

⎯⎯⎯⎯⎯⎯⎯ Failed Tests 1 ⎯⎯⎯⎯⎯⎯⎯

 FAIL  src/sw/source/filter/xml/odt-list-rule-application.test.ts > propagates unrelated application failures instead of treating them as a UNO rejection
AssertionError: expected [Function] to throw error including 'Unrelated application failure' but got 'ODF XML is malformed.'

Expected: "Unrelated application failure"
Received: "ODF XML is malformed."

 ❯ src/sw/source/filter/xml/odt-list-rule-application.test.ts:238:7
    236|         { title: "Failure" },
    237|       ),
    238|     ).toThrow("Unrelated application failure");
       |       ^
    239|   } finally {
    240|     failure.mockRestore();

⎯⎯⎯⎯⎯⎯⎯⎯⎯⎯⎯⎯⎯⎯⎯⎯⎯⎯⎯⎯⎯⎯⎯⎯[1/1]⎯


 Test Files  1 failed | 8 passed (9)
      Tests  1 failed | 54 passed (55)
   Start at  04:58:03
   Duration  3.71s (transform 662ms, setup 702ms, import 992ms, tests 807ms, environment 3.65s)

