
 RUN  v4.1.10 /Users/odubinkin/Projects/vite-office/apps/office

 ❯ src/sw/source/filter/xml/odt-roundtrip.test.ts (13 tests | 1 failed) 125ms
     × imports LibreOffice-shaped nested and continued list blocks 11ms
 ❯ src/sw/source/filter/xml/odt-list-rule-application.test.ts (3 tests | 2 failed) 34ms
   × applies list declarations in source order and stops at native property rejection 22ms
   × propagates unrelated application failures instead of treating them as a UNO rejection 3ms

⎯⎯⎯⎯⎯⎯⎯ Failed Tests 3 ⎯⎯⎯⎯⎯⎯⎯

 FAIL  src/sw/source/filter/xml/odt-list-rule-application.test.ts > applies list declarations in source order and stops at native property rejection
AssertionError: expected { kind: 'numbered', bullet: '', …(3) } to deeply equal { kind: 'numbered', bullet: '•', …(3) }

- Expected
+ Received

@@ -1,7 +1,7 @@
  {
-   "bullet": "•",
+   "bullet": "",
    "font": "",
    "kind": "numbered",
    "position": {
      "absLSpace": 0,
      "charTextDistance": 0,

 ❯ src/sw/source/filter/xml/odt-list-rule-application.test.ts:158:56
    156|           expect(state(rule.GetNumFormat(level)), testCase.levels).toE…
    157|           expect(state(copied.GetNumFormat(level))).toEqual(expected);
    158|           expect(state(restored!.GetNumFormat(level))).toEqual(expecte…
       |                                                        ^
    159|         }
    160|         const current = document.paragraphs[0]!;

⎯⎯⎯⎯⎯⎯⎯⎯⎯⎯⎯⎯⎯⎯⎯⎯⎯⎯⎯⎯⎯⎯⎯⎯[1/3]⎯

 FAIL  src/sw/source/filter/xml/odt-list-rule-application.test.ts > propagates unrelated application failures instead of treating them as a UNO rejection
AssertionError: expected [Function] to throw error including 'Unrelated application failure' but got 'ODF Writer Standard paragraph style i…'

Expected: "Unrelated application failure"
Received: "ODF Writer Standard paragraph style is missing."

 ❯ src/sw/source/filter/xml/odt-list-rule-application.test.ts:238:7
    236|         { title: "Failure" },
    237|       ),
    238|     ).toThrow("Unrelated application failure");
       |       ^
    239|   } finally {
    240|     failure.mockRestore();

⎯⎯⎯⎯⎯⎯⎯⎯⎯⎯⎯⎯⎯⎯⎯⎯⎯⎯⎯⎯⎯⎯⎯⎯[2/3]⎯

 FAIL  src/sw/source/filter/xml/odt-roundtrip.test.ts > Writer ODF XML filters > imports LibreOffice-shaped nested and continued list blocks
AssertionError: expected '◦' to be '●' // Object.is equality

Expected: "●"
Received: "◦"

 ❯ src/sw/source/filter/xml/odt-roundtrip.test.ts:425:89
    423|       ),
    424|     );
    425|     expect(roundTripped.document.FindNumRulePtr("L2")?.GetNumFormat(1)…
       |                                                                                         ^
    426|     const restarted = importWriterXml(
    427|       styles,

⎯⎯⎯⎯⎯⎯⎯⎯⎯⎯⎯⎯⎯⎯⎯⎯⎯⎯⎯⎯⎯⎯⎯⎯[3/3]⎯


 Test Files  2 failed | 7 passed (9)
      Tests  3 failed | 52 passed (55)
   Start at  04:56:48
   Duration  3.56s (transform 672ms, setup 690ms, import 1.06s, tests 598ms, environment 3.57s)

