
> vite-office@0.1.0 test:e2e
> npm run build && playwright test --config apps/office/playwright.config.ts


> vite-office@0.1.0 build
> npm run build --workspace @vite-office/office


> @vite-office/office@0.1.0 build
> tsc --noEmit && vite build

vite v8.2.1 building client environment for production...
[2Ktransforming...✓ 2004 modules transformed.
rendering chunks...
computing gzip size...
dist/index.html                         0.56 kB │ gzip:   0.35 kB
dist/assets/odt-worker-DMY26PIz.js    287.24 kB
dist/assets/index-wY4M25Dk.css         58.87 kB │ gzip:   9.58 kB
dist/assets/index-BAd2-n-e.js       1,160.02 kB │ gzip: 279.53 kB

✓ built in 540ms

Running 24 tests using 4 workers

  ✓   2 apps/office/e2e/writer-clipboard.spec.ts:5:1 › copies visible formatted Writer content through the native browser copy event (1.4s)
  ✓   3 apps/office/e2e/writer-cut-paste.spec.ts:5:1 › Writer Cut and Paste (1.4s)
  ✓   1 apps/office/e2e/writer-character-formatting.spec.ts:5:1 › Writer direct character formatting (2.0s)
  ✓   6 apps/office/e2e/writer-cut-paste.spec.ts:55:1 › Writer immediate spaces and structured list Paste (866ms)
  ✓   5 apps/office/e2e/writer-clipboard.spec.ts:54:1 › Writer list clipboard (1.1s)
  ✓   7 apps/office/e2e/writer-document-selection.spec.ts:5:1 › supports document-wide selection through Ctrl/Cmd+A and pointer dragging (1.0s)
  ✓  10 apps/office/e2e/writer-document-selection.spec.ts:139:1 › places the caret at the first clicked position in a different paragraph (757ms)
  ✓   8 apps/office/e2e/writer-hyperlinks.spec.ts:9:1 › Writer creates, edits, and round-trips hyperlinks (1.5s)
  ✓  12 apps/office/e2e/writer-menu-alignment.spec.ts:4:1 › menu commands and submenus align their labels (707ms)
  ✓   4 apps/office/e2e/foundation.spec.ts:8:1 › Writer menu keyboard navigation and accessible application chrome (5.0s)
  ✓   9 apps/office/e2e/writer-layout-ratios.spec.ts:11:1 › Writer keeps measured page breaks across device pixel ratios (2.4s)
  ✓  11 apps/office/e2e/writer-lists.spec.ts:5:1 › Writer bullets and numbering (1.5s)
  ✓  14 apps/office/e2e/writer-print.spec.ts:5:1 › Print appears in upstream locations and print media keeps only pages (699ms)
  ✓  15 apps/office/e2e/writer-responsive-sidebar.spec.ts:7:1 › long menus scroll inside the viewport and nested commands stay reachable (682ms)
  ✓  13 apps/office/e2e/writer-odt-file.spec.ts:15:1 › Writer opens and saves a bounded ODT file (1.3s)
  ✓  16 apps/office/e2e/writer-submenu-keyboard.spec.ts:5:3 › nested Writer ruler toggles once with Enter (814ms)
  ✓  18 apps/office/e2e/writer-responsive-sidebar.spec.ts:61:1 › sidebar remains reachable and its checked state follows visibility on a touch viewport (624ms)
  ✓  17 apps/office/e2e/writer-submenu-preselection.spec.ts:4:1 › pointer submenu owns focus without a selected Writer command (799ms)
  ✓  20 apps/office/e2e/writer-submenu-keyboard.spec.ts:5:3 › nested Writer ruler toggles once with Space (756ms)
  ✓  21 apps/office/e2e/writer-responsive-sidebar.spec.ts:87:1 › the page stays within the viewport while the document and modal scroll (632ms)
  ✓  22 apps/office/e2e/writer-submenu-preselection.spec.ts:35:1 › keyboard opening still preselects and executes one Writer command (807ms)
  ✓  19 apps/office/e2e/writer-odt-file.spec.ts:87:1 › Writer keeps one ODT text node across visible page fragments after reopen (1.3s)
  ✓  23 apps/office/e2e/writer-responsive-sidebar.spec.ts:130:1 › the mobile table grid dismisses outside and More Options opens the full dialog (697ms)
  ✓  24 apps/office/e2e/writer-odt-file.spec.ts:139:1 › Writer types in a table cell and reopens the edited ODT (802ms)

  24 passed (9.4s)
[plugin builtin:vite-reporter] 
(!) Some chunks are larger than 500 kB after minification. Consider:
- Using dynamic import() to code-split the application
- Use build.rolldownOptions.output.codeSplitting to improve chunking: https://rolldown.rs/reference/OutputOptions.codeSplitting
- Adjust chunk size limit for this warning via build.chunkSizeWarningLimit.
[WebServer] (node:9013) Warning: The 'NO_COLOR' env is ignored due to the 'FORCE_COLOR' env being set.
[WebServer] (Use `node --trace-warnings ...` to show where the warning was created)
(node:9023) Warning: The 'NO_COLOR' env is ignored due to the 'FORCE_COLOR' env being set.
(Use `node --trace-warnings ...` to show where the warning was created)
(node:9022) Warning: The 'NO_COLOR' env is ignored due to the 'FORCE_COLOR' env being set.
(Use `node --trace-warnings ...` to show where the warning was created)
(node:9020) Warning: The 'NO_COLOR' env is ignored due to the 'FORCE_COLOR' env being set.
(Use `node --trace-warnings ...` to show where the warning was created)
(node:9021) Warning: The 'NO_COLOR' env is ignored due to the 'FORCE_COLOR' env being set.
(Use `node --trace-warnings ...` to show where the warning was created)

--- terminal summaries ---
Running 24 tests using 4 workers
  24 passed (9.4s)
