
> vite-office@0.1.0 verify
> npm run format:check && npm run lint && npm run typecheck && npm run check:dependencies && npm run check:writer-resources && npm run test:coverage && npm run test:inventory:coverage && npm run test:e2e && npm run test:static && npm run check:docs && npm run check:file-size && npm run check:source-tree && npm run check:source-provenance && npm run inventory:invariants && npm run inventory:parity


> vite-office@0.1.0 format:check
> prettier --check .

Checking formatting...
All matched files use Prettier code style!

> vite-office@0.1.0 lint
> eslint . --max-warnings 0


> vite-office@0.1.0 typecheck
> npm run typecheck:tools && npm run typecheck --workspace @vite-office/office


> vite-office@0.1.0 typecheck:tools
> tsc --project tsconfig.tools.json


> @vite-office/office@0.1.0 typecheck
> tsc --noEmit


> vite-office@0.1.0 check:dependencies
> node scripts/check-module-boundaries.mjs

Module boundary check passed: 202 runtime sources, 830 relative imports, 12 allowed cross-module edges.

> vite-office@0.1.0 check:writer-resources
> tsx scripts/generate-writer-ui-resources.ts --check && vitest run scripts/writer-ui-resource-model.test.ts


 RUN  v4.1.10 /Users/odubinkin/Projects/vite-office


 Test Files  1 passed (1)
      Tests  2 passed (2)
   Start at  09:34:24
   Duration  225ms (transform 43ms, setup 0ms, import 57ms, tests 5ms, environment 0ms)


> vite-office@0.1.0 test:coverage
> npm run test:coverage --workspace @vite-office/office


> @vite-office/office@0.1.0 test:coverage
> vitest run --coverage


 RUN  v4.1.10 /Users/odubinkin/Projects/vite-office/apps/office
      Coverage enabled with v8


 Test Files  143 passed (143)
      Tests  651 passed (651)
   Start at  09:34:25
   Duration  210.14s (transform 4.57s, setup 29.93s, import 23.75s, tests 167.88s, environment 143.95s)

 % Coverage report from v8
-------------------|---------|----------|---------|---------|-------------------
File               | % Stmts | % Branch | % Funcs | % Lines | Uncovered Line #s
-------------------|---------|----------|---------|---------|-------------------
-------------------|---------|----------|---------|---------|-------------------

=============================== Coverage summary ===============================
Statements   : 100% ( 9952/9952 )
Branches     : 100% ( 7505/7505 )
Functions    : 100% ( 2743/2743 )
Lines        : 100% ( 9152/9152 )
================================================================================

> vite-office@0.1.0 test:inventory:coverage
> vitest run --config scripts/libreoffice-inventory/vitest.config.ts --coverage


 RUN  v4.1.10 /Users/odubinkin/Projects/vite-office
      Coverage enabled with v8


 Test Files  36 passed (36)
      Tests  109 passed (109)
   Start at  09:37:56
   Duration  83.10s (transform 1.09s, setup 0ms, import 2.73s, tests 74.76s, environment 3ms)

 % Coverage report from v8
-------------------|---------|----------|---------|---------|-------------------
File               | % Stmts | % Branch | % Funcs | % Lines | Uncovered Line #s
-------------------|---------|----------|---------|---------|-------------------
-------------------|---------|----------|---------|---------|-------------------

=============================== Coverage summary ===============================
Statements   : 100% ( 1523/1523 )
Branches     : 100% ( 1080/1080 )
Functions    : 100% ( 384/384 )
Lines        : 100% ( 1464/1464 )
================================================================================

> vite-office@0.1.0 test:e2e
> npm run build && playwright test --config apps/office/playwright.config.ts


> vite-office@0.1.0 build
> npm run build --workspace @vite-office/office


> @vite-office/office@0.1.0 build
> tsc --noEmit && vite build

vite v8.2.1 building client environment for production...
[2K
transforming...✓ 1993 modules transformed.
rendering chunks...
computing gzip size...
dist/index.html                         0.56 kB │ gzip:   0.35 kB
dist/assets/odt-worker-DYq0Vy93.js    250.83 kB
dist/assets/index-C6eeDUe_.css         58.68 kB │ gzip:   9.59 kB
dist/assets/index-DPETyKKc.js       1,123.39 kB │ gzip: 269.69 kB

✓ built in 1.12s
[plugin builtin:vite-reporter]
(!) Some chunks are larger than 500 kB after minification. Consider:
- Using dynamic import() to code-split the application
- Use build.rolldownOptions.output.codeSplitting to improve chunking: https://rolldown.rs/reference/OutputOptions.codeSplitting
- Adjust chunk size limit for this warning via build.chunkSizeWarningLimit.
[WebServer] (node:37362) Warning: The 'NO_COLOR' env is ignored due to the 'FORCE_COLOR' env being set.
[WebServer] (Use `node --trace-warnings ...` to show where the warning was created)

Running 19 tests using 4 workers

(node:37373) Warning: The 'NO_COLOR' env is ignored due to the 'FORCE_COLOR' env being set.
(Use `node --trace-warnings ...` to show where the warning was created)
(node:37370) Warning: The 'NO_COLOR' env is ignored due to the 'FORCE_COLOR' env being set.
(Use `node --trace-warnings ...` to show where the warning was created)
(node:37372) Warning: The 'NO_COLOR' env is ignored due to the 'FORCE_COLOR' env being set.
(Use `node --trace-warnings ...` to show where the warning was created)
(node:37371) Warning: The 'NO_COLOR' env is ignored due to the 'FORCE_COLOR' env being set.
(Use `node --trace-warnings ...` to show where the warning was created)
  ✓   3 apps/office/e2e/writer-cut-paste.spec.ts:5:1 › Writer Cut and Paste (3.5s)
  ✓   2 apps/office/e2e/writer-clipboard.spec.ts:5:1 › copies visible formatted Writer content through the native browser copy event (3.6s)
  ✓   1 apps/office/e2e/writer-character-formatting.spec.ts:5:1 › Writer direct character formatting (5.4s)
  ✓   5 apps/office/e2e/writer-cut-paste.spec.ts:55:1 › Writer immediate spaces and structured list Paste (3.5s)
  ✓   6 apps/office/e2e/writer-clipboard.spec.ts:54:1 › Writer list clipboard (3.6s)
  ✓   7 apps/office/e2e/writer-document-selection.spec.ts:5:1 › supports document-wide selection through Ctrl/Cmd+A and pointer dragging (3.3s)
  ✓  10 apps/office/e2e/writer-document-selection.spec.ts:139:1 › places the caret at the first clicked position in a different paragraph (2.4s)
  ✓   8 apps/office/e2e/writer-hyperlinks.spec.ts:9:1 › Writer creates, edits, and round-trips hyperlinks (4.4s)
  ✓   4 apps/office/e2e/foundation.spec.ts:8:1 › Writer menu keyboard navigation and accessible application chrome (14.0s)
  ✓  12 apps/office/e2e/writer-menu-alignment.spec.ts:4:1 › menu commands and submenus align their labels (2.3s)
  ✓   9 apps/office/e2e/writer-layout-ratios.spec.ts:11:1 › Writer keeps measured page breaks across device pixel ratios (7.3s)
  ✓  11 apps/office/e2e/writer-lists.spec.ts:5:1 › Writer bullets and numbering (3.9s)
  ✓  13 apps/office/e2e/writer-print.spec.ts:5:1 › Print appears in upstream locations and print media keeps only pages (1.9s)
  ✓  15 apps/office/e2e/writer-responsive-sidebar.spec.ts:7:1 › sidebar remains reachable and its checked state follows visibility on a touch viewport (1.4s)
  ✓  14 apps/office/e2e/writer-odt-file.spec.ts:15:1 › Writer opens and saves a bounded ODT file (2.6s)
  ✓  16 apps/office/e2e/writer-responsive-sidebar.spec.ts:33:1 › the page stays within the viewport while the document and modal scroll (1.0s)
  ✓  18 apps/office/e2e/writer-responsive-sidebar.spec.ts:76:1 › the mobile table grid dismisses outside and More Options opens the full dialog (1.5s)
  ✓  17 apps/office/e2e/writer-odt-file.spec.ts:87:1 › Writer keeps one ODT text node across visible page fragments after reopen (2.4s)
  ✓  19 apps/office/e2e/writer-odt-file.spec.ts:139:1 › Writer types in a table cell and reopens the edited ODT (1.4s)

  19 passed (24.2s)

> vite-office@0.1.0 test:static
> npm run build && node scripts/check-static-build.mjs


> vite-office@0.1.0 build
> npm run build --workspace @vite-office/office


> @vite-office/office@0.1.0 build
> tsc --noEmit && vite build

vite v8.2.1 building client environment for production...
[2K
transforming...✓ 1993 modules transformed.
rendering chunks...
computing gzip size...
dist/index.html                         0.56 kB │ gzip:   0.35 kB
dist/assets/odt-worker-DYq0Vy93.js    250.83 kB
dist/assets/index-C6eeDUe_.css         58.68 kB │ gzip:   9.59 kB
dist/assets/index-DPETyKKc.js       1,123.39 kB │ gzip: 269.69 kB

✓ built in 1.09s
[plugin builtin:vite-reporter]
(!) Some chunks are larger than 500 kB after minification. Consider:
- Using dynamic import() to code-split the application
- Use build.rolldownOptions.output.codeSplitting to improve chunking: https://rolldown.rs/reference/OutputOptions.codeSplitting
- Adjust chunk size limit for this warning via build.chunkSizeWarningLimit.
Static build smoke passed: relative assets, 2 JavaScript bundle(s), no backend endpoints.

> vite-office@0.1.0 check:docs
> node scripts/check-jsdoc.mjs

JSDoc validation passed for 449 authored source files.

> vite-office@0.1.0 check:file-size
> node scripts/check-file-size.mjs

File-size check scanned 452 authored files.
Decomposition review candidates:
apps/office/src/framework/browser/app/desktop.test.tsx: 516 lines
apps/office/src/svl/source/items/itemset.test.ts: 677 lines
apps/office/src/sw/browser/editor/WriterPlainTextEditor.test.tsx: 545 lines
apps/office/src/sw/browser/editor/WriterPlainTextEditor.tsx: 507 lines
apps/office/src/sw/browser/filter/xml/writer-document-codec.ts: 555 lines
apps/office/src/sw/browser/presentation/writer-view.test.tsx: 924 lines
apps/office/src/sw/browser/presentation/writer-view.tsx: 753 lines
apps/office/src/sw/browser/presentation/WriterMenuBar.test.tsx: 651 lines
apps/office/src/sw/browser/presentation/WriterPageLayout.test.tsx: 770 lines
apps/office/src/sw/browser/presentation/WriterParagraphDialog.tsx: 543 lines
apps/office/src/sw/source/core/doc/writer-attributes.test.ts: 721 lines
apps/office/src/sw/source/core/doc/writer-model.test.ts: 959 lines
apps/office/src/sw/source/core/layout/newfrm.test.ts: 628 lines
apps/office/src/sw/source/core/layout/newfrm.ts: 689 lines
apps/office/src/sw/source/core/txtnode/ndhints.ts: 652 lines
apps/office/src/sw/source/core/txtnode/ndtxt.ts: 835 lines
apps/office/src/sw/source/core/undo/undobj.test.ts: 633 lines
apps/office/src/sw/source/filter/xml/odt-property-roundtrip.test.ts: 939 lines
apps/office/src/sw/source/filter/xml/odt-roundtrip.test.ts: 950 lines
apps/office/src/sw/source/filter/xml/xmlexp.ts: 661 lines
apps/office/src/sw/source/filter/xml/xmlimp.ts: 979 lines
apps/office/src/sw/source/uibase/shells/textsh1.ts: 996 lines
apps/office/src/sw/source/uibase/wrtsh/wrtsh1.test.ts: 972 lines
apps/office/src/sw/source/uibase/wrtsh/wrtsh1.ts: 702 lines
apps/office/src/vcl/browser/lo-runtime-fonts.css: 955 lines
apps/office/src/xmloff/source/style/xmlstyle.ts: 608 lines
apps/office/src/xmloff/source/text/txtparae.ts: 961 lines
apps/office/src/xmloff/source/text/txtparai.test.ts: 741 lines
apps/office/src/xmloff/source/text/txtparai.ts: 590 lines
scripts/check-source-provenance.ts: 699 lines
scripts/generate-writer-ui-resources.ts: 622 lines
scripts/libreoffice-inventory/contracts.ts: 536 lines
scripts/libreoffice-inventory/parity-mappings.test.ts: 870 lines
scripts/libreoffice-inventory/parity-mappings.ts: 991 lines
scripts/libreoffice-inventory/runtime-inventory.test.ts: 566 lines
scripts/libreoffice-inventory/runtime-inventory.ts: 805 lines

> vite-office@0.1.0 check:source-tree
> node scripts/check-lo-source-tree.mjs

LibreOffice source-tree check passed for 111 required paths and 33 retired roots.

> vite-office@0.1.0 check:source-provenance
> tsx scripts/check-source-provenance.ts

Source provenance check passed for 203 runtime modules (127 mapped, 60 browser adaptations, 16 local infrastructure).

> vite-office@0.1.0 inventory:invariants
> tsx scripts/libreoffice-inventory/invariants-cli.ts

{"invariantCount":34,"status":"valid"}

Full verify: exec session36449 terminal exit0.
Inventory parity completed successfully; semanticViolationCount0. Verbose inventory JSON omitted from this terminal summary.
