
> vite-office@0.1.0 verify
> npm run format:check && npm run lint && npm run typecheck && npm run check:dependencies && npm run check:writer-resources && npm run test:coverage && npm run test:inventory:coverage && npm run test:e2e && npm run test:static && npm run check:docs && npm run check:file-size && npm run check:source-tree && npm run check:source-provenance && npm run inventory:invariants && npm run inventory:parity


> vite-office@0.1.0 format:check
> prettier --check .

Checking formatting...
All matched files use Prettier code style!

> vite-office@0.1.0 lint
> eslint . --max-warnings 0


> vite-office@0.1.0 typecheck
> npm run typecheck:tools && npm run typecheck --workspace @vite-office/office


> vite-office@0.1.0 typecheck:tools
> tsc --project tsconfig.tools.json


> @vite-office/office@0.1.0 typecheck
> tsc --noEmit


> vite-office@0.1.0 check:dependencies
> node scripts/check-module-boundaries.mjs

Module boundary check passed: 202 runtime sources, 830 relative imports, 12 allowed cross-module edges.

> vite-office@0.1.0 check:writer-resources
> tsx scripts/generate-writer-ui-resources.ts --check && vitest run scripts/writer-ui-resource-model.test.ts


 RUN  v4.1.10 /Users/odubinkin/Projects/vite-office


 Test Files  1 passed (1)
      Tests  2 passed (2)
   Start at  09:13:15
   Duration  127ms (transform 26ms, setup 0ms, import 35ms, tests 3ms, environment 0ms)


> vite-office@0.1.0 test:coverage
> npm run test:coverage --workspace @vite-office/office


> @vite-office/office@0.1.0 test:coverage
> vitest run --coverage


 RUN  v4.1.10 /Users/odubinkin/Projects/vite-office/apps/office
      Coverage enabled with v8


 Test Files  143 passed (143)
      Tests  650 passed (650)
   Start at  09:13:16
   Duration  79.37s (transform 2.40s, setup 11.71s, import 9.72s, tests 58.36s, environment 55.98s)

 % Coverage report from v8
-------------------|---------|----------|---------|---------|-------------------
File               | % Stmts | % Branch | % Funcs | % Lines | Uncovered Line #s
-------------------|---------|----------|---------|---------|-------------------
-------------------|---------|----------|---------|---------|-------------------

=============================== Coverage summary ===============================
Statements   : 100% ( 9951/9951 )
Branches     : 100% ( 7505/7505 )
Functions    : 100% ( 2743/2743 )
Lines        : 100% ( 9151/9151 )
================================================================================

> vite-office@0.1.0 test:inventory:coverage
> vitest run --config scripts/libreoffice-inventory/vitest.config.ts --coverage


 RUN  v4.1.10 /Users/odubinkin/Projects/vite-office
      Coverage enabled with v8

 ❯ scripts/libreoffice-inventory/parity-mapping-cli.test.ts (3 tests | 1 failed) 183ms
     × reads the pinned Writer mapping and reports bounded unresolved ODT parity 178ms

⎯⎯⎯⎯⎯⎯⎯ Failed Tests 1 ⎯⎯⎯⎯⎯⎯⎯

 FAIL  scripts/libreoffice-inventory/parity-mapping-cli.test.ts > parity mapping CLI > reads the pinned Writer mapping and reports bounded unresolved ODT parity
Error: Parity local implementation marker is absent: apps/office/src/xmloff/source/text/txtparai.ts :: TEXT_START_VALUE
 ❯ validateSide scripts/libreoffice-inventory/parity-mapping-support.ts:173:15
    171|       const contents = await readEvidence(`${root}/${reference.path}`);
    172|       if (!contents.includes(reference.marker))
    173|         throw new Error(
       |               ^
    174|           `Parity ${side} ${kind} marker is absent: ${reference.path} …
    175|         );
 ❯ validateParityMappingEvidence scripts/libreoffice-inventory/parity-mappings.ts:336:5
 ❯ runParityMappingCli scripts/libreoffice-inventory/parity-mapping-cli.ts:109:18
 ❯ runsProductionValidation scripts/libreoffice-inventory/parity-mapping-cli.test.ts:79:5

⎯⎯⎯⎯⎯⎯⎯⎯⎯⎯⎯⎯⎯⎯⎯⎯⎯⎯⎯⎯⎯⎯⎯⎯[1/1]⎯


 Test Files  1 failed | 35 passed (36)
      Tests  1 failed | 108 passed (109)
   Start at  09:14:36
   Duration  45.51s (transform 756ms, setup 0ms, import 1.76s, tests 40.22s, environment 2ms)
Terminal: exec session73105 exit1.
