
> vite-office@0.1.0 verify
> npm run format:check && npm run lint && npm run typecheck && npm run check:dependencies && npm run check:writer-resources && npm run test:coverage && npm run test:inventory:coverage && npm run test:e2e && npm run test:static && npm run check:docs && npm run check:file-size && npm run check:source-tree && npm run check:source-provenance && npm run inventory:invariants && npm run inventory:parity


> vite-office@0.1.0 format:check
> prettier --check .

Checking formatting...
All matched files use Prettier code style!

> vite-office@0.1.0 lint
> eslint . --max-warnings 0


> vite-office@0.1.0 typecheck
> npm run typecheck:tools && npm run typecheck --workspace @vite-office/office


> vite-office@0.1.0 typecheck:tools
> tsc --project tsconfig.tools.json


> @vite-office/office@0.1.0 typecheck
> tsc --noEmit


> vite-office@0.1.0 check:dependencies
> node scripts/check-module-boundaries.mjs

Module boundary check passed: 202 runtime sources, 830 relative imports, 12 allowed cross-module edges.

> vite-office@0.1.0 check:writer-resources
> tsx scripts/generate-writer-ui-resources.ts --check && vitest run scripts/writer-ui-resource-model.test.ts


 RUN  v4.1.10 /Users/odubinkin/Projects/vite-office


 Test Files  1 passed (1)
      Tests  2 passed (2)
   Start at  09:16:34
   Duration  128ms (transform 27ms, setup 0ms, import 36ms, tests 3ms, environment 0ms)


> vite-office@0.1.0 test:coverage
> npm run test:coverage --workspace @vite-office/office


> @vite-office/office@0.1.0 test:coverage
> vitest run --coverage


 RUN  v4.1.10 /Users/odubinkin/Projects/vite-office/apps/office
      Coverage enabled with v8


 Test Files  143 passed (143)
      Tests  650 passed (650)
   Start at  09:16:35
   Duration  82.42s (transform 2.39s, setup 11.93s, import 10.02s, tests 60.83s, environment 57.42s)

 % Coverage report from v8
-------------------|---------|----------|---------|---------|-------------------
File               | % Stmts | % Branch | % Funcs | % Lines | Uncovered Line #s
-------------------|---------|----------|---------|---------|-------------------
-------------------|---------|----------|---------|---------|-------------------

=============================== Coverage summary ===============================
Statements   : 100% ( 9951/9951 )
Branches     : 100% ( 7505/7505 )
Functions    : 100% ( 2743/2743 )
Lines        : 100% ( 9151/9151 )
================================================================================

> vite-office@0.1.0 test:inventory:coverage
> vitest run --config scripts/libreoffice-inventory/vitest.config.ts --coverage


 RUN  v4.1.10 /Users/odubinkin/Projects/vite-office
      Coverage enabled with v8

 ❯ scripts/libreoffice-inventory/parity-mapping-cli.test.ts (3 tests | 1 failed) 224ms
     × reads the pinned Writer mapping and reports bounded unresolved ODT parity 218ms

⎯⎯⎯⎯⎯⎯⎯ Failed Tests 1 ⎯⎯⎯⎯⎯⎯⎯

 FAIL  scripts/libreoffice-inventory/parity-mapping-cli.test.ts > parity mapping CLI > reads the pinned Writer mapping and reports bounded unresolved ODT parity
Error: Runtime module paths must be unique and lexicographically ordered.
 ❯ assertOrderedUnique scripts/libreoffice-inventory/runtime-inventory.ts:728:13
    726|   for (let index = 1; index < values.length; index += 1)
    727|     if ((values[index - 1] as string) >= (values[index] as string))
    728|       throw new Error(`${label} must be unique and lexicographically o…
       |             ^
    729| }
    730|
 ❯ parseRuntimeInventoryManifest scripts/libreoffice-inventory/runtime-inventory.ts:106:3
 ❯ runParityMappingCli scripts/libreoffice-inventory/parity-mapping-cli.ts:113:27
 ❯ runsProductionValidation scripts/libreoffice-inventory/parity-mapping-cli.test.ts:79:5

⎯⎯⎯⎯⎯⎯⎯⎯⎯⎯⎯⎯⎯⎯⎯⎯⎯⎯⎯⎯⎯⎯⎯⎯[1/1]⎯


 Test Files  1 failed | 35 passed (36)
      Tests  1 failed | 108 passed (109)
   Start at  09:17:58
   Duration  45.48s (transform 787ms, setup 0ms, import 1.85s, tests 40.10s, environment 2ms)
Terminal: exec session93645 exit1.
