
 RUN  v4.1.10 /Users/odubinkin/Projects/vite-office/apps/office

 ❯ src/sw/source/filter/xml/odt-roundtrip.test.ts (13 tests | 1 failed) 224ms
     × imports LibreOffice-shaped nested and continued list blocks 15ms

⎯⎯⎯⎯⎯⎯⎯ Failed Tests 1 ⎯⎯⎯⎯⎯⎯⎯

 FAIL  src/sw/source/filter/xml/odt-roundtrip.test.ts > Writer ODF XML filters > imports LibreOffice-shaped nested and continued list blocks
AssertionError: expected [ …(5) ] to deeply equal [ { kind: 'numbered', …(4) }, …(4) ]

- Expected
+ Received

@@ -1,24 +1,24 @@
  [
    {
      "kind": "numbered",
      "level": 0,
-     "listId": "list1",
+     "listId": "Numbering 1",
      "ruleName": "Numbering 1",
      "text": "alpha",
    },
    {
      "kind": "numbered",
      "level": 0,
-     "listId": "list1",
+     "listId": "Numbering 1",
      "ruleName": "Numbering 1",
      "text": "beta",
    },
    {
      "kind": "numbered",
      "level": 1,
-     "listId": "list1",
+     "listId": "Numbering 1",
      "ruleName": "L2",
      "text": "nested",
    },
    {
      "kind": "none",
@@ -28,10 +28,10 @@
      "text": "gap",
    },
    {
      "kind": "numbered",
      "level": 0,
-     "listId": "list1",
+     "listId": "Numbering 1",
      "ruleName": "Numbering 1",
      "text": "gamma",
    },
  ]

 ❯ src/sw/source/filter/xml/odt-roundtrip.test.ts:374:7
    372|         }),
    373|       ),
    374|     ).toEqual([
       |       ^
    375|       {
    376|         kind: "numbered",

⎯⎯⎯⎯⎯⎯⎯⎯⎯⎯⎯⎯⎯⎯⎯⎯⎯⎯⎯⎯⎯⎯⎯⎯[1/1]⎯


 Test Files  1 failed | 37 passed (38)
      Tests  1 failed | 153 passed (154)
   Start at  10:48:18
   Duration  24.20s (transform 1.69s, setup 4.49s, import 5.09s, tests 8.70s, environment 23.62s)

