
> vite-office@0.1.0 verify
> npm run format:check && npm run lint && npm run typecheck && npm run check:dependencies && npm run check:writer-resources && npm run test:coverage && npm run test:inventory:coverage && npm run test:e2e && npm run test:static && npm run check:docs && npm run check:file-size && npm run check:source-tree && npm run check:source-provenance && npm run inventory:invariants && npm run inventory:parity


> vite-office@0.1.0 format:check
> prettier --check .

Checking formatting...
All matched files use Prettier code style!

> vite-office@0.1.0 lint
> eslint . --max-warnings 0


> vite-office@0.1.0 typecheck
> npm run typecheck:tools && npm run typecheck --workspace @vite-office/office


> vite-office@0.1.0 typecheck:tools
> tsc --project tsconfig.tools.json


> @vite-office/office@0.1.0 typecheck
> tsc --noEmit


> vite-office@0.1.0 check:dependencies
> node scripts/check-module-boundaries.mjs

Module boundary check passed: 213 runtime sources, 889 relative imports, 14 allowed cross-module edges.

> vite-office@0.1.0 check:writer-resources
> tsx scripts/generate-writer-ui-resources.ts --check && vitest run scripts/writer-ui-resource-model.test.ts


 RUN  v4.1.10 /Users/odubinkin/Projects/vite-office


 Test Files  1 passed (1)
      Tests  2 passed (2)
   Start at  01:37:12
   Duration  104ms (transform 18ms, setup 0ms, import 25ms, tests 3ms, environment 0ms)


> vite-office@0.1.0 test:coverage
> npm run test:coverage --workspace @vite-office/office


> @vite-office/office@0.1.0 test:coverage
> vitest run --coverage


 RUN  v4.1.10 /Users/odubinkin/Projects/vite-office/apps/office
      Coverage enabled with v8


 Test Files  183 passed (183)
      Tests  817 passed (817)
   Start at  01:37:13
   Duration  84.51s (transform 2.42s, setup 12.63s, import 10.97s, tests 58.59s, environment 61.13s)

 % Coverage report from v8
-------------------|---------|----------|---------|---------|-------------------
File               | % Stmts | % Branch | % Funcs | % Lines | Uncovered Line #s 
-------------------|---------|----------|---------|---------|-------------------
-------------------|---------|----------|---------|---------|-------------------

=============================== Coverage summary ===============================
Statements   : 100% ( 11057/11057 )
Branches     : 100% ( 8342/8342 )
Functions    : 100% ( 2955/2955 )
Lines        : 100% ( 10148/10148 )
================================================================================

> vite-office@0.1.0 test:inventory:coverage
> vitest run --config scripts/libreoffice-inventory/vitest.config.ts --coverage


 RUN  v4.1.10 /Users/odubinkin/Projects/vite-office
      Coverage enabled with v8


 Test Files  36 passed (36)
      Tests  109 passed (109)
   Start at  01:38:38
   Duration  20.95s (transform 621ms, setup 0ms, import 1.55s, tests 16.20s, environment 2ms)

 % Coverage report from v8
-------------------|---------|----------|---------|---------|-------------------
File               | % Stmts | % Branch | % Funcs | % Lines | Uncovered Line #s 
-------------------|---------|----------|---------|---------|-------------------
-------------------|---------|----------|---------|---------|-------------------

=============================== Coverage summary ===============================
Statements   : 100% ( 1523/1523 )
Branches     : 100% ( 1080/1080 )
Functions    : 100% ( 384/384 )
Lines        : 100% ( 1464/1464 )
================================================================================

> vite-office@0.1.0 test:e2e
> npm run build && playwright test --config apps/office/playwright.config.ts


> vite-office@0.1.0 build
> npm run build --workspace @vite-office/office


> @vite-office/office@0.1.0 build
> tsc --noEmit && vite build

vite v8.2.1 building client environment for production...
[2Ktransforming...✓ 2004 modules transformed.
rendering chunks...
computing gzip size...
dist/index.html                         0.56 kB │ gzip:   0.35 kB
dist/assets/odt-worker-DIxI4knF.js    286.27 kB
dist/assets/index-wY4M25Dk.css         58.87 kB │ gzip:   9.58 kB
dist/assets/index-BcFxSILk.js       1,158.95 kB │ gzip: 279.31 kB

✓ built in 532ms
[plugin builtin:vite-reporter] 
(!) Some chunks are larger than 500 kB after minification. Consider:
- Using dynamic import() to code-split the application
- Use build.rolldownOptions.output.codeSplitting to improve chunking: https://rolldown.rs/reference/OutputOptions.codeSplitting
- Adjust chunk size limit for this warning via build.chunkSizeWarningLimit.
[WebServer] (node:26849) Warning: The 'NO_COLOR' env is ignored due to the 'FORCE_COLOR' env being set.
[WebServer] (Use `node --trace-warnings ...` to show where the warning was created)

Running 20 tests using 4 workers

(node:26852) Warning: The 'NO_COLOR' env is ignored due to the 'FORCE_COLOR' env being set.
(Use `node --trace-warnings ...` to show where the warning was created)
(node:26851) Warning: The 'NO_COLOR' env is ignored due to the 'FORCE_COLOR' env being set.
(Use `node --trace-warnings ...` to show where the warning was created)
(node:26850) Warning: The 'NO_COLOR' env is ignored due to the 'FORCE_COLOR' env being set.
(Use `node --trace-warnings ...` to show where the warning was created)
(node:26853) Warning: The 'NO_COLOR' env is ignored due to the 'FORCE_COLOR' env being set.
(Use `node --trace-warnings ...` to show where the warning was created)
  ✓   3 apps/office/e2e/writer-clipboard.spec.ts:5:1 › copies visible formatted Writer content through the native browser copy event (1.3s)
  ✓   1 apps/office/e2e/writer-cut-paste.spec.ts:5:1 › Writer Cut and Paste (1.4s)
  ✓   2 apps/office/e2e/writer-character-formatting.spec.ts:5:1 › Writer direct character formatting (1.9s)
  ✓   6 apps/office/e2e/writer-cut-paste.spec.ts:55:1 › Writer immediate spaces and structured list Paste (930ms)
  ✓   5 apps/office/e2e/writer-clipboard.spec.ts:54:1 › Writer list clipboard (1.2s)
  ✓   7 apps/office/e2e/writer-document-selection.spec.ts:5:1 › supports document-wide selection through Ctrl/Cmd+A and pointer dragging (1.2s)
  ✓  10 apps/office/e2e/writer-document-selection.spec.ts:139:1 › places the caret at the first clicked position in a different paragraph (853ms)
  ✓   8 apps/office/e2e/writer-hyperlinks.spec.ts:9:1 › Writer creates, edits, and round-trips hyperlinks (1.7s)
  ✓  12 apps/office/e2e/writer-menu-alignment.spec.ts:4:1 › menu commands and submenus align their labels (871ms)
  ✓   4 apps/office/e2e/foundation.spec.ts:8:1 › Writer menu keyboard navigation and accessible application chrome (5.2s)
  ✓   9 apps/office/e2e/writer-layout-ratios.spec.ts:11:1 › Writer keeps measured page breaks across device pixel ratios (2.5s)
  ✓  11 apps/office/e2e/writer-lists.spec.ts:5:1 › Writer bullets and numbering (1.8s)
  ✓  14 apps/office/e2e/writer-print.spec.ts:5:1 › Print appears in upstream locations and print media keeps only pages (771ms)
  ✓  15 apps/office/e2e/writer-responsive-sidebar.spec.ts:7:1 › long menus scroll inside the viewport and nested commands stay reachable (726ms)
  ✓  13 apps/office/e2e/writer-odt-file.spec.ts:15:1 › Writer opens and saves a bounded ODT file (1.3s)
  ✓  16 apps/office/e2e/writer-responsive-sidebar.spec.ts:61:1 › sidebar remains reachable and its checked state follows visibility on a touch viewport (535ms)
  ✓  18 apps/office/e2e/writer-responsive-sidebar.spec.ts:87:1 › the page stays within the viewport while the document and modal scroll (497ms)
  ✓  17 apps/office/e2e/writer-odt-file.spec.ts:87:1 › Writer keeps one ODT text node across visible page fragments after reopen (1.2s)
  ✓  19 apps/office/e2e/writer-responsive-sidebar.spec.ts:130:1 › the mobile table grid dismisses outside and More Options opens the full dialog (729ms)
  ✓  20 apps/office/e2e/writer-odt-file.spec.ts:139:1 › Writer types in a table cell and reopens the edited ODT (813ms)

  20 passed (9.6s)

> vite-office@0.1.0 test:static
> npm run build && node scripts/check-static-build.mjs


> vite-office@0.1.0 build
> npm run build --workspace @vite-office/office


> @vite-office/office@0.1.0 build
> tsc --noEmit && vite build

vite v8.2.1 building client environment for production...
[2Ktransforming...✓ 2004 modules transformed.
rendering chunks...
computing gzip size...
dist/index.html                         0.56 kB │ gzip:   0.35 kB
dist/assets/odt-worker-DIxI4knF.js    286.27 kB
dist/assets/index-wY4M25Dk.css         58.87 kB │ gzip:   9.58 kB
dist/assets/index-BcFxSILk.js       1,158.95 kB │ gzip: 279.31 kB

✓ built in 395ms
[plugin builtin:vite-reporter] 
(!) Some chunks are larger than 500 kB after minification. Consider:
- Using dynamic import() to code-split the application
- Use build.rolldownOptions.output.codeSplitting to improve chunking: https://rolldown.rs/reference/OutputOptions.codeSplitting
- Adjust chunk size limit for this warning via build.chunkSizeWarningLimit.
Static build smoke passed: relative assets, 2 JavaScript bundle(s), no backend endpoints.

> vite-office@0.1.0 check:docs
> node scripts/check-jsdoc.mjs

JSDoc validation passed for 501 authored source files.

> vite-office@0.1.0 check:file-size
> node scripts/check-file-size.mjs

File-size check scanned 504 authored files.
Decomposition review candidates:
apps/office/src/framework/browser/app/desktop.test.tsx: 516 lines
apps/office/src/framework/browser/presentation/CommandMenuBar.tsx: 523 lines
apps/office/src/svl/source/items/itemset.test.ts: 677 lines
apps/office/src/sw/browser/editor/WriterPlainTextEditor.test.tsx: 545 lines
apps/office/src/sw/browser/editor/WriterPlainTextEditor.tsx: 507 lines
apps/office/src/sw/browser/filter/xml/writer-document-codec.ts: 709 lines
apps/office/src/sw/browser/presentation/writer-view.test.tsx: 924 lines
apps/office/src/sw/browser/presentation/writer-view.tsx: 753 lines
apps/office/src/sw/browser/presentation/WriterMenuBar.test.tsx: 651 lines
apps/office/src/sw/browser/presentation/WriterPageLayout.test.tsx: 770 lines
apps/office/src/sw/browser/presentation/WriterParagraphDialog.tsx: 543 lines
apps/office/src/sw/source/core/doc/number.ts: 625 lines
apps/office/src/sw/source/core/doc/writer-attributes.test.ts: 723 lines
apps/office/src/sw/source/core/doc/writer-model.test.ts: 959 lines
apps/office/src/sw/source/core/layout/newfrm.test.ts: 628 lines
apps/office/src/sw/source/core/layout/newfrm.ts: 689 lines
apps/office/src/sw/source/core/txtnode/ndhints.ts: 652 lines
apps/office/src/sw/source/core/txtnode/ndtxt.ts: 975 lines
apps/office/src/sw/source/core/undo/undobj.test.ts: 633 lines
apps/office/src/sw/source/filter/xml/odt-list-continuation.test.ts: 517 lines
apps/office/src/sw/source/filter/xml/odt-property-roundtrip.test.ts: 939 lines
apps/office/src/sw/source/filter/xml/odt-roundtrip.test.ts: 952 lines
apps/office/src/sw/source/filter/xml/xmlexp.ts: 725 lines
apps/office/src/sw/source/filter/xml/xmlimp.ts: 992 lines
apps/office/src/sw/source/uibase/shells/textsh1.ts: 996 lines
apps/office/src/sw/source/uibase/wrtsh/wrtsh1.test.ts: 972 lines
apps/office/src/sw/source/uibase/wrtsh/wrtsh1.ts: 702 lines
apps/office/src/vcl/browser/lo-runtime-fonts.css: 955 lines
apps/office/src/xmloff/source/style/xmlstyle.ts: 613 lines
apps/office/src/xmloff/source/text/txtparae.ts: 982 lines
apps/office/src/xmloff/source/text/txtparai.test.ts: 741 lines
apps/office/src/xmloff/source/text/txtparai.ts: 590 lines
scripts/check-source-provenance.ts: 699 lines
scripts/generate-writer-ui-resources.ts: 622 lines
scripts/libreoffice-inventory/contracts.ts: 536 lines
scripts/libreoffice-inventory/parity-mappings.test.ts: 870 lines
scripts/libreoffice-inventory/parity-mappings.ts: 991 lines
scripts/libreoffice-inventory/runtime-inventory.test.ts: 566 lines
scripts/libreoffice-inventory/runtime-inventory.ts: 805 lines

> vite-office@0.1.0 check:source-tree
> node scripts/check-lo-source-tree.mjs

LibreOffice source-tree check passed for 114 required paths and 33 retired roots.

> vite-office@0.1.0 check:source-provenance
> tsx scripts/check-source-provenance.ts

Source provenance check passed for 214 runtime modules (138 mapped, 60 browser adaptations, 16 local infrastructure).

> vite-office@0.1.0 inventory:invariants
> tsx scripts/libreoffice-inventory/invariants-cli.ts

{"invariantCount":34,"status":"valid"}

> vite-office@0.1.0 inventory:parity
> tsx scripts/libreoffice-inventory/parity-mapping-cli.ts --baseline docs/program/libreoffice-baseline.json --mappings docs/program/parity/writer-command-slice.json --runtime-inventory docs/program/parity/runtime-inventory.json --runtime-root apps/office/src --local-root . --upstream-root vendor/libreoffice-reference

{

[Full output bounded; complete output SHA256 and outcome are recorded in verification-results.json.]
 Test Files  1 passed (1)
      Tests  2 passed (2)
 Test Files  183 passed (183)
      Tests  817 passed (817)
Statements   : 100% ( 11057/11057 )
Branches     : 100% ( 8342/8342 )
Functions    : 100% ( 2955/2955 )
Lines        : 100% ( 10148/10148 )
 Test Files  36 passed (36)
      Tests  109 passed (109)
Statements   : 100% ( 1523/1523 )
Branches     : 100% ( 1080/1080 )
Functions    : 100% ( 384/384 )
Lines        : 100% ( 1464/1464 )
Running 20 tests using 4 workers
  20 passed (9.6s)
          "justification": "Pinned SfxPoolItem accepts WhichId zero for transient/request values and asserts the SHRT_MAX ceiling; source-backed tests now distinguish that from SfxItemSet storage ranges. Broader pool-item behavior remains unverified. The module now owns DISABLED_POOL_ITEM and its identity helper, with WhichId zero, null Clone and the pinned trivial equality operator. QueryValue exposes no payload, reflecting the unsupported base UNO value query; browser codec rejects serialization. Focused assertions cover this sentinel and ordinary item contracts; broader behavior remains unverified. The module also owns the distinct INVALID_POOL_ITEM and IsInvalidItem identity helper, matching the pinned InvalidItem class with zero WhichId, null Clone, trivial equality and no value payload. Tests distinguish both static sentinel classes and reject them at the browser serialization boundary. Broader pool-item behavior remains unverified.",
          "justification": "Iteration36 makes the shown number record SwTextNode-owned: SwList inserts/removes records without allocation or a text-node map. SwNodeNum binds/clears its rule in PreAdd/PostRemove and transfers rule clients in ChangeNumRule; rule clients retain insertion order and suppress identity duplicates. DocumentListItemsManager maintains native position ordering and filters counted enumeration records. Attribute rule/list changes detach before mutation; canonical node moves retain records,copy/restore attach independent records. Reads validate the requested prefix rather than unrelated tails. Compiled20 additional unmodified pinned owner/registry definitions alongside37 tree/list definitions compare120 sequences/8976 actual owner states including raw prefix caches,reverse vectors,bound rules,client order and numbered registry. Literal tests cover orphan binding,default1 after removal,duplicate add,disconnected/foreign arrays,rule copies and disposal. Single shown/document-node/hierarchical Arabic and bullet slice only;native layout expansion,redline/original arrays,complete callbacks/word-count/lifetime and legacy/default factories remain unverified. No whole-module/default/goal promotion;registered document IO deviations unchanged. Iteration38 restores independent source set/reset pre/post flags, native prefix notification/validation ordering, direct outline suppression/return and normal-document sorted outline ownership.40 unchanged added native definitions compare60 sequences/2130 actual pre-vector cache,notification,item,rule,registry and outline-index states. Explicit dependency adapters retain source reading flag/shown/pool/raw-callback/layout-event/field boundaries;full native platform lifetime,dtor/redline/inline/fields/background/fill/live-style/default factories remain separate unverified obligations. No whole-module/default/goal promotion or IO change. Iteration48 restores complete selected native continuous/phantom tree policy: bound rule flags, parent continuous fallback and orphan defaults, protected continuous prefix validation/last-descendant traversal, public predecessor modes excluding the root, continuous suffix invalidation and upward cache/notification propagation. SwList validation follows NotifyInvalidChildren under actual document reading policy rather than eager hierarchical recursion; legacy callers resolve client document context. Continuous legacy numeric markers select the current level, while explicit ListFormat behavior and measured NONE guards remain unchanged.42 complete unchanged pinned native definitions produce960 sequences/69120 record states,5 policy profiles and64 full marker states under ASan/UBSan. Literal project tests compare real connected attributes,raw prefix caches,ordered reads,notifications,client lists and numbered registry through insertion,restart,count/reparent/removal/flag changes and reading transitions; source-body hashes and literal result integrity revalidated after deletion of source copies. Native bound start/type/raw format presence,pool,string/document-position/range/style,shown/no-layout/no-redline/dtor/fuzz/field/raw callback/broadcaster/static-service/decimal formatter aliases explicitly limit the proof;prior complete selected rule/format defaults remain separately supported. Actual Worker owners retain continuous/phantom flags and nested counters;copy/reset retain native scalar boundaries and supported genuine ODT level fields. No upstream code is invoked by project tests or persisted in task artifacts;manual probes generate only ignored scratch source. Full native layout/redline/original root arrays,live style/Font/graphics/other numeric families,service/global/destructor/name-map/GrabBag/UNO/full ODT metadata/UI lifetimes remain individually unverified. No whole-module,status,goal or registered IO/recovery/dependency/policy/coverage promotion. Iteration49 restores the protected required explicit nullable-target contracts of both validators and protected ordered-child GetIterator equivalence. Hierarchical null/distinct-key foreign targets leave raw caches untouched; comparator-equivalent nonmember objects resolve the stored child and owned targets validate only their direct prefix. The public eager no-argument recursive hierarchy bridge is removed. Existing phantom timing diagnostics now request the exact native last-child group prefix; every prior expected vector/state is retained. Complete unchanged pinned header/type declarations and all native core implementation bodies produce128 profiles/1792 snapshots/7168 raw record states under ASan/UBSan, including null/foreign/equivalent/owned prefix, deferred descendants, public reads,invalidation and suppressed/normal notifications. Four expected native compiler failures prove protected access and mandatory arguments; project typechecking independently rejects the preceding public/optional contracts. Explicit std::set ordered-child/bulk-insert,Long/pointer,nonfatal diagnostic,Arabic numbering/owned start/count/restart/phantom/order/reading/event and omitted registration policy adapters bound this core-only proof; prior actual owner/lifecycle profiles remain independent unchanged evidence. Project tests decode stored literal data only and never read/compile/invoke upstream; source exists only in ignored scratch and no source copies are stored in Agentplane artifacts. Wider container lookup consumers,other native API access/constness,layout/redline/root arrays/style/Font/graphics/service/global/destructor/UNO/full ODT/UI lifetime remain separately unverified. No whole-module,status,goal,registered IO/recovery,dependency,policy or gate promotion. Iteration50 matches comparator-equivalent RemoveChild selection: detach/move the stored record, reacquire its position after phantom creation, preserve predecessor-prefix and notification ordering, and invoke PostRemove on the supplied argument after success or miss. Thirteen source-audited project-owned document tests cover first/middle/last equivalent and identity arguments under normal/reading policies, retained argument trees, stored descendants, raw prefixes/counters, callback timing and distinct rule-client/document-registry effects, plus missing real and phantom contracts. Fresh hashes for four pinned files and nine symbols support manual control-flow inspection; no new compiled-native execution or complete native ownership/layout/destructor/redline lifetime certification is claimed. Tests do not read/compile/invoke upstream; Agentplane stores no helper or native source bodies. Wider lookup/access/lifetime obligations remain unverified; no status,whole-module,goal,registered IO/recovery or gate promotion. Iteration51 restores protected GetNumberVector_(output,validate=true), forwarding the flag to parent recursion and GetNumber. Six project-owned document/type tests cover exact optional boolean/protected contracts, caller-owned append output, root/orphan no-entry, hierarchical/continuous vectors and skipped phantom ancestors through level9. Explicit false retains complete raw value/prefix/continuation snapshots before and after restart invalidation; omitted/undefined/true and public default reads validate. Fresh native header declaration and three core symbol/file hashes support manual source inspection only, with no new compiled native owner/lifetime parity claim. Tests never read/compile/invoke upstream; Agentplane stores no helper or source bodies. Other access/container/lifetime obligations remain separately unverified; no status,whole-module,goal,registered IO/recovery or gate promotion. Iteration52 restores protected GetRoot access without changing its body or zero-argument nullable result. The existing browser SwList.GetListItem projection now checks the exact highest parent identity through native public GetParent links, without a public root surrogate, cast, text-node mapping or cache read. Six existing diagnostic files preserve177 matcher/expected-argument records while using test-only protected observers. New type/root/list tests cover protected base/subclass access, skipped phantoms through level9, root/orphan absence, owned/foreign/missing/different-document membership and explicit remove/re-add allocation plus list moves. Four fresh pinned file hashes and seven declaration/body hashes support manual source inspection only; no new compiled native range/redline/owner/destructor lifetime parity claim. Project tests never access upstream; no helper/native source bodies in task artifacts. Other child-container/count/access and wider lifetime obligations remain separately unverified; no status,whole-module,goal,registered IO/recovery or gate promotion. Iteration53 restores protected mChildren storage and native public zero-argument numeric GetChildCount, removes invented public GetChildren, and adapts SwList.HasNodes to the count. SwNodeNum scans protected children and retains the native dynamic type guard before Writer counting/recursive calls. Eight existing observer suites preserve249 matcher argument AST records through32 test-only protected storage observations. Three new tests cover exact visibility/arity/result, subclass storage, direct real/phantom/orphan counts through level9 removal and nonvalidating list membership, plus non-Writer child rejection. Five fresh pinned file hashes and six declaration/body hashes support manual inspection only; no new compiled native or full multi-root section/redline/lifetime claim. Existing policy method access and ordered-set container architecture remain separate measured obligations. No project test accesses upstream; no helper/native source bodies stored as task artifacts; no status/default/whole-module/goal or registered IO/recovery/gate promotion. Iteration54 restores protected abstract HasCountedChildren, IsCountedForNumbering and IsCountPhantoms in the base, and removes all three from the public SwNodeNum surface. Concrete overrides stay protected because TypeScript rejects private narrowing of an inherited protected method; an owned virtual compiler fixture proves2415 for private and no diagnostics for protected, with no helper/source file saved. This is the narrowest valid inherited TypeScript contract, no private-C++ equivalence or new registered deviation claim. All55production method bodies are unchanged; six old suites retain249literal/dynamic matcher argument AST records through15test-only protected observations, normalizing only equivalent observation syntax. ForeignNode now fulfills the mandatory numbered-policy contract with true while Writer type rejection remains false. Three new tests cover exact zero-argument boolean signatures/public keys, required abstract numbered override, subtype virtual dispatch and real connected root/phantom/descendant/orphan policies with raw caches unchanged. Fresh pinned declaration/body hashes support manual inspection only; no fresh compiled native/platform lifetime claim. Project tests never access upstream; no helper/native source bodies in task artifacts; no whole-module/status/default/goal, registered IO/recovery or gate promotion. Ordered-container and other native API/lifetime obligations remain separately unverified. Iteration56 replaces raw child arrays and push-based transfers with a source-owned o3tl SortedVector using private vector storage, injected strict ordering, binary lower/upper bounds, comparator-equivalent lookup/single insert and destination-preserving sorted bulk union. Core creation/insertion/suffix transfer/removal/lookup/traversal use the container; MoveChildren clears it without replacing identity. Writer counted-child traversal uses native iteration and dynamic type guard. Nine existing diagnostic suites observe iterable snapshots with prior expected values retained. Owned generic union matrices and actual document-record tests cover ordering/equivalence, retained destination object, native parent assignment before duplicate rejection, phantom recursion, raw counters and factory rejection. Fresh native manual file/symbol hashes only; no compiled native or whole-header certification. Numeric index/end-minus-one, nullable out-of-range read and injected comparator bind the ECMAScript container representation. Unused initializer/copy/partial-order policies/native iterator-const/destructor/lifetime and wider tree API/context/range/redline/UI obligations stay unverified. No project test accesses upstream; no helper/source bodies in Agentplane; no whole-module/status/default/deviation/IO/recovery/coverage promotion. Iteration57 restores AddChild evaluation order: deeper insertion alone performs upper_bound; direct unique insertion binds parent then captures notification enablement before transferring descendants. Inserted-child cleanup is confined to the predecessor branch; first child resets the prefix directly; final notifications use the captured flag. Four owned-document trace tests cover first/sibling/deeper/duplicate/guard paths and both reading-mode changes during actual transfer comparison, retaining literal topology and raw caches. All other production methods and old tests remain unchanged. Fresh pinned file and declaration/body hashes support manual inspection only, with no new compiled native or full context/destructor/redline/layout/lifetime certification. Tests never read, compile or invoke upstream; Agentplane stores no helper/source bodies. No status/default/whole-module/goal, registered IO/recovery or gate promotion. Iteration58 restores both protected IsValid overloads: omitted self query delegates to its attached parent, while an explicit nullable-child query checks saved prefix/exact parent then finds the retained boundary in sorted storage before LessThan. Native predecessor/self calls in insertion and child invalidation use the self overload. Four owned type/document tests cover protected subclass access/public absence, zero and required nullable-child boolean contracts, explicit-null/self distinction, root/orphan/foreign/owned boundaries, exact guarded lookup keys, reading/raw caches, restart and rule-client removal invalidation, hierarchical/continuous phantom ancestors and normal-mode removal. Only3method bodies change; all other runtime methods and old tests remain unchanged. Narrow unified-signatures annotations preserve distinct required overload contracts, with no gate change; a non-null boundary assertion reflects the native retained-container invariant rather than invented fallback behavior. Fresh pinned declaration/body/file hashes support manual inspection only; no new compiled native or full layout/redline/dtor/client/context/lifetime certification. No project test accesses upstream and no helper/source bodies are saved anywhere in Agentplane. No status/default/whole-module/goal/registered IO/recovery or gate promotion. Iteration59 restores protected native state names and declaration order: mpParent, mnNumber, mbContinueingPreviousSubTree, mbPhantom and mpLastValid, retaining mutable undefined/0/false/false/undefined defaults and shared field storage. All55existing method bodies are unchanged after exact field-name normalization;5old cache observers preserve127matcher records and210other old test files remain byte-identical. Three owned type/document tests cover inherited protected read/write contracts and public absence, field order/defaults without legacy aliases, hierarchical/continuous phantom/prefix states through reading/validation/invalidation/removal, and actual continuation through invalidation and explicit restart. Fresh pinned field/constructor/body hashes support manual inspection only; native pointer/integer/const-mutable/destructor and full lifetime equivalence remain unverified. Project tests never read, compile or invoke upstream; Agentplane stores no helper or source bodies. Other helper access/context/client/dtor/redline/layout/range/iterator/browser obligations remain separately unverified. No module/status/default/goal, registered IO/recovery or gate promotion. Iteration60 restores complete selected protected prefix API: SetLastValid takes a required child-container position and optional false-default validation flag, InvalidateChildren forwards native end with omitted validation, and Invalidate retains a required child. Existing numeric index/-1 end representation maps native iterators; all insertion/cleanup/transfer/validation/removal callers now forward their corresponding positions. Retained-boundary comparison resolves saved storage through find, following uncounted nodes receive InvalidateChildren, and continuous invalidation propagates parent GetIterator positions. Five owned type/document tests cover exact inherited access/arity/void/defaults, guards/rewinds/forward validation/end/empty, following-uncounted helper dispatch, continuous suffix/upward propagation and direct first/middle/last invalidation. Old tests and literals remain unchanged. Fresh pinned manual declaration/body/call-site hashes only; no compiled native/full iterator/const/dtor/context lifetime certification. No project test reads, compiles or invokes upstream; Agentplane contains no helper/source copies. Other helper/context/client/redline/layout/range/browser/lifetime obligations remain separately unverified. No module/status/default/goal, registered IO/recovery or gate promotion. Iteration61 removes invented protected GetDestinationPhantom and restores source-owned inline AddChild destination selection. Orphan/count guards and predecessor/destination child-count reads follow native contracts; transfer retains last predecessor child, reuses a first phantom or invokes its parent factory, creates under empty destinations and stops immediately after predecessor exhaustion. Earlier notification capture, prefix updates and cleanup order remain intact. Three owned trace tests cover real/empty/retained-phantom destinations, exact count/transfer/factory order, deep topology/raw caches, both reading notification gates, removed-helper absence and transfer stop. Existing-phantom branch uses explicit comparator-bound diagnostic insertion of an actual factory phantom, not certified native Writer final-class reentrancy. One old test now creates/observes phantom directly with expected matcher arguments unchanged; all other old tests/literals and54other core method bodies unchanged. Fresh pinned manual source hashes only, no compiled native/full iterator/context/layout/redline/dtor lifetime claim. No project test accesses upstream and no helper/source files are stored in Agentplane. Other native topology/helper/Validate/Notify access and required context/client/range/browser/lifetime remain unverified. No module/status/default/goal, registered IO/recovery or gate promotion. Iteration62 restores all six selected native protected helpers: Validate, HasOnlyPhantoms, HasPhantomCountedParent, GetFirstNonPhantomChild, MoveChildren and MoveGreaterChildren. Validate and MoveChildren retain required nullable pointer arguments; transfer comparison/destination references remain required and nonnullable. HasOnlyPhantoms calls GetChildCount for one-child then empty branches, counted phantom ancestry checks parent phantom policy before counting and recursion, and MoveChildren selects an empty destination factory or retained tail. Six owned inherited-type/trace/document tests cover exact arity/returns/public absence, null hierarchical versus continuous engine dispatch and raw prefix/counters, actual phantom-only recursion, real/phantom parent call order and short circuit, first real descendant identity and transfer ownership/factory/tail/storage. Three new runtime traces and inherited type checks fail before correction and pass afterward. Two old tests use protected diagnostics with matcher arguments unchanged; other old tests unchanged. Fresh manual pinned declaration/body hashes only; no compiled native evidence, const/debug destructor/empty-phantom or nonempty-null undefined-behavior certification. Empty-source null transfer follows native release body only; DBG_UTIL sanity still requires a destination. No project test reads, compiles or invokes upstream, and no helper/source copies are saved in Agentplane. Remaining full context/client/range/layout/redline/browser/lifetime and other access contracts stay unverified; no module/status/default/goal, registered IO/recovery or gate promotion. Iteration63 restores mandatory operation document context across existing numbering tree mutations and notifications, SwList insert/remove/validate and SwNumRule.Validate, with protected Notify traversal. Text insertion/removal and node moves pass their owned document explicitly; first-client/text-derived operation fallbacks are removed while real-record reading policy retains text-owner precedence. Five owned tests and16 exact type/visibility checks cover empty/clientless roots, distinct owner/operation reading flags, rule invalidate-before-validate forwarding, actual insertion/removal, retained topology/raw caches and protected root/phantom traversal. Three new runtime cases and baseline type assertions fail before correction and pass afterward; old test matcher arguments are unchanged. Fresh pinned manual declaration/body/call-site hashes only; no native execution, helper/source artifacts or upstream access by project tests. Native text notification ownership/temporary blockers, dtor/client lifetimes, redline/range roots, complete access/const/final architecture, layout and browser obligations remain separately unverified. No whole-module/status/default/goal, registered IO/recovery or gate promotion.",
    "semanticViolationCount": 0,
