
> vite-office@0.1.0 verify
> npm run format:check && npm run lint && npm run typecheck && npm run check:dependencies && npm run check:writer-resources && npm run test:tooling && npm run test:coverage && npm run test:inventory:coverage && npm run test:e2e && npm run test:static && npm run check:docs && npm run check:file-size && npm run check:source-tree && npm run check:source-provenance && npm run inventory:invariants && npm run inventory:parity


> vite-office@0.1.0 format:check
> prettier --check .

Checking formatting...
All matched files use Prettier code style!

> vite-office@0.1.0 lint
> eslint . --max-warnings 0


> vite-office@0.1.0 typecheck
> npm run typecheck:tools && npm run typecheck --workspace @vite-office/office


> vite-office@0.1.0 typecheck:tools
> tsc --project tsconfig.tools.json


> @vite-office/office@0.1.0 typecheck
> tsc --noEmit


> vite-office@0.1.0 check:dependencies
> node scripts/check-module-boundaries.mjs

Module boundary check passed: 332 runtime sources, 1579 relative imports, 29 allowed cross-module edges.

> vite-office@0.1.0 check:writer-resources
> tsx scripts/generate-writer-ui-resources.ts --check && vitest run scripts/writer-ui-resource-model.test.ts


 RUN  v4.1.10 /Users/odubinkin/Projects/vite-office


 Test Files  1 passed (1)
      Tests  2 passed (2)
   Start at  20:05:33
   Duration  119ms (transform 25ms, setup 0ms, import 33ms, tests 3ms, environment 0ms)


> vite-office@0.1.0 test:tooling
> vitest run scripts/test-projects.test.ts scripts/check-module-boundaries.test.ts scripts/typescript-toolchain.test.ts


 RUN  v4.1.10 /Users/odubinkin/Projects/vite-office


 Test Files  3 passed (3)
      Tests  13 passed (13)
   Start at  20:05:34
   Duration  1.82s (transform 76ms, setup 0ms, import 1.54s, tests 2.06s, environment 0ms)


> vite-office@0.1.0 test:coverage
> npm run test:coverage --workspace @vite-office/office --


> @vite-office/office@0.1.0 test:coverage
> vitest run --coverage


 RUN  v4.1.10 /Users/odubinkin/Projects/vite-office/apps/office
      Coverage enabled with istanbul


 Test Files  528 passed (528)
      Tests  14192 passed (14192)
   Start at  20:05:36
   Duration  384.20s (transform 26.36s, setup 36.54s, import 199.56s, tests 209.66s, environment 196.56s)

 % Coverage report from istanbul
-------------------|---------|----------|---------|---------|-------------------
File               | % Stmts | % Branch | % Funcs | % Lines | Uncovered Line #s 
-------------------|---------|----------|---------|---------|-------------------
-------------------|---------|----------|---------|---------|-------------------

=============================== Coverage summary ===============================
Statements   : 100% ( 21066/21066 )
Branches     : 100% ( 15543/15543 )
Functions    : 100% ( 4819/4819 )
Lines        : 100% ( 19168/19168 )
================================================================================

> vite-office@0.1.0 test:inventory:coverage
> vitest run --config scripts/libreoffice-inventory/vitest.config.ts --coverage


 RUN  v4.1.10 /Users/odubinkin/Projects/vite-office
      Coverage enabled with v8


 Test Files  38 passed (38)
      Tests  122 passed (122)
   Start at  20:12:01
   Duration  31.35s (transform 752ms, setup 0ms, import 2.03s, tests 26.18s, environment 2ms)

 % Coverage report from v8
-------------------|---------|----------|---------|---------|-------------------
File               | % Stmts | % Branch | % Funcs | % Lines | Uncovered Line #s 
-------------------|---------|----------|---------|---------|-------------------
-------------------|---------|----------|---------|---------|-------------------

=============================== Coverage summary ===============================
Statements   : 100% ( 1733/1733 )
Branches     : 100% ( 1288/1288 )
Functions    : 100% ( 435/435 )
Lines        : 100% ( 1667/1667 )
================================================================================

> vite-office@0.1.0 test:e2e
> npm run build && playwright test --config apps/office/playwright.config.ts


> vite-office@0.1.0 build
> npm run build --workspace @vite-office/office


> @vite-office/office@0.1.0 build
> tsc --noEmit && vite build

vite v8.2.1 building client environment for production...
[2Ktransforming...✓ 2113 modules transformed.
rendering chunks...
computing gzip size...
dist/index.html                         0.56 kB │ gzip:   0.35 kB
dist/assets/tblsels-CrFA-9L6.svg        5.15 kB │ gzip:   0.61 kB
dist/assets/tblselw-D9zQinbS.svg        5.15 kB │ gzip:   0.61 kB
dist/assets/tblsele-ndGfGfAd.svg        5.16 kB │ gzip:   0.61 kB
dist/assets/tblselsw-Bp6i2xcj.svg       5.76 kB │ gzip:   0.65 kB
dist/assets/tblselse-DkDvgj_p.svg       5.80 kB │ gzip:   0.65 kB
dist/assets/odt-worker-BqlKulb7.js    420.81 kB
dist/assets/index-Dy9Uxfjk.css         64.74 kB │ gzip:  10.56 kB
dist/assets/index-sMPoBujh.js       1,274.04 kB │ gzip: 305.53 kB

✓ built in 718ms
[plugin builtin:vite-reporter] 
(!) Some chunks are larger than 500 kB after minification. Consider:
- Using dynamic import() to code-split the application
- Use build.rolldownOptions.output.codeSplitting to improve chunking: https://rolldown.rs/reference/OutputOptions.codeSplitting
- Adjust chunk size limit for this warning via build.chunkSizeWarningLimit.
[WebServer] (node:33328) Warning: The 'NO_COLOR' env is ignored due to the 'FORCE_COLOR' env being set.
[WebServer] (Use `node --trace-warnings ...` to show where the warning was created)

Running 303 tests using 2 workers

(node:33329) Warning: The 'NO_COLOR' env is ignored due to the 'FORCE_COLOR' env being set.
(Use `node --trace-warnings ...` to show where the warning was created)
(node:33330) Warning: The 'NO_COLOR' env is ignored due to the 'FORCE_COLOR' env being set.
(Use `node --trace-warnings ...` to show where the warning was created)
  ✓    2 [writer] › apps/office/e2e/native-bullet-font-roundtrip.spec.ts:30:3 › native bullet font ODT body cell width=1280 (1.9s)
  ✓    1 [writer] › apps/office/e2e/foundation.spec.ts:8:1 › Writer menu keyboard navigation and accessible application chrome (3.6s)
  ✓    3 [writer] › apps/office/e2e/native-bullet-font-roundtrip.spec.ts:30:3 › native bullet font ODT body cell width=390 (1.7s)
  ✓    4 [writer] › apps/office/e2e/native-label-affinity.spec.ts:7:3 › native before-label caret and input body cell width=1280 (1.3s)
  ✓    5 [writer] › apps/office/e2e/native-empty-bullet.spec.ts:8:3 › native zero bullet body cell width=1280 (1.3s)
  ✓    7 [writer] › apps/office/e2e/native-empty-bullet.spec.ts:8:3 › native zero bullet body cell width=390 (1.1s)
  ✓    6 [writer] › apps/office/e2e/native-label-affinity.spec.ts:7:3 › native before-label caret and input body cell width=390 (1.2s)
  ✓    9 [writer] › apps/office/e2e/native-line-margin.spec.ts:6:3 › native visual-line Home End and Shift body cell width=1280 (1.2s)
  ✓    8 [writer] › apps/office/e2e/native-legacy-bullet-symbol.spec.ts:30:3 › native legacy bullet symbols body cell width=1280 (1.9s)
  ✓   10 [writer] › apps/office/e2e/native-line-margin.spec.ts:6:3 › native visual-line Home End and Shift body cell width=390 (935ms)
  ✓   12 [writer] › apps/office/e2e/native-marked-list-paint.spec.ts:7:3 › native marked label paint body cell width=1280 (1.3s)
  ✓   11 [writer] › apps/office/e2e/native-legacy-bullet-symbol.spec.ts:30:3 › native legacy bullet symbols body cell width=390 (1.6s)
  ✓   13 [writer] › apps/office/e2e/native-marked-list-paint.spec.ts:7:3 › native marked label paint body cell width=390 (1.2s)
  ✓   14 [writer] › apps/office/e2e/native-numbering-font.spec.ts:30:3 › native numbering font body cell width=1280 (1.7s)
  ✓   15 [writer] › apps/office/e2e/native-table-name.spec.ts:6:3 › native table name validation unique allocation and history width=1280 (1.8s)
  ✓   16 [writer] › apps/office/e2e/native-numbering-font.spec.ts:30:3 › native numbering font body cell width=390 (1.6s)
  ✓   18 [writer] › apps/office/e2e/writer-accelerator-ownership.spec.ts:5:3 › Writer consumed accelerator ownership at width 1280 (548ms)
  ✓   19 [writer] › apps/office/e2e/writer-accelerator-ownership.spec.ts:5:3 › Writer consumed accelerator ownership at width 390 (468ms)
  ✓   17 [writer] › apps/office/e2e/native-table-name.spec.ts:6:3 › native table name validation unique allocation and history width=390 (1.6s)
  ✓   21 [writer] › apps/office/e2e/writer-cell-list-backspace.spec.ts:3:1 › Writer Backspace hides a cell marker and ShiftBackspace restores native numbering (1.1s)
  ✓   20 [writer] › apps/office/e2e/writer-auto-first-layout.spec.ts:26:5 › Writer automatic body layout width=1280 disregard=true (1.4s)
  ✓   22 [writer] › apps/office/e2e/writer-cell-list-continue.spec.ts:4:3 › Writer Continue Numbering joins a plain table cell to the preceding list (1.1s)
  ✓   23 [writer] › apps/office/e2e/writer-auto-first-layout.spec.ts:26:5 › Writer automatic body layout width=1280 disregard=false (1.4s)
  ✓   24 [writer] › apps/office/e2e/writer-cell-list-continue.spec.ts:4:3 › Writer Continue Numbering joins a bullet table cell to the preceding list (1.3s)
  ✓   25 [writer] › apps/office/e2e/writer-auto-first-layout.spec.ts:26:5 › Writer automatic body layout width=390 disregard=true (1.4s)
  ✓   26 [writer] › apps/office/e2e/writer-cell-list-enter.spec.ts:3:1 › Writer Enter ends an empty cell list without inserting a paragraph (1.1s)
  ✓   27 [writer] › apps/office/e2e/writer-auto-first-layout.spec.ts:26:5 › Writer automatic body layout width=390 disregard=false (1.3s)
  ✓   28 [writer] › apps/office/e2e/writer-cell-list-level.spec.ts:4:1 › Writer cell list levels use native commands and survive history and ODT reopen (1.5s)
  ✓   29 [writer] › apps/office/e2e/writer-cell-paragraph-format.spec.ts:4:1 › Writer cell paragraph alignment and native list display survive history and ODT reopen (1.5s)
  ✓   30 [writer] › apps/office/e2e/writer-character-formatting.spec.ts:5:1 › Writer direct character formatting (1.1s)
  ✓   31 [writer] › apps/office/e2e/writer-clipboard.spec.ts:5:1 › copies visible formatted Writer content through the native browser copy event (693ms)
  ✓   33 [writer] › apps/office/e2e/writer-clipboard.spec.ts:54:1 › Writer list clipboard (888ms)
  ✓   32 [writer] › apps/office/e2e/writer-collapsing-border-arbitration.spec.ts:9:3 › native shared-border winner and mode history width=1280 (1.6s)
  ✓   34 [writer] › apps/office/e2e/writer-counted-list-layout.spec.ts:10:35 › Writer counted axes stay independent through paragraph history cell=false (987ms)
  ✓   35 [writer] › apps/office/e2e/writer-collapsing-border-arbitration.spec.ts:9:3 › native shared-border winner and mode history width=390 (1.6s)
  ✓   36 [writer] › apps/office/e2e/writer-counted-list-layout.spec.ts:10:35 › Writer counted axes stay independent through paragraph history cell=true (1.2s)
  ✓   38 [writer] › apps/office/e2e/writer-document-key.spec.ts:5:3 › Ctrl-F6 from the Writer toolbar focuses the document and retains editing (387ms)
  ✓   37 [writer] › apps/office/e2e/writer-cut-paste.spec.ts:5:1 › Writer Cut and Paste (682ms)
  ✓   39 [writer] › apps/office/e2e/writer-document-key.spec.ts:5:3 › Ctrl-F6 from the Writer root focuses the document and retains editing (874ms)
  ✓   40 [writer] › apps/office/e2e/writer-cut-paste.spec.ts:55:1 › Writer immediate spaces and structured list Paste (1.1s)
  ✓   41 [writer] › apps/office/e2e/writer-document-key.spec.ts:5:3 › Ctrl-F6 from the Writer child focuses the document and retains editing (525ms)
  ✓   43 [writer] › apps/office/e2e/writer-document-key.spec.ts:36:1 › Ctrl-F6 retains the Writer Hyperlink modal's input focus (563ms)
  ✓   42 [writer] › apps/office/e2e/writer-document-selection.spec.ts:5:1 › supports document-wide selection through Ctrl/Cmd+A and pointer dragging (855ms)
  ✓   44 [writer] › apps/office/e2e/writer-document-selection.spec.ts:139:1 › places the caret at the first clicked position in a different paragraph (447ms)
  ✓   45 [writer] › apps/office/e2e/writer-headline-selection.spec.ts:14:3 › Writer native table range excludes repeated headline selection width=1280 (948ms)
  ✓   46 [writer] › apps/office/e2e/writer-hyperlinks.spec.ts:9:1 › Writer creates, edits, and round-trips hyperlinks (1.1s)
  ✓   47 [writer] › apps/office/e2e/writer-headline-selection.spec.ts:14:3 › Writer native table range excludes repeated headline selection width=390 (907ms)
  ✓   49 [writer] › apps/office/e2e/writer-headline-selection.spec.ts:151:1 › Writer native cross-cell bold formats the selected original rectangle and all headline text copies (950ms)
  ✓   48 [writer] › apps/office/e2e/writer-imported-table-lists.spec.ts:16:1 › Writer imported restarted table row Add to List preserves both starts and atomic selection (1.2s)
  ✓   51 [writer] › apps/office/e2e/writer-imported-table-lists.spec.ts:107:1 › Writer imported table list Enter edits native cell paragraphs and history (1.0s)
  ✓   50 [writer] › apps/office/e2e/writer-insert-table-dialog.spec.ts:7:3 › native Insert Table inputs width=1280 (1.2s)
  ✓   53 [writer] › apps/office/e2e/writer-insert-table-dialog.spec.ts:7:3 › native Insert Table inputs width=390 (1.4s)
  ✓   52 [writer] › apps/office/e2e/writer-layout-ratios.spec.ts:11:1 › Writer keeps measured page breaks across device pixel ratios (2.2s)
  ✓   54 [writer] › apps/office/e2e/writer-list-label-drag.spec.ts:9:3 › Writer native label document ruler width=1280 (1.3s)
  ✓   55 [writer] › apps/office/e2e/writer-lists.spec.ts:5:1 › Writer bullets and numbering (1.5s)
  ✓   56 [writer] › apps/office/e2e/writer-list-label-drag.spec.ts:9:3 › Writer native label document ruler width=390 (1.3s)
  ✓   58 [writer] › apps/office/e2e/writer-menu-alignment.spec.ts:4:1 › menu commands and submenus align their labels (651ms)
  ✓   59 [writer] › apps/office/e2e/writer-menu-document-focus.spec.ts:4:1 › unopened menu Escape without a saved owner focuses the Writer document (437ms)
  ✓   57 [writer] › apps/office/e2e/writer-manual-first-layout.spec.ts:16:5 › Writer manual signed-short layout width=1280 raw=65537 (1.6s)
  ✓   60 [writer] › apps/office/e2e/writer-menu-document-focus.spec.ts:23:1 › unopened menu Escape restores its saved Writer toolbar control (392ms)
  ✓   62 [writer] › apps/office/e2e/writer-menu-key.spec.ts:4:1 › F10 activates the first Writer root without opening and closes its keyboard popup (457ms)
  ✓   63 [writer] › apps/office/e2e/writer-menu-key.spec.ts:27:1 › repeated F10 restores a saved Writer toolbar owner (443ms)
  ✓   61 [writer] › apps/office/e2e/writer-manual-first-layout.spec.ts:16:5 › Writer manual signed-short layout width=1280 raw=-65537 (1.5s)
  ✓   64 [writer] › apps/office/e2e/writer-menu-key.spec.ts:39:1 › F10 leaves a modal Writer Hyperlink dialog's focus untouched (568ms)
  ✓   66 [writer] › apps/office/e2e/writer-menu-saved-focus.spec.ts:4:1 › root Escape returns focus and typing to the saved Writer editor (440ms)
  ✓   65 [writer] › apps/office/e2e/writer-manual-first-layout.spec.ts:16:5 › Writer manual signed-short layout width=390 raw=65537 (1.3s)
  ✓   67 [writer] › apps/office/e2e/writer-menu-saved-focus.spec.ts:17:1 › root and nested commands restore the saved editor before dispatch (693ms)
  ✓   69 [writer] › apps/office/e2e/writer-menu-saved-focus.spec.ts:38:1 › a menu command leaves focus in its newly opened Hyperlink dialog (510ms)
  ✓   70 [writer] › apps/office/e2e/writer-menu-saved-focus.spec.ts:49:1 › outside pointer focus belongs to the clicked Writer control (456ms)
  ✓   68 [writer] › apps/office/e2e/writer-manual-first-layout.spec.ts:16:5 › Writer manual signed-short layout width=390 raw=-65537 (1.3s)
  ✓   71 [writer] › apps/office/e2e/writer-named-style-history.spec.ts:15:3 › Writer named-style history width=1280 (1.5s)
  ✓   72 [writer] › apps/office/e2e/writer-native-attribute-portions.spec.ts:20:3 › Writer native body and cell portions retain formatting and editing width=1280 (2.2s)
  ✓   73 [writer] › apps/office/e2e/writer-named-style-history.spec.ts:15:3 › Writer named-style history width=390 (1.4s)
  ✓   75 [writer] › apps/office/e2e/writer-native-border-page.spec.ts:9:3 › native empty-hit focus and keyboard selection width=1280 (836ms)
  ✓   74 [writer] › apps/office/e2e/writer-native-attribute-portions.spec.ts:20:3 › Writer native body and cell portions retain formatting and editing width=390 (1.9s)
  ✓   76 [writer] › apps/office/e2e/writer-native-border-page.spec.ts:9:3 › native empty-hit focus and keyboard selection width=390 (821ms)
  ✓   77 [writer] › apps/office/e2e/writer-native-cell-alignment.spec.ts:10:3 › native common cell alignment and changed item history width=1280 (1.5s)
  ✓   78 [writer] › apps/office/e2e/writer-native-border-page.spec.ts:60:3 › native six-line border page and selected history width=1280 (1.9s)
  ✓   79 [writer] › apps/office/e2e/writer-native-cell-alignment.spec.ts:10:3 › native common cell alignment and changed item history width=390 (1.5s)
  ✓   81 [writer] › apps/office/e2e/writer-native-cell-alignment.spec.ts:113:1 › native primitive cell orientation remains numeric across the browser open boundary (750ms)
  ✓   80 [writer] › apps/office/e2e/writer-native-border-page.spec.ts:60:3 › native six-line border page and selected history width=390 (1.9s)
  ✓   82 [writer] › apps/office/e2e/writer-native-cell-box.spec.ts:11:5 › native four-edge cell paint and text history width=1280 fixed=false (748ms)
  ✓   83 [writer] › apps/office/e2e/writer-native-clipboard-lists.spec.ts:6:7 › Writer native clipboard lists cell=false reverse=false kind=numbered (993ms)
  ✓   84 [writer] › apps/office/e2e/writer-native-cell-box.spec.ts:11:5 › native four-edge cell paint and text history width=1280 fixed=true (878ms)
  ✓   86 [writer] › apps/office/e2e/writer-native-cell-box.spec.ts:11:5 › native four-edge cell paint and text history width=390 fixed=false (705ms)
  ✓   85 [writer] › apps/office/e2e/writer-native-clipboard-lists.spec.ts:6:7 › Writer native clipboard lists cell=false reverse=false kind=bullet (956ms)
  ✓   87 [writer] › apps/office/e2e/writer-native-cell-box.spec.ts:11:5 › native four-edge cell paint and text history width=390 fixed=true (668ms)
  ✓   88 [writer] › apps/office/e2e/writer-native-clipboard-lists.spec.ts:6:7 › Writer native clipboard lists cell=false reverse=true kind=numbered (859ms)
  ✓   90 [writer] › apps/office/e2e/writer-native-clipboard-lists.spec.ts:6:7 › Writer native clipboard lists cell=false reverse=true kind=bullet (912ms)
  ✓   89 [writer] › apps/office/e2e/writer-native-collapsing-borders.spec.ts:10:3 › native coupled border and merging item acceptance width=1280 (1.5s)
  ✓   91 [writer] › apps/office/e2e/writer-native-clipboard-lists.spec.ts:6:7 › Writer native clipboard lists cell=true reverse=false kind=numbered (1.1s)
  ✓   92 [writer] › apps/office/e2e/writer-native-collapsing-borders.spec.ts:10:3 › native coupled border and merging item acceptance width=390 (1.5s)
  ✓   93 [writer] › apps/office/e2e/writer-native-clipboard-lists.spec.ts:6:7 › Writer native clipboard lists cell=true reverse=false kind=bullet (1.1s)
  ✓   95 [writer] › apps/office/e2e/writer-native-clipboard-lists.spec.ts:6:7 › Writer native clipboard lists cell=true reverse=true kind=numbered (1.2s)
  ✓   94 [writer] › apps/office/e2e/writer-native-collapsing-borders.spec.ts:75:5 › native table merging model=collapsing width=1280 (1.7s)
  ✓   96 [writer] › apps/office/e2e/writer-native-clipboard-lists.spec.ts:6:7 › Writer native clipboard lists cell=true reverse=true kind=bullet (1.2s)
  ✓   97 [writer] › apps/office/e2e/writer-native-collapsing-borders.spec.ts:75:5 › native table merging model=separating width=1280 (1.7s)
  ✓   98 [writer] › apps/office/e2e/writer-native-column-commands.spec.ts:4:3 › native column insertion width=1280 (1.2s)
  ✓  100 [writer] › apps/office/e2e/writer-native-column-commands.spec.ts:4:3 › native column insertion width=390 (1.1s)
  ✓   99 [writer] › apps/office/e2e/writer-native-collapsing-borders.spec.ts:75:5 › native table merging model=undefined width=1280 (1.7s)
  ✓  101 [writer] › apps/office/e2e/writer-native-document-row.spec.ts:4:3 › document-owned styled final-row Tab width=1280 (782ms)
  ✓  103 [writer] › apps/office/e2e/writer-native-document-row.spec.ts:4:3 › document-owned styled final-row Tab width=390 (650ms)
  ✓  102 [writer] › apps/office/e2e/writer-native-collapsing-borders.spec.ts:75:5 › native table merging model=collapsing width=390 (1.8s)
  ✓  105 [writer] › apps/office/e2e/writer-native-collapsing-borders.spec.ts:75:5 › native table merging model=separating width=390 (1.8s)
  ✓  104 [writer] › apps/office/e2e/writer-native-independent-table-properties.spec.ts:60:3 › native independent properties columns frame-width and history width=1280 (3.0s)
  ✓  106 [writer] › apps/office/e2e/writer-native-collapsing-borders.spec.ts:75:5 › native table merging model=undefined width=390 (1.8s)
  ✓  108 [writer] › apps/office/e2e/writer-native-insert-table-row-history.spec.ts:4:3 › native inserted table and appended row history width=1280 (952ms)
  ✓  109 [writer] › apps/office/e2e/writer-native-insert-table-row-history.spec.ts:4:3 › native inserted table and appended row history width=390 (850ms)
  ✓  107 [writer] › apps/office/e2e/writer-native-independent-table-properties.spec.ts:60:3 › native independent properties columns frame-width and history width=390 (2.8s)
  ✓  110 [writer] › apps/office/e2e/writer-native-insert-table.spec.ts:7:3 › native table insertion history width=1280 (1.0s)
  ✓  112 [writer] › apps/office/e2e/writer-native-insert-table.spec.ts:7:3 › native table insertion history width=390 (862ms)
  ✓  111 [writer] › apps/office/e2e/writer-native-list-context.spec.ts:11:3 › Writer native list context and point state width=1280 (2.0s)
  ✓  113 [writer] › apps/office/e2e/writer-native-list-marker-width.spec.ts:59:5 › Writer native label width prevents overlap width=1280 cell=false (1.1s)
  ✓  114 [writer] › apps/office/e2e/writer-native-list-context.spec.ts:11:3 › Writer native list context and point state width=390 (1.9s)
  ✓  115 [writer] › apps/office/e2e/writer-native-list-marker-width.spec.ts:59:5 › Writer native label width prevents overlap width=1280 cell=true (1.1s)
  ✓  116 [writer] › apps/office/e2e/writer-native-list-tab.spec.ts:16:3 › Writer body list and table Tab retain editing focus width=1280 (1.2s)
  ✓  117 [writer] › apps/office/e2e/writer-native-list-marker-width.spec.ts:59:5 › Writer native label width prevents overlap width=390 cell=false (1.1s)
  ✓  119 [writer] › apps/office/e2e/writer-native-list-marker-width.spec.ts:59:5 › Writer native label width prevents overlap width=390 cell=true (975ms)
  ✓  118 [writer] › apps/office/e2e/writer-native-list-tab.spec.ts:16:3 › Writer body list and table Tab retain editing focus width=390 (1.1s)
  ✓  121 [writer] › apps/office/e2e/writer-native-numbering-tab.spec.ts:17:5 › Writer exhausted bullet tab keeps native text gap width=1280 cell=false (1.0s)
  ✓  120 [writer] › apps/office/e2e/writer-native-none-numbering.spec.ts:11:3 › Writer native NONE numbering roundtrip width=1280 (1.5s)
  ✓  122 [writer] › apps/office/e2e/writer-native-numbering-tab.spec.ts:17:5 › Writer exhausted bullet tab keeps native text gap width=1280 cell=true (997ms)
  ✓  123 [writer] › apps/office/e2e/writer-native-none-numbering.spec.ts:11:3 › Writer native NONE numbering roundtrip width=390 (1.3s)
  ✓  124 [writer] › apps/office/e2e/writer-native-numbering-tab.spec.ts:17:5 › Writer exhausted bullet tab keeps native text gap width=390 cell=false (764ms)
  ✓  126 [writer] › apps/office/e2e/writer-native-numbering-tab.spec.ts:17:5 › Writer exhausted bullet tab keeps native text gap width=390 cell=true (878ms)
  ✓  127 [writer] › apps/office/e2e/writer-native-paragraph-text-surface.spec.ts:54:5 › Writer native text surface cell=false reverse=false (716ms)
  ✓  125 [writer] › apps/office/e2e/writer-native-outline-tab.spec.ts:9:3 › Writer native heading Tab retains styles and history width=1280 (2.1s)
  ✓  128 [writer] › apps/office/e2e/writer-native-paragraph-text-surface.spec.ts:54:5 › Writer native text surface cell=false reverse=true (732ms)
  ✓  130 [writer] › apps/office/e2e/writer-native-paragraph-text-surface.spec.ts:54:5 › Writer native text surface cell=true reverse=false (891ms)
  ✓  129 [writer] › apps/office/e2e/writer-native-outline-tab.spec.ts:9:3 › Writer native heading Tab retains styles and history width=390 (1.9s)
  ✓  131 [writer] › apps/office/e2e/writer-native-paragraph-text-surface.spec.ts:54:5 › Writer native text surface cell=true reverse=true (910ms)
  ✓  132 [writer] › apps/office/e2e/writer-native-outline-tab.spec.ts:96:3 › Writer native tenth heading boundary width=1280 (937ms)
  ✓  133 [writer] › apps/office/e2e/writer-native-properties-height.spec.ts:7:3 › Writer unrelated properties preserve fixed row height width=1280 (1.5s)
  ✓  134 [writer] › apps/office/e2e/writer-native-outline-tab.spec.ts:96:3 › Writer native tenth heading boundary width=390 (796ms)
  ✓  136 [writer] › apps/office/e2e/writer-native-row-commands.spec.ts:4:3 › native row menu and caret width=1280 (1.1s)
  ✓  135 [writer] › apps/office/e2e/writer-native-properties-height.spec.ts:7:3 › Writer unrelated properties preserve fixed row height width=390 (1.3s)
  ✓  138 [writer] › apps/office/e2e/writer-native-row-frame-size.spec.ts:13:3 › Writer native fixed row clipping and minimum growth width=1280 (604ms)
  ✓  137 [writer] › apps/office/e2e/writer-native-row-commands.spec.ts:4:3 › native row menu and caret width=390 (1.1s)
  ✓  139 [writer] › apps/office/e2e/writer-native-row-frame-size.spec.ts:13:3 › Writer native fixed row clipping and minimum growth width=390 (604ms)
  ✓  141 [writer] › apps/office/e2e/writer-native-section-navigation.spec.ts:3:1 › Writer Ctrl Home End follows native cell and table boundaries (1.1s)
  ✓  140 [writer] › apps/office/e2e/writer-native-row-height-dialog.spec.ts:7:3 › Writer native row height dialog width=1280 (2.0s)
  ✓  142 [writer] › apps/office/e2e/writer-native-section-navigation.spec.ts:54:1 › Writer Shift Ctrl Home selects cell paragraphs through native point and mark (794ms)
  ✓  144 [writer] › apps/office/e2e/writer-native-section-navigation.spec.ts:94:1 › Writer inherited table editing host keeps split join and typing history (843ms)
  ✓  145 [writer] › apps/office/e2e/writer-native-select-all.spec.ts:37:1 › Writer Select All escalates cell table and outer text (843ms)
  ✓  143 [writer] › apps/office/e2e/writer-native-row-height-dialog.spec.ts:7:3 › Writer native row height dialog width=390 (1.9s)
  ✓  146 [writer] › apps/office/e2e/writer-native-select-all.spec.ts:61:1 › Writer cell Select All replacement retains neighbors and native undo redo (1.1s)
  ✓  148 [writer] › apps/office/e2e/writer-native-select-all.spec.ts:84:1 › Writer empty cell Select All immediately selects the native table (917ms)
  ✓  147 [writer] › apps/office/e2e/writer-native-tabcols.spec.ts:8:3 › native physical column draft from relative table width=1280 (2.6s)
  ✓  149 [writer] › apps/office/e2e/writer-native-table-column-drag.spec.ts:8:3 › native mouse column tracking width=1280 (1.4s)
  ✓  151 [writer] › apps/office/e2e/writer-native-table-column-drag.spec.ts:8:3 › native mouse column tracking width=390 (1.2s)
  ✓  150 [writer] › apps/office/e2e/writer-native-tabcols.spec.ts:8:3 › native physical column draft from relative table width=390 (2.4s)
  ✓  152 [writer] › apps/office/e2e/writer-native-table-column-drag.spec.ts:130:1 › native outer-left tracking accepts Enter and preserves the editing cursor (1.1s)
  ✓  154 [writer] › apps/office/e2e/writer-native-table-cursor-rings.spec.ts:4:1 › Writer selected row character formatting covers full cells and survives Undo Redo (1.5s)
  ✓  153 [writer] › apps/office/e2e/writer-native-table-column-page.spec.ts:42:3 › native column page modes and history width=1280 (2.8s)
  ✓  155 [writer] › apps/office/e2e/writer-native-table-delete.spec.ts:6:5 › Writer native table deletion › Writer selected row Delete preserves table cells and native Undo Redo (1.3s)
  ✓  156 [writer] › apps/office/e2e/writer-native-table-column-page.spec.ts:135:3 › native column page window and selection width=1280 (1.7s)
  ✓  157 [writer] › apps/office/e2e/writer-native-table-delete.spec.ts:6:5 › Writer native table deletion › Writer selected row Backspace preserves table cells and native Undo Redo (1.2s)
  ✓  159 [writer] › apps/office/e2e/writer-native-table-editing.spec.ts:3:1 › Writer table cell typing, split, join and formatting use document history (1.0s)
  ✓  158 [writer] › apps/office/e2e/writer-native-table-column-page.spec.ts:42:3 › native column page modes and history width=390 (2.2s)
  ✓  160 [writer] › apps/office/e2e/writer-native-table-format-lifecycle.spec.ts:36:3 › native format page local metrics cancel and native acceptance width=1280 (1.7s)
  ✓  161 [writer] › apps/office/e2e/writer-native-table-column-page.spec.ts:135:3 › native column page window and selection width=390 (1.7s)
  ✓  162 [writer] › apps/office/e2e/writer-native-table-format-lifecycle.spec.ts:98:3 › native format page activation consumes Columns width and retains browser input width=1280 (1.0s)
  ✓  163 [writer] › apps/office/e2e/writer-native-table-layout-split.spec.ts:9:5 › native table split policy uses physical page owners width=1280 split=true (1.1s)
  ✓  164 [writer] › apps/office/e2e/writer-native-table-format-lifecycle.spec.ts:36:3 › native format page local metrics cancel and native acceptance width=390 (1.9s)
  ✓  165 [writer] › apps/office/e2e/writer-native-table-layout-split.spec.ts:9:5 › native table split policy uses physical page owners width=1280 split=false (981ms)
  ✓  167 [writer] › apps/office/e2e/writer-native-table-layout-split.spec.ts:9:5 › native table split policy uses physical page owners width=390 split=true (909ms)
  ✓  166 [writer] › apps/office/e2e/writer-native-table-format-lifecycle.spec.ts:98:3 › native format page activation consumes Columns width and retains browser input width=390 (1.1s)
  ✓  168 [writer] › apps/office/e2e/writer-native-table-layout-split.spec.ts:9:5 › native table split policy uses physical page owners width=390 split=false (922ms)
  ✓  169 [writer] › apps/office/e2e/writer-native-table-linear-drag.spec.ts:11:3 › Writer solitary Shift translates following column borders width=1280 (1.2s)
  ✓  170 [writer] › apps/office/e2e/writer-native-table-mouse.spec.ts:14:3 › Writer native table mouse edge and drag width=1280 (1.3s)
  ✓  171 [writer] › apps/office/e2e/writer-native-table-linear-drag.spec.ts:11:3 › Writer solitary Shift translates following column borders width=390 (1.2s)
  ✓  172 [writer] › apps/office/e2e/writer-native-table-mouse.spec.ts:14:3 › Writer native table mouse edge and drag width=390 (1.2s)
  ✓  173 [writer] › apps/office/e2e/writer-native-table-paste.spec.ts:4:1 › Writer selected row paste appends in every cell and retains native Undo selection (965ms)
  ✓  174 [writer] › apps/office/e2e/writer-native-table-plain-paste.spec.ts:5:3 › Writer native plain table clipboard "X" preserves cells and inherited bold history (1.3s)
  ✓  175 [writer] › apps/office/e2e/writer-native-table-pointer.spec.ts:14:3 › Writer native table interior and gutter pointer width=1280 (1.3s)
  ✓  176 [writer] › apps/office/e2e/writer-native-table-plain-paste.spec.ts:5:3 › Writer native plain table clipboard "A\nB\n" preserves cells and inherited bold history (1.2s)
  ✓  177 [writer] › apps/office/e2e/writer-native-table-pointer.spec.ts:14:3 › Writer native table interior and gutter pointer width=390 (1.7s)
  ✓  179 [writer] › apps/office/e2e/writer-native-table-proportional-drag.spec.ts:11:3 › Writer solitary Control proportionally resizes following columns width=1280 (1.4s)
  ✓  178 [writer] › apps/office/e2e/writer-native-table-properties-reset.spec.ts:38:3 › native current-page table Reset preserves other pages and canonical history width=1280 (2.1s)
  ✓  180 [writer] › apps/office/e2e/writer-native-table-proportional-drag.spec.ts:11:3 › Writer solitary Control proportionally resizes following columns width=390 (1.1s)
  ✓  181 [writer] › apps/office/e2e/writer-native-table-properties-reset.spec.ts:38:3 › native current-page table Reset preserves other pages and canonical history width=390 (2.0s)
  ✓  182 [writer] › apps/office/e2e/writer-native-table-row-drag.spec.ts:7:3 › native mouse row tracking width=1280 (1.6s)
  ✓  183 [writer] › apps/office/e2e/writer-native-table-selection-commands.spec.ts:4:3 › native table selection menu width=1280 (1.6s)
  ✓  184 [writer] › apps/office/e2e/writer-native-table-row-drag.spec.ts:7:3 › native mouse row tracking width=390 (1.4s)
  ✓  186 [writer] › apps/office/e2e/writer-native-table-selection.spec.ts:17:1 › Writer row selection paints core boxes and typing after caret kill preserves neighbors (896ms)
  ✓  185 [writer] › apps/office/e2e/writer-native-table-selection-commands.spec.ts:4:3 › native table selection menu width=390 (1.4s)
  ✓  187 [writer] › apps/office/e2e/writer-native-table-selection.spec.ts:44:1 › Writer native keyboard box selection and caret properties context agree (863ms)
  ✓  188 [writer] › apps/office/e2e/writer-native-table-tab.spec.ts:3:1 › Writer Tab traverses native cell sections and appends one row with history (1.1s)
  ✓  190 [writer] › apps/office/e2e/writer-native-table-text-flow-split.spec.ts:9:3 › native split properties controls and physical pages width=1280 (2.8s)
  ✓  189 [writer] › apps/office/e2e/writer-native-table-text-flow-headline.spec.ts:39:3 › native Table Properties headline defaults and history width=1280 (3.7s)
  ✓  191 [writer] › apps/office/e2e/writer-native-table-text-flow-split.spec.ts:9:3 › native split properties controls and physical pages width=390 (2.5s)
  ✓  193 [writer] › apps/office/e2e/writer-odt-file.spec.ts:15:1 › Writer opens and saves a bounded ODT file (998ms)
  ✓  192 [writer] › apps/office/e2e/writer-native-table-text-flow-headline.spec.ts:39:3 › native Table Properties headline defaults and history width=390 (3.1s)
  ✓  195 [writer] › apps/office/e2e/writer-print.spec.ts:5:1 › Print appears in upstream locations and print media keeps only pages (571ms)
  ✓  194 [writer] › apps/office/e2e/writer-odt-file.spec.ts:87:1 › Writer keeps one ODT text node across visible page fragments after reopen (1.3s)
  ✓  196 [writer] › apps/office/e2e/writer-responsive-sidebar.spec.ts:7:1 › long menus scroll inside the viewport and nested commands stay reachable (570ms)
  ✓  198 [writer] › apps/office/e2e/writer-responsive-sidebar.spec.ts:61:1 › sidebar remains reachable and its checked state follows visibility on a touch viewport (585ms)
  ✓  197 [writer] › apps/office/e2e/writer-odt-file.spec.ts:139:1 › Writer types in a table cell and reopens the edited ODT (1.0s)
  ✓  199 [writer] › apps/office/e2e/writer-responsive-sidebar.spec.ts:87:1 › the page stays within the viewport while the document and modal body scroll (571ms)
  ✓  200 [writer] › apps/office/e2e/writer-root-menu-boundary.spec.ts:5:3 › Home replaces the active Writer root popup and returns to editing on Escape (533ms)
  ✓  201 [writer] › apps/office/e2e/writer-responsive-sidebar.spec.ts:139:1 › the mobile table grid dismisses outside and More Options opens the full dialog (711ms)
  ✓  202 [writer] › apps/office/e2e/writer-root-menu-boundary.spec.ts:5:3 › End replaces the active Writer root popup and returns to editing on Escape (492ms)
  ✓  203 [writer] › apps/office/e2e/writer-root-menu-focus.spec.ts:4:1 › pointer root popup owns focus and passes keyboard input to its first command (517ms)
  ✓  204 [writer] › apps/office/e2e/writer-root-menu-boundary.spec.ts:31:1 › Writer F10 boundary navigation stays unopened until an explicit popup key (456ms)
  ✓  205 [writer] › apps/office/e2e/writer-root-menu-focus.spec.ts:24:3 › root ArrowDown selects the first Writer command and executes one toggle (458ms)
  ✓  207 [writer] › apps/office/e2e/writer-root-menu-focus.spec.ts:24:3 › root ArrowUp selects the first Writer command and executes one toggle (506ms)
  ✓  208 [writer] › apps/office/e2e/writer-root-menu-focus.spec.ts:24:3 › root Enter selects the first Writer command and executes one toggle (463ms)
  ✓  209 [writer] › apps/office/e2e/writer-root-menu-focus.spec.ts:24:3 › root Space selects the first Writer command and executes one toggle (460ms)
  ✓  206 [writer] › apps/office/e2e/writer-ruler-auto-first.spec.ts:16:3 › Writer automatic first-line ruler at width 1280 (2.2s)
  ✓  210 [writer] › apps/office/e2e/writer-ruler-default-tabs.spec.ts:5:3 › Writer default ruler tabs at width 1280 (871ms)
  ✓  212 [writer] › apps/office/e2e/writer-ruler-default-tabs.spec.ts:5:3 › Writer default ruler tabs at width 390 (778ms)
  ✓  211 [writer] › apps/office/e2e/writer-ruler-auto-first.spec.ts:16:3 › Writer automatic first-line ruler at width 390 (1.8s)
  ✓  213 [writer] › apps/office/e2e/writer-ruler-indent-items.spec.ts:16:3 › Writer automatic ruler item history at width 1280 (2.1s)
  ✓  214 [writer] › apps/office/e2e/writer-ruler-indent-pixels.spec.ts:16:3 › Writer rounded paragraph indents at width 1280 (2.1s)
  ✓  215 [writer] › apps/office/e2e/writer-ruler-indent-items.spec.ts:16:3 › Writer automatic ruler item history at width 390 (1.9s)
  ✓  216 [writer] › apps/office/e2e/writer-ruler-indent-pixels.spec.ts:16:3 › Writer rounded paragraph indents at width 390 (1.8s)
  ✓  218 [writer] › apps/office/e2e/writer-ruler-tab-identity.spec.ts:5:3 › Writer ruler tab identity at width 1280 (904ms)
  ✓  217 [writer] › apps/office/e2e/writer-ruler-tab-glyphs.spec.ts:56:3 › Writer ruler typed glyphs at width 1280 (1.4s)
  ✓  219 [writer] › apps/office/e2e/writer-ruler-tab-identity.spec.ts:5:3 › Writer ruler tab identity at width 390 (841ms)
  ✓  220 [writer] › apps/office/e2e/writer-ruler-tab-glyphs.spec.ts:56:3 › Writer ruler typed glyphs at width 390 (1.2s)
  ✓  221 [writer] › apps/office/e2e/writer-ruler-tab-insertion.spec.ts:12:3 › Writer replaces a hidden default ruler tab at width 1280 (888ms)
  ✓  222 [writer] › apps/office/e2e/writer-ruler-tab-pixels.spec.ts:12:3 › Writer rounded tab anchors at width 1280 (1.3s)
  ✓  223 [writer] › apps/office/e2e/writer-ruler-tab-insertion.spec.ts:12:3 › Writer replaces a hidden default ruler tab at width 390 (813ms)
  ✓  225 [writer] › apps/office/e2e/writer-ruler-tracking.spec.ts:5:3 › Writer ruler tracking at width 1280 (1.2s)
  ✓  224 [writer] › apps/office/e2e/writer-ruler-tab-pixels.spec.ts:12:3 › Writer rounded tab anchors at width 390 (1.3s)
  ✓  227 [writer] › apps/office/e2e/writer-selected-list-toggle.spec.ts:4:3 › Writer selected body toggle Ordered List as one list range (964ms)
  ✓  226 [writer] › apps/office/e2e/writer-ruler-tracking.spec.ts:5:3 › Writer ruler tracking at width 390 (1.2s)
  ✓  229 [writer] › apps/office/e2e/writer-sidebar-deck.spec.ts:8:3 › Properties deck closes and reopens with document focus at width 1280 (749ms)
  ✓  228 [writer] › apps/office/e2e/writer-selected-list-toggle.spec.ts:4:3 › Writer selected body toggle Unordered List as one list range (994ms)
  ✓  230 [writer] › apps/office/e2e/writer-sidebar-deck.spec.ts:8:3 › Properties deck closes and reopens with document focus at width 390 (714ms)
  ✓  231 [writer] › apps/office/e2e/writer-selected-list-toggle.spec.ts:4:3 › Writer selected table cells toggle Ordered List as one list range (1.1s)
  ✓  232 [writer] › apps/office/e2e/writer-sidebar-escape.spec.ts:8:3 › Paragraph panel Escape returns to title then document at width 1280 (589ms)
  ✓  234 [writer] › apps/office/e2e/writer-sidebar-escape.spec.ts:8:3 › Paragraph panel Escape returns to title then document at width 390 (610ms)
  ✓  233 [writer] › apps/office/e2e/writer-selected-list-toggle.spec.ts:4:3 › Writer selected table cells toggle Unordered List as one list range (1.2s)
  ✓  235 [writer] › apps/office/e2e/writer-sidebar-key-isolation.spec.ts:5:3 › Sidebar docking key isolation at width 1280 (986ms)
  ✓  236 [writer] › apps/office/e2e/writer-sidebar-navigation.spec.ts:8:3 › Sidebar managed Tab and arrow navigation at width 1280 (1.1s)
  ✓  237 [writer] › apps/office/e2e/writer-sidebar-key-isolation.spec.ts:5:3 › Sidebar docking key isolation at width 390 (915ms)
  ✓  238 [writer] › apps/office/e2e/writer-sidebar-navigation.spec.ts:8:3 › Sidebar managed Tab and arrow navigation at width 390 (979ms)
  ✓  239 [writer] › apps/office/e2e/writer-sidebar-panel.spec.ts:8:3 › Paragraph panel expansion and More Options at width 1280 (798ms)
  ✓  240 [writer] › apps/office/e2e/writer-sidebar-scroll.spec.ts:5:3 › Sidebar ShowPanel reveals an oversized Paragraph panel at width 1280 (560ms)
  ✓  241 [writer] › apps/office/e2e/writer-sidebar-panel.spec.ts:8:3 › Paragraph panel expansion and More Options at width 390 (780ms)
  ✓  242 [writer] › apps/office/e2e/writer-sidebar-scroll.spec.ts:5:3 › Sidebar ShowPanel reveals an oversized Paragraph panel at width 390 (534ms)
  ✓  243 [writer] › apps/office/e2e/writer-style-focus.spec.ts:68:3 › Writer direct style choice focus width=1280 (1.2s)
  ✓  244 [writer] › apps/office/e2e/writer-style-redo.spec.ts:38:3 › Writer native paired style history width=1280 (1.5s)
  ✓  245 [writer] › apps/office/e2e/writer-style-focus.spec.ts:99:3 › Writer keyboard style choice focus width=1280 (1.1s)
  ✓  246 [writer] › apps/office/e2e/writer-style-redo.spec.ts:38:3 › Writer native paired style history width=390 (1.3s)
  ✓  247 [writer] › apps/office/e2e/writer-style-focus.spec.ts:68:3 › Writer direct style choice focus width=390 (939ms)
  ✓  249 [writer] › apps/office/e2e/writer-style-focus.spec.ts:99:3 › Writer keyboard style choice focus width=390 (1.2s)
  ✓  248 [writer] › apps/office/e2e/writer-style-reset.spec.ts:80:3 › Writer ordinary native style reset width=1280 (1.6s)
  ✓  250 [writer] › apps/office/e2e/writer-style-selection.spec.ts:63:3 › Writer inclusive paragraph style range width=1280 (1.3s)
  ✓  251 [writer] › apps/office/e2e/writer-style-reset.spec.ts:80:3 › Writer ordinary native style reset width=390 (1.6s)
  ✓  252 [writer] › apps/office/e2e/writer-style-selection.spec.ts:63:3 › Writer inclusive paragraph style range width=390 (1.4s)
  ✓  254 [writer] › apps/office/e2e/writer-submenu-keyboard.spec.ts:5:3 › nested Writer ruler toggles once with Enter (635ms)
  ✓  253 [writer] › apps/office/e2e/writer-style-selector.spec.ts:15:3 › Writer live style selector width=1280 (1.7s)
  ✓  255 [writer] › apps/office/e2e/writer-submenu-keyboard.spec.ts:5:3 › nested Writer ruler toggles once with Space (608ms)
  ✓  257 [writer] › apps/office/e2e/writer-submenu-preselection.spec.ts:4:1 › pointer submenu owns focus without a selected Writer command (765ms)
  ✓  256 [writer] › apps/office/e2e/writer-style-selector.spec.ts:15:3 › Writer live style selector width=390 (1.5s)
  ✓  258 [writer] › apps/office/e2e/writer-submenu-preselection.spec.ts:35:1 › keyboard opening still preselects and executes one Writer command (626ms)
  ✓  259 [writer] › apps/office/e2e/writer-table-alignment.spec.ts:9:3 › native automatic restores edited width viewport=1280 (905ms)
  ✓  261 [writer] › apps/office/e2e/writer-table-alignment.spec.ts:9:3 › native automatic restores edited width viewport=390 (868ms)
  ✓  260 [writer] › apps/office/e2e/writer-table-border-changed-items.spec.ts:7:3 › native changed border properties preserve untouched cells width=1280 (1.5s)
  ✓  262 [writer] › apps/office/e2e/writer-table-alignment.spec.ts:48:5 › native table Automatic viewport=1280 (1.2s)
  ✓  263 [writer] › apps/office/e2e/writer-table-border-changed-items.spec.ts:7:3 › native changed border properties preserve untouched cells width=390 (1.5s)
  ✓  264 [writer] › apps/office/e2e/writer-table-alignment.spec.ts:48:5 › native table Left viewport=1280 (1.1s)
  ✓  265 [writer] › apps/office/e2e/writer-table-border-common-state.spec.ts:10:3 › native common border input and selected four-distance history width=1280 (1.8s)
  ✓  266 [writer] › apps/office/e2e/writer-table-alignment.spec.ts:48:5 › native table From left viewport=1280 (1.2s)
  ✓  268 [writer] › apps/office/e2e/writer-table-alignment.spec.ts:48:5 › native table Right viewport=1280 (1.1s)
  ✓  267 [writer] › apps/office/e2e/writer-table-border-common-state.spec.ts:10:3 › native common border input and selected four-distance history width=390 (1.8s)
  ✓  269 [writer] › apps/office/e2e/writer-table-alignment.spec.ts:48:5 › native table Center viewport=1280 (1.1s)
  ✓  270 [writer] › apps/office/e2e/writer-table-headlines.spec.ts:9:1 › Writer headline-adjacent text reflow retains a source caret beyond the old page fragment (797ms)
  ✓  271 [writer] › apps/office/e2e/writer-table-alignment.spec.ts:48:5 › native table Manual viewport=1280 (1.3s)
  ✓  272 [writer] › apps/office/e2e/writer-table-headlines.spec.ts:109:3 › Writer repeated table headlines edit the original native header width=1280 (1.0s)
  ✓  274 [writer] › apps/office/e2e/writer-table-headlines.spec.ts:109:3 › Writer repeated table headlines edit the original native header width=390 (857ms)
  ✓  273 [writer] › apps/office/e2e/writer-table-alignment.spec.ts:48:5 › native table Automatic viewport=390 (1.1s)
  ✓  275 [writer] › apps/office/e2e/writer-table-print-area.spec.ts:22:5 › Writer native table print geometry left width=1280 (907ms)
  ✓  276 [writer] › apps/office/e2e/writer-table-alignment.spec.ts:48:5 › native table Left viewport=390 (1.2s)
  ✓  277 [writer] › apps/office/e2e/writer-table-print-area.spec.ts:22:5 › Writer native table print geometry center width=1280 (945ms)
  ✓  278 [writer] › apps/office/e2e/writer-table-alignment.spec.ts:48:5 › native table From left viewport=390 (1.2s)
  ✓  279 [writer] › apps/office/e2e/writer-table-print-area.spec.ts:22:5 › Writer native table print geometry right width=1280 (984ms)
  ✓  280 [writer] › apps/office/e2e/writer-table-alignment.spec.ts:48:5 › native table Right viewport=390 (1.2s)
  ✓  281 [writer] › apps/office/e2e/writer-table-print-area.spec.ts:22:5 › Writer native table print geometry margins width=1280 (942ms)
  ✓  283 [writer] › apps/office/e2e/writer-table-print-area.spec.ts:22:5 › Writer native table print geometry left width=390 (795ms)
  ✓  282 [writer] › apps/office/e2e/writer-table-alignment.spec.ts:48:5 › native table Center viewport=390 (1.1s)
  ✓  284 [writer] › apps/office/e2e/writer-table-print-area.spec.ts:22:5 › Writer native table print geometry center width=390 (857ms)
  ✓  285 [writer] › apps/office/e2e/writer-table-alignment.spec.ts:48:5 › native table Manual viewport=390 (1.1s)
  ✓  286 [writer] › apps/office/e2e/writer-table-print-area.spec.ts:22:5 › Writer native table print geometry right width=390 (860ms)
  ✓  288 [writer] › apps/office/e2e/writer-table-print-area.spec.ts:22:5 › Writer native table print geometry margins width=390 (980ms)
  ✓  287 [writer] › apps/office/e2e/writer-table-properties-history.spec.ts:13:3 › Writer table properties native history width=1280 (1.5s)
  ✓  289 [writer] › apps/office/e2e/writer-table-ring-continue.spec.ts:12:5 › Writer table row Add to List Ordered List/plain (1.5s)
  ✓  290 [writer] › apps/office/e2e/writer-table-properties-history.spec.ts:13:3 › Writer table properties native history width=390 (1.5s)
  ✓  292 [writer] › apps/office/e2e/writer-table-row-lists.spec.ts:5:3 › Writer table row native list commands Ordered List (1.5s)
  ✓  291 [writer] › apps/office/e2e/writer-table-ring-continue.spec.ts:12:5 › Writer table row Add to List Ordered List/different (1.8s)
  ✓  294 [writer] › apps/office/e2e/writer-table-ring-continue.spec.ts:12:5 › Writer table row Add to List Unordered List/plain (1.5s)
  ✓  293 [writer] › apps/office/e2e/writer-table-row-lists.spec.ts:5:3 › Writer table row native list commands Unordered List (1.7s)
  ✓  296 [writer] › apps/office/e2e/writer-uncounted-list-layout.spec.ts:3:39 › Writer uncounted list keeps native text-left through history cell=false (1.0s)
  ✓  295 [writer] › apps/office/e2e/writer-table-ring-continue.spec.ts:12:5 › Writer table row Add to List Unordered List/different (1.7s)
  ✓  297 [writer] › apps/office/e2e/writer-uncounted-list-layout.spec.ts:3:39 › Writer uncounted list keeps native text-left through history cell=true (1.2s)
  ✓  298 [writer] › apps/office/e2e/writer-table-ring-continue.spec.ts:96:1 › Writer table row Add to List continues an imported restarted body list (1.8s)
(node:33857) Warning: The 'NO_COLOR' env is ignored due to the 'FORCE_COLOR' env being set.
(Use `node --trace-warnings ...` to show where the warning was created)
(node:33860) Warning: The 'NO_COLOR' env is ignored due to the 'FORCE_COLOR' env being set.
(Use `node --trace-warnings ...` to show where the warning was created)
  ✓  300 [shared] › apps/office/e2e/shared/launcher.spec.ts:6:1 › shared launcher routes to the Calc foundation without a Writer session (980ms)
  ✓  301 [shared] › apps/office/e2e/shared/launcher.spec.ts:21:1 › shared launcher handles unknown application routes (273ms)
  ✓  299 [writer] › apps/office/e2e/writer-dialog-layout.spec.ts:311:3 › Writer dialog layout 1280x800 (6.5s)
  ✓  302 [writer] › apps/office/e2e/writer-dialog-layout.spec.ts:311:3 › Writer dialog layout 390x600 (5.0s)
  ✓  303 [writer] › apps/office/e2e/writer-dialog-layout.spec.ts:311:3 › Writer dialog layout 640x360 (5.3s)

  303 passed (3.4m)

> vite-office@0.1.0 test:static
> npm run build && node scripts/check-static-build.mjs


> vite-office@0.1.0 build
> npm run build --workspace @vite-office/office


> @vite-office/office@0.1.0 build
> tsc --noEmit && vite build

vite v8.2.1 building client environment for production...
[2Ktransforming...✓ 2113 modules transformed.
rendering chunks...
computing gzip size...
dist/index.html                         0.56 kB │ gzip:   0.35 kB
dist/assets/tblsels-CrFA-9L6.svg        5.15 kB │ gzip:   0.61 kB
dist/assets/tblselw-D9zQinbS.svg        5.15 kB │ gzip:   0.61 kB
dist/assets/tblsele-ndGfGfAd.svg        5.16 kB │ gzip:   0.61 kB
dist/assets/tblselsw-Bp6i2xcj.svg       5.76 kB │ gzip:   0.65 kB
dist/assets/tblselse-DkDvgj_p.svg       5.80 kB │ gzip:   0.65 kB
dist/assets/odt-worker-BqlKulb7.js    420.81 kB
dist/assets/index-Dy9Uxfjk.css         64.74 kB │ gzip:  10.56 kB
dist/assets/index-sMPoBujh.js       1,274.04 kB │ gzip: 305.53 kB

✓ built in 819ms
[plugin builtin:vite-reporter] 
(!) Some chunks are larger than 500 kB after minification. Consider:
- Using dynamic import() to code-split the application
- Use build.rolldownOptions.output.codeSplitting to improve chunking: https://rolldown.rs/reference/OutputOptions.codeSplitting
- Adjust chunk size limit for this warning via build.chunkSizeWarningLimit.
Static build smoke passed: relative assets, 2 JavaScript bundle(s), no backend endpoints.

> vite-office@0.1.0 check:docs
> node scripts/check-jsdoc.mjs

JSDoc validation passed for 1099 authored source files.

> vite-office@0.1.0 check:file-size
> node scripts/check-file-size.mjs

File-size check scanned 1102 authored files.
Decomposition review candidates:
apps/office/src/editeng/source/items/frmitems.ts: 789 lines
apps/office/src/framework/browser/app/desktop.test.tsx: 544 lines
apps/office/src/framework/browser/presentation/CommandMenuBar.tsx: 623 lines
apps/office/src/sc/source/core/tool/rangelst.ts: 541 lines
apps/office/src/sc/source/core/tool/refdata.ts: 524 lines
apps/office/src/svl/source/items/itemset.test.ts: 677 lines
apps/office/src/sw/browser/editor/browser-writer-edit-window.ts: 632 lines
apps/office/src/sw/browser/editor/WriterPlainTextEditor.test.tsx: 546 lines
apps/office/src/sw/browser/editor/WriterPlainTextEditor.tsx: 560 lines
apps/office/src/sw/browser/filter/xml/writer-document-codec.ts: 916 lines
apps/office/src/sw/browser/presentation/writer-view-projection.ts: 660 lines
apps/office/src/sw/browser/presentation/writer-view.test.tsx: 961 lines
apps/office/src/sw/browser/presentation/writer-view.tsx: 987 lines
apps/office/src/sw/browser/presentation/WriterFileDialog.tsx: 553 lines
apps/office/src/sw/browser/presentation/WriterMenuBar.test.tsx: 651 lines
apps/office/src/sw/browser/presentation/WriterPageLayout.test.tsx: 838 lines
apps/office/src/sw/browser/presentation/WriterParagraphDialog.tsx: 555 lines
apps/office/src/sw/browser/presentation/WriterRulers.tsx: 762 lines
apps/office/src/sw/browser/presentation/WriterTableDialog.tsx: 737 lines
apps/office/src/sw/source/core/attr/native-format-attribute-notify.test.ts: 570 lines
apps/office/src/sw/source/core/doc/doc.ts: 936 lines
apps/office/src/sw/source/core/doc/number.ts: 690 lines
apps/office/src/sw/source/core/doc/writer-attributes.test.ts: 724 lines
apps/office/src/sw/source/core/doc/writer-model.test.ts: 967 lines
apps/office/src/sw/source/core/docnode/nodes.ts: 613 lines
apps/office/src/sw/source/core/edit/native-list-continuation-ring.test.ts: 592 lines
apps/office/src/sw/source/core/edit/native-list-ring.test.ts: 662 lines
apps/office/src/sw/source/core/layout/newfrm.test.ts: 628 lines
apps/office/src/sw/source/core/layout/newfrm.ts: 806 lines
apps/office/src/sw/source/core/SwNumberTree/SwNumberTree.ts: 506 lines
apps/office/src/sw/source/core/table/swtable.ts: 958 lines
apps/office/src/sw/source/core/txtnode/ndhints.ts: 982 lines
apps/office/src/sw/source/core/txtnode/ndtxt.ts: 999 lines
apps/office/src/sw/source/core/undo/native-format-node-index.test.ts: 508 lines
apps/office/src/sw/source/core/undo/native-list-rule-range.test.ts: 543 lines
apps/office/src/sw/source/core/undo/undobj.test.ts: 664 lines
apps/office/src/sw/source/filter/xml/odt-list-continuation.test.ts: 517 lines
apps/office/src/sw/source/filter/xml/odt-property-roundtrip.test.ts: 939 lines
apps/office/src/sw/source/filter/xml/odt-roundtrip.test.ts: 952 lines
apps/office/src/sw/source/filter/xml/odt-table-roundtrip.test.ts: 523 lines
apps/office/src/sw/source/filter/xml/xmlexp.ts: 776 lines
apps/office/src/sw/source/filter/xml/xmlimp.ts: 924 lines
apps/office/src/sw/source/ui/table/tabledlg.ts: 627 lines
apps/office/src/sw/source/uibase/app/docsh.ts: 532 lines
apps/office/src/sw/source/uibase/docvw/edtwin.ts: 535 lines
apps/office/src/sw/source/uibase/shells/textsh1.ts: 802 lines
apps/office/src/sw/source/uibase/wrtsh/native-table-delete.test.ts: 544 lines
apps/office/src/sw/source/uibase/wrtsh/native-table-plain-paste.test.ts: 586 lines
apps/office/src/sw/source/uibase/wrtsh/wrtsh1.test.ts: 965 lines
apps/office/src/sw/source/uibase/wrtsh/wrtsh1.ts: 999 lines
apps/office/src/vcl/browser/lo-runtime-fonts.css: 963 lines
apps/office/src/xmloff/source/style/xmlstyle.ts: 613 lines
apps/office/src/xmloff/source/text/txtparae.ts: 998 lines
apps/office/src/xmloff/source/text/txtparai.test.ts: 741 lines
apps/office/src/xmloff/source/text/txtparai.ts: 604 lines
scripts/check-source-provenance.ts: 717 lines
scripts/generate-writer-ui-resources.ts: 658 lines
scripts/libreoffice-inventory/contracts.ts: 536 lines
scripts/libreoffice-inventory/parity-mappings.test.ts: 870 lines
scripts/libreoffice-inventory/parity-mappings.ts: 996 lines
scripts/libreoffice-inventory/runtime-inventory.test.ts: 592 lines
scripts/libreoffice-inventory/runtime-inventory.ts: 807 lines

> vite-office@0.1.0 check:source-tree
> node scripts/check-lo-source-tree.mjs

LibreOffice source-tree check passed for 114 required paths and 33 retired roots.

> vite-office@0.1.0 check:source-provenance
> tsx scripts/check-source-provenance.ts

Source provenance check passed for 333 runtime modules (242 mapped, 74 browser adaptations, 17 local infrastructure).

Inventory invariants and parity commands completed successfully (exit 0).
Verbose registry output retained in node_modules/.cache/ts7-full-verify.log; SHA256 b3c501426fc0c56bce82e616a5430fc9ea91645cfb3d9bc44db03fe247fc583a.
Complete npm run verify exit status: 0
