
> @vite-office/office@0.1.0 typecheck
> tsc --noEmit

src/sw/source/core/SwNumberTree/SwNumberTree-document-context.test.ts(37,3): error TS2322: Type 'true' is not assignable to type 'false'.
src/sw/source/core/SwNumberTree/SwNumberTree-document-context.test.ts(38,3): error TS2322: Type 'true' is not assignable to type 'false'.
src/sw/source/core/SwNumberTree/SwNumberTree-document-context.test.ts(39,3): error TS2322: Type 'true' is not assignable to type 'false'.
src/sw/source/core/SwNumberTree/SwNumberTree-document-context.test.ts(40,3): error TS2322: Type 'true' is not assignable to type 'false'.
src/sw/source/core/SwNumberTree/SwNumberTree-document-context.test.ts(41,3): error TS2322: Type 'true' is not assignable to type 'false'.
src/sw/source/core/SwNumberTree/SwNumberTree-document-context.test.ts(42,3): error TS2322: Type 'true' is not assignable to type 'false'.
src/sw/source/core/SwNumberTree/SwNumberTree-document-context.test.ts(43,3): error TS2322: Type 'true' is not assignable to type 'false'.
src/sw/source/core/SwNumberTree/SwNumberTree-document-context.test.ts(44,3): error TS2322: Type 'true' is not assignable to type 'false'.
src/sw/source/core/SwNumberTree/SwNumberTree-document-context.test.ts(45,3): error TS2322: Type 'true' is not assignable to type 'false'.
src/sw/source/core/SwNumberTree/SwNumberTree-document-context.test.ts(46,3): error TS2322: Type 'true' is not assignable to type 'false'.
src/sw/source/core/SwNumberTree/SwNumberTree-document-context.test.ts(47,3): error TS2322: Type 'true' is not assignable to type 'false'.
src/sw/source/core/SwNumberTree/SwNumberTree-document-context.test.ts(48,3): error TS2322: Type 'true' is not assignable to type 'false'.
src/sw/source/core/SwNumberTree/SwNumberTree-document-context.test.ts(49,3): error TS2322: Type 'true' is not assignable to type 'false'.
src/sw/source/core/SwNumberTree/SwNumberTree-document-context.test.ts(50,3): error TS2322: Type 'true' is not assignable to type 'false'.
src/sw/source/core/SwNumberTree/SwNumberTree-document-context.test.ts(51,3): error TS2322: Type 'true' is not assignable to type 'false'.
src/sw/source/core/SwNumberTree/SwNumberTree-document-context.test.ts(52,3): error TS2322: Type 'true' is not assignable to type 'false'.
src/sw/source/core/SwNumberTree/SwNumberTree-document-context.test.ts(118,19): error TS2554: Expected 0 arguments, but got 1.
src/sw/source/core/SwNumberTree/SwNumberTree-document-context.test.ts(140,19): error TS2554: Expected 0 arguments, but got 1.
src/sw/source/core/SwNumberTree/SwNumberTree-document-context.test.ts(150,19): error TS2554: Expected 0 arguments, but got 1.
src/sw/source/core/SwNumberTree/SwNumberTree-document-context.test.ts(154,19): error TS2554: Expected 0 arguments, but got 1.
src/sw/source/core/SwNumberTree/SwNumberTree-document-context.test.ts(168,34): error TS2554: Expected 1 arguments, but got 2.
src/sw/source/core/SwNumberTree/SwNumberTree-document-context.test.ts(172,35): error TS2554: Expected 2 arguments, but got 3.
src/sw/source/core/SwNumberTree/SwNumberTree-document-context.test.ts(196,34): error TS2554: Expected 1 arguments, but got 2.
npm error Lifecycle script `typecheck` failed with error:
npm error code 2
npm error path /Users/odubinkin/Projects/vite-office/apps/office
npm error workspace @vite-office/office@0.1.0
npm error location /Users/odubinkin/Projects/vite-office/apps/office
npm error command failed
npm error command sh -c tsc --noEmit
