Complete output sha256: 063fb324e1e1a5ae7bc05911ea7fc51e07dd1ddcbff0317f67c4df80f8b85c33
Original lines: 50500
Bounded diagnostic excerpt:

 RUN  v4.1.10 /Users/odubinkin/Projects/vite-office/apps/office

 ❯ src/sw/source/core/SwNumberTree/SwNumberTree-document-context.test.ts (5 tests | 3 failed) 1490ms
   × forwards the rule caller document through invalidation and list validation instead of its first client 532ms
   × forwards an explicit insertion context while preserving text-owner policy and retained list topology 144ms
   × forwards removal context without borrowing the text document and retains remaining raw counters 808ms

⎯⎯⎯⎯⎯⎯⎯ Failed Tests 3 ⎯⎯⎯⎯⎯⎯⎯

 FAIL  src/sw/source/core/SwNumberTree/SwNumberTree-document-context.test.ts > forwards the rule caller document through invalidation and list validation instead of its first client
AssertionError: expected "ValidateListTree" to be called once with arguments: [ SwDoc{ mbInReading: true, …(15) } ]

Received:

  1st ValidateListTree call:

@@ -224,1275 +224,21473 @@
          "position": 0,
          "restartEachPage": false,
        },
      },
... bounded ...
-           "id": "default",
-           "mbAssignedToOutlineStyle": false,
-           "nextTextFormatColl": [Circular],
-           "poolId": 2048,
+           "mpParent": [SwNodeNum],
+           "textNode": [SwTextNode],
          },
-       },
+         [SwNodeNum],
+       ],
      },
-     "undoManager": UndoManager {
-       "actions": [],
-       "currentAction": 0,
-       "document": [Circular],
-       "groupUndo": true,
-       "historyPositionChanged": undefined,
-       "historyRootRevision": 0,
-       "listActions": [],
-       "maximumActionCount": 20,
-       "mergeAllowed": false,
-       "savePosition": 0,
-       "undoNodes": SwUndoNodes {
-         "entries": Map {},
-         "nextId": 0,
-       },
-     },
+     "listsManager": [DocumentListsManager],
+     "locale": "en-US",
+     "markAccess": [DocumentMarkAccess],
+     "mbInReading": false,
+     "nodes": [SwNodes],
+     "pageDescs": [Array],
+     "settingManager": [DocumentSettingManager],
+     "stateManager": [DocumentStateManager],
+     "stylePoolManager": [DocumentStylePoolManager],
+     "undoManager": [UndoManager],
    },
  ]


Number of calls: 1

 ❯ src/sw/source/core/SwNumberTree/SwNumberTree-document-context.test.ts:197:21
    195|     const removal = vi.spyOn(first, "RemoveMe");
    196|     SwList.RemoveListItem(first, operation);
    197|     expect(removal).toHaveBeenCalledExactlyOnceWith(operation);
       |                     ^
    198|     expect(first.GetParent()).toBeUndefined();
    199|     expect(first.GetNumRule()).toBeUndefined();

⎯⎯⎯⎯⎯⎯⎯⎯⎯⎯⎯⎯⎯⎯⎯⎯⎯⎯⎯⎯⎯⎯⎯⎯[3/3]⎯


 Test Files  1 failed (1)
      Tests  3 failed | 2 passed (5)
   Start at  00:15:27
   Duration  2.75s (transform 274ms, setup 142ms, import 310ms, tests 1.49s, environment 627ms)

