
 RUN  v4.1.10 /Users/odubinkin/Projects/vite-office/apps/office

 ❯ src/sw/source/core/txtnode/list-restart-getter.test.ts (2 tests | 1 failed) 35ms
   × matches unchanged native absent/direct getter values and nonfatal diagnostics without mutation 19ms

⎯⎯⎯⎯⎯⎯⎯ Failed Tests 1 ⎯⎯⎯⎯⎯⎯⎯

 FAIL  src/sw/source/core/txtnode/list-restart-getter.test.ts > matches unchanged native absent/direct getter values and nonfatal diagnostics without mutation
TypeError: object is not iterable (cannot read property Symbol(Symbol.iterator))
 ❯ src/sw/source/core/txtnode/list-restart-getter.test.ts:37:6
     35|       warning.mockClear();
     36|       const read = vi.spyOn(node, "GetAttr");
     37|       const value = node.GetAttrListRestartValue();
       |      ^
     38|       expect(value).toBe(expected.value);
     39|       expect(value).toBe(withoutWarnings.value);
 ❯ check src/sw/source/core/txtnode/list-restart-getter.test.ts:30:39
 ❯ src/sw/source/core/txtnode/list-restart-getter.test.ts:70:7

⎯⎯⎯⎯⎯⎯⎯⎯⎯⎯⎯⎯⎯⎯⎯⎯⎯⎯⎯⎯⎯⎯⎯⎯[1/1]⎯


 Test Files  1 failed | 3 passed (4)
      Tests  1 failed | 10 passed (11)
   Start at  17:42:29
   Duration  4.63s (transform 1.33s, setup 965ms, import 1.78s, tests 176ms, environment 5.12s)

