
 RUN  v4.1.10 /Users/odubinkin/Projects/vite-office/apps/office

 ❯ src/sw/source/filter/xml/odt-list-marker-roundtrip.test.ts (3 tests | 1 failed) 684ms
   × projects native signed UNO StartWith and omitted zero ParentNumbering on export 20ms
 ❯ src/sw/source/core/doc/number-ownership.test.ts (3 tests | 2 failed) 23ms
   × matches all four shared native default tables and optional owned levels 7ms
   × matches native reference Set identity, equality, invalidation and sparse copy 4ms

⎯⎯⎯⎯⎯⎯⎯ Failed Tests 3 ⎯⎯⎯⎯⎯⎯⎯

 FAIL  src/sw/source/core/doc/number-ownership.test.ts > matches all four shared native default tables and optional owned levels
Error: Numbering ListFormat is absent.
 ❯ SwNumFormat.GetListFormat src/editeng/source/items/numitem.ts:93:46
     91|   /** Returns the pattern, optionally stripping its compatibility affi…
     92|   public GetListFormat(includePrefixSuffix = true): string {
     93|     if (this.listFormat === undefined) throw new Error("Numbering List…
       |                                              ^
     94|     return includePrefixSuffix
     95|       ? this.listFormat
 ❯ state src/sw/source/core/doc/number-ownership.test.ts:31:12
 ❯ src/sw/source/core/doc/number-ownership.test.ts:43:12

⎯⎯⎯⎯⎯⎯⎯⎯⎯⎯⎯⎯⎯⎯⎯⎯⎯⎯⎯⎯⎯⎯⎯⎯[1/3]⎯

 FAIL  src/sw/source/core/doc/number-ownership.test.ts > matches native reference Set identity, equality, invalidation and sparse copy
Error: Numbering ListFormat is absent.
 ❯ SwNumFormat.GetListFormat src/editeng/source/items/numitem.ts:93:46
     91|   /** Returns the pattern, optionally stripping its compatibility affi…
     92|   public GetListFormat(includePrefixSuffix = true): string {
     93|     if (this.listFormat === undefined) throw new Error("Numbering List…
       |                                              ^
     94|     return includePrefixSuffix
     95|       ? this.listFormat
 ❯ state src/sw/source/core/doc/number-ownership.test.ts:31:12
 ❯ src/sw/source/core/doc/number-ownership.test.ts:178:12

⎯⎯⎯⎯⎯⎯⎯⎯⎯⎯⎯⎯⎯⎯⎯⎯⎯⎯⎯⎯⎯⎯⎯⎯[2/3]⎯

 FAIL  src/sw/source/filter/xml/odt-list-marker-roundtrip.test.ts > projects native signed UNO StartWith and omitted zero ParentNumbering on export
TypeError: Cannot assign to read only property 'start' of object '#<SwNumFormat>'
 ❯ SwNumFormat.SetStart src/editeng/source/items/numitem.ts:76:10
     74|   /** Stores a native unsigned start. @param start - New starting valu…
     75|   public SetStart(start: number): void {
     76|     this.start = start & 65535;
       |          ^
     77|   }
     78|   /** Returns the compatibility suffix. @returns Suffix. */
 ❯ src/sw/source/filter/xml/odt-list-marker-roundtrip.test.ts:264:10

⎯⎯⎯⎯⎯⎯⎯⎯⎯⎯⎯⎯⎯⎯⎯⎯⎯⎯⎯⎯⎯⎯⎯⎯[3/3]⎯


 Test Files  2 failed | 48 passed (50)
      Tests  3 failed | 192 passed (195)
   Start at  18:31:46
   Duration  51.20s (transform 4.13s, setup 8.63s, import 11.91s, tests 24.60s, environment 46.53s)

