apps/office/src/editeng/source/items/numitem.ts 60ms (unchanged)
apps/office/src/sw/browser/filter/xml/writer-document-codec.ts 47ms (unchanged)
apps/office/src/sw/browser/presentation/writer-view-projection.ts 31ms (unchanged)
apps/office/src/sw/source/core/SwNumberTree/SwNodeNum.ts 5ms (unchanged)
apps/office/src/sw/source/core/SwNumberTree/SwNumberTree-lifecycle.test.ts 15ms (unchanged)
apps/office/src/sw/source/core/SwNumberTree/SwNumberTree-phantoms.test.ts 21ms (unchanged)
apps/office/src/sw/source/core/SwNumberTree/SwNumberTree.test.ts 13ms (unchanged)
apps/office/src/sw/source/core/attr/list-restart-default.test.ts 7ms (unchanged)
apps/office/src/sw/source/core/doc/DocumentListsManager.ts 7ms (unchanged)
apps/office/src/sw/source/core/doc/list-invariants.test.ts 7ms (unchanged)
apps/office/src/sw/source/core/doc/list.ts 13ms (unchanged)
apps/office/src/sw/source/core/doc/number-list-format.test.ts 9ms (unchanged)
apps/office/src/sw/source/core/doc/number.test.ts 23ms (unchanged)
apps/office/src/sw/source/core/doc/number.ts 14ms (unchanged)
apps/office/src/sw/source/core/doc/writer-attributes.test.ts 40ms (unchanged)
apps/office/src/sw/source/core/layout/newfrm.ts 30ms (unchanged)
apps/office/src/sw/source/core/txtnode/direct-attribute-lifecycle.test.ts 10ms (unchanged)
apps/office/src/sw/source/core/txtnode/direct-attribute-native.test.ts 9ms (unchanged)
apps/office/src/sw/source/core/txtnode/list-restart-contract.test.ts 6ms (unchanged)
apps/office/src/sw/source/core/txtnode/list-restart-getter.test.ts 6ms (unchanged)
apps/office/src/sw/source/core/txtnode/ndtxt-attribute-handlers.ts 8ms (unchanged)
apps/office/src/sw/source/core/txtnode/ndtxt.ts 33ms (unchanged)
apps/office/src/sw/source/core/txtnode/node-numbering-lifecycle.test.ts 10ms (unchanged)
apps/office/src/sw/source/core/unocore/unosett.test.ts 5ms (unchanged)
apps/office/src/sw/source/core/unocore/unosett.ts 4ms (unchanged)
apps/office/src/sw/source/filter/xml/odt-layout-parity.test.ts 15ms (unchanged)
apps/office/src/sw/source/filter/xml/odt-list-declaration-defaults.test.ts 8ms (unchanged)
apps/office/src/sw/source/filter/xml/odt-list-headers-roundtrip.test.ts 12ms (unchanged)
apps/office/src/sw/source/filter/xml/odt-list-label-alignment-roundtrip.test.ts 6ms (unchanged)
apps/office/src/sw/source/filter/xml/odt-list-marker-roundtrip.test.ts 9ms (unchanged)
apps/office/src/sw/source/filter/xml/odt-list-position-mode-roundtrip.test.ts 9ms (unchanged)
apps/office/src/sw/source/filter/xml/odt-list-rule-application.test.ts 10ms (unchanged)
apps/office/src/sw/source/filter/xml/odt-roundtrip.test.ts 34ms (unchanged)
apps/office/src/sw/source/filter/xml/xmlexp.ts 28ms (unchanged)
apps/office/src/sw/source/filter/xml/xmlimp.ts 33ms (unchanged)
apps/office/src/sw/source/uibase/dochdl/swdtflvr.ts 9ms (unchanged)
apps/office/src/sw/source/core/doc/number-ownership.test.ts 11ms
