
> vite-office@0.1.0 typecheck
> npm run typecheck:tools && npm run typecheck --workspace @vite-office/office


> vite-office@0.1.0 typecheck:tools
> tsc --project tsconfig.tools.json


> @vite-office/office@0.1.0 typecheck
> tsc --noEmit

src/sw/browser/filter/xml/writer-document-codec.ts(452,71): error TS2379: Argument of type '{ prefix: string; start: number; suffix: string; listFormat?: string; absLSpace: number; firstLineOffset: number; charTextDistance: number; bulletFont: string; numberingType: "none" | "arabic" | "char-special" | undefined; ... 5 more ...; positionAndSpaceMode: "label-width-and-position" | "label-alignment"; }' is not assignable to parameter of type 'NumberingPositionProperties & NumberingMarkerProperties & Readonly<{ bulletFont?: string; numberingType?: "none" | "arabic" | "char-special"; }>' with 'exactOptionalPropertyTypes: true'. Consider adding 'undefined' to the types of the target's properties.
  Type '{ prefix: string; start: number; suffix: string; listFormat?: string; absLSpace: number; firstLineOffset: number; charTextDistance: number; bulletFont: string; numberingType: "none" | "arabic" | "char-special" | undefined; ... 5 more ...; positionAndSpaceMode: "label-width-and-position" | "label-alignment"; }' is not assignable to type 'Readonly<{ bulletFont?: string; numberingType?: "none" | "arabic" | "char-special"; }>' with 'exactOptionalPropertyTypes: true'. Consider adding 'undefined' to the types of the target's properties.
    Types of property 'numberingType' are incompatible.
      Type '"none" | "arabic" | "char-special" | undefined' is not assignable to type '"none" | "arabic" | "char-special"'.
        Type 'undefined' is not assignable to type '"none" | "arabic" | "char-special"'.
src/sw/source/core/doc/list-invariants.test.ts(7,40): error TS6133: 'SwNumRule' is declared but its value is never read.
src/sw/source/core/doc/number.test.ts(8,3): error TS6133: 'SwNumRule' is declared but its value is never read.
src/sw/source/core/txtnode/direct-attribute-lifecycle.test.ts(5,10): error TS6133: 'SwNumRule' is declared but its value is never read.
src/sw/source/core/txtnode/direct-attribute-native.test.ts(198,32): error TS2304: Cannot find name 'SwNumRule'.
src/sw/source/filter/xml/odt-list-rule-application.test.ts(157,24): error TS2345: Argument of type 'ConstSwNumFormat' is not assignable to parameter of type 'SwNumFormat'.
  Type 'ConstSwNumFormat' is missing the following properties from type 'SwNumFormat': bulletFont, numberingType, kind, bulletChar, and 12 more.
src/sw/source/filter/xml/odt-list-rule-application.test.ts(158,24): error TS2345: Argument of type 'ConstSwNumFormat' is not assignable to parameter of type 'SwNumFormat'.
  Type 'ConstSwNumFormat' is missing the following properties from type 'SwNumFormat': bulletFont, numberingType, kind, bulletChar, and 12 more.
src/sw/source/filter/xml/odt-list-rule-application.test.ts(159,24): error TS2345: Argument of type 'ConstSwNumFormat' is not assignable to parameter of type 'SwNumFormat'.
  Type 'ConstSwNumFormat' is missing the following properties from type 'SwNumFormat': bulletFont, numberingType, kind, bulletChar, and 12 more.
src/sw/source/filter/xml/odt-list-rule-application.test.ts(195,24): error TS2345: Argument of type 'ConstSwNumFormat' is not assignable to parameter of type 'SwNumFormat'.
  Type 'ConstSwNumFormat' is missing the following properties from type 'SwNumFormat': bulletFont, numberingType, kind, bulletChar, and 12 more.
src/sw/source/filter/xml/odt-list-rule-application.test.ts(221,18): error TS2345: Argument of type 'ConstSwNumFormat' is not assignable to parameter of type 'SwNumFormat'.
  Type 'ConstSwNumFormat' is missing the following properties from type 'SwNumFormat': bulletFont, numberingType, kind, bulletChar, and 12 more.
npm error Lifecycle script `typecheck` failed with error:
npm error code 2
npm error path /Users/odubinkin/Projects/vite-office/apps/office
npm error workspace @vite-office/office@0.1.0
npm error location /Users/odubinkin/Projects/vite-office/apps/office
npm error command failed
npm error command sh -c tsc --noEmit
