
 RUN  v4.1.10 /Users/odubinkin/Projects/vite-office/apps/office

 ❯ src/sw/source/core/SwNumberTree/SwNumberTree-policy.test.ts (5 tests | 1 failed) 359ms
   × retains native empty and end sentinel validation with protected traversal 8ms

⎯⎯⎯⎯⎯⎯⎯ Failed Tests 1 ⎯⎯⎯⎯⎯⎯⎯

 FAIL  src/sw/source/core/SwNumberTree/SwNumberTree-policy.test.ts > retains native empty and end sentinel validation with protected traversal
AssertionError: expected 7 to be +0 // Object.is equality

- Expected
+ Received

- 0
+ 7

 ❯ src/sw/source/core/SwNumberTree/SwNumberTree-policy.test.ts:218:37
    216|   expect(first.GetListItemNumber()).toBe(7);
    217|   first.SetCountedInList(false);
    218|   expect(first.GetListItemNumber()).toBe(0);
       |                                     ^
    219|   doc.Dispose();
    220| });

⎯⎯⎯⎯⎯⎯⎯⎯⎯⎯⎯⎯⎯⎯⎯⎯⎯⎯⎯⎯⎯⎯⎯⎯[1/1]⎯


 Test Files  1 failed (1)
      Tests  1 failed | 4 passed (5)
   Start at  23:13:02
   Duration  1.50s (transform 332ms, setup 113ms, import 443ms, tests 359ms, environment 495ms)

