
> vite-office@0.1.0 verify
> npm run format:check && npm run lint && npm run typecheck && npm run check:dependencies && npm run check:writer-resources && npm run test:coverage && npm run test:inventory:coverage && npm run test:e2e && npm run test:static && npm run check:docs && npm run check:file-size && npm run check:source-tree && npm run check:source-provenance && npm run inventory:invariants && npm run inventory:parity


> vite-office@0.1.0 format:check
> prettier --check .

Checking formatting...
All matched files use Prettier code style!

> vite-office@0.1.0 lint
> eslint . --max-warnings 0


> vite-office@0.1.0 typecheck
> npm run typecheck:tools && npm run typecheck --workspace @vite-office/office


> vite-office@0.1.0 typecheck:tools
> tsc --project tsconfig.tools.json


> @vite-office/office@0.1.0 typecheck
> tsc --noEmit


> vite-office@0.1.0 check:dependencies
> node scripts/check-module-boundaries.mjs

Module boundary check passed: 194 runtime sources, 802 relative imports, 12 allowed cross-module edges.

> vite-office@0.1.0 check:writer-resources
> tsx scripts/generate-writer-ui-resources.ts --check && vitest run scripts/writer-ui-resource-model.test.ts


 RUN  v4.1.10 /Users/odubinkin/Projects/vite-office


 Test Files  1 passed (1)
      Tests  2 passed (2)
   Start at  01:32:16
   Duration  122ms (transform 26ms, setup 0ms, import 34ms, tests 3ms, environment 0ms)


> vite-office@0.1.0 test:coverage
> npm run test:coverage --workspace @vite-office/office


> @vite-office/office@0.1.0 test:coverage
> vitest run --coverage


 RUN  v4.1.10 /Users/odubinkin/Projects/vite-office/apps/office
      Coverage enabled with v8


 Test Files  120 passed (120)
      Tests  586 passed (586)
   Start at  01:32:17
   Duration  66.03s (transform 1.98s, setup 9.82s, import 7.86s, tests 50.81s, environment 44.97s)

 % Coverage report from v8
-------------------|---------|----------|---------|---------|-------------------
File               | % Stmts | % Branch | % Funcs | % Lines | Uncovered Line #s
-------------------|---------|----------|---------|---------|-------------------
All files          |   99.98 |    99.98 |     100 |   99.98 |
 ...ff/source/text |   99.78 |    99.85 |     100 |   99.77 |
  txtparai.ts      |   99.38 |    99.49 |     100 |   99.31 | 603
-------------------|---------|----------|---------|---------|-------------------

=============================== Coverage summary ===============================
Statements   : 99.98% ( 9603/9604 )
Branches     : 99.98% ( 7181/7182 )
Functions    : 100% ( 2666/2666 )
Lines        : 99.98% ( 8840/8841 )
================================================================================
ERROR: Coverage for lines (99.98%) does not meet global threshold (100%)
ERROR: Coverage for statements (99.98%) does not meet global threshold (100%)
ERROR: Coverage for branches (99.98%) does not meet global threshold (100%)
npm error Lifecycle script `test:coverage` failed with error:
npm error code 1
npm error path /Users/odubinkin/Projects/vite-office/apps/office
npm error workspace @vite-office/office@0.1.0
npm error location /Users/odubinkin/Projects/vite-office/apps/office
npm error command failed
npm error command sh -c vitest run --coverage
