
> vite-office@0.1.0 verify
> npm run format:check && npm run lint && npm run typecheck && npm run check:dependencies && npm run check:writer-resources && npm run test:coverage && npm run test:inventory:coverage && npm run test:e2e && npm run test:static && npm run check:docs && npm run check:file-size && npm run check:source-tree && npm run check:source-provenance && npm run inventory:invariants && npm run inventory:parity


> vite-office@0.1.0 format:check
> prettier --check .

Checking formatting...
All matched files use Prettier code style!

> vite-office@0.1.0 lint
> eslint . --max-warnings 0


> vite-office@0.1.0 typecheck
> npm run typecheck:tools && npm run typecheck --workspace @vite-office/office


> vite-office@0.1.0 typecheck:tools
> tsc --project tsconfig.tools.json


> @vite-office/office@0.1.0 typecheck
> tsc --noEmit


> vite-office@0.1.0 check:dependencies
> node scripts/check-module-boundaries.mjs

Module boundary check passed: 214 runtime sources, 892 relative imports, 14 allowed cross-module edges.

> vite-office@0.1.0 check:writer-resources
> tsx scripts/generate-writer-ui-resources.ts --check && vitest run scripts/writer-ui-resource-model.test.ts


 RUN  v4.1.10 /Users/odubinkin/Projects/vite-office


 Test Files  1 passed (1)
      Tests  2 passed (2)
   Start at  06:14:59
   Duration  121ms (transform 26ms, setup 0ms, import 35ms, tests 3ms, environment 0ms)


> vite-office@0.1.0 test:coverage
> npm run test:coverage --workspace @vite-office/office


> @vite-office/office@0.1.0 test:coverage
> vitest run --coverage


 RUN  v4.1.10 /Users/odubinkin/Projects/vite-office/apps/office
      Coverage enabled with v8


 Test Files  196 passed (196)
      Tests  930 passed (930)
   Start at  06:15:00
   Duration  89.31s (transform 2.82s, setup 13.36s, import 11.77s, tests 60.26s, environment 65.84s)

 % Coverage report from v8
-------------------|---------|----------|---------|---------|-------------------
File               | % Stmts | % Branch | % Funcs | % Lines | Uncovered Line #s 
-------------------|---------|----------|---------|---------|-------------------
-------------------|---------|----------|---------|---------|-------------------

=============================== Coverage summary ===============================
Statements   : 100% ( 11124/11124 )
Branches     : 100% ( 8400/8400 )
Functions    : 100% ( 2959/2959 )
Lines        : 100% ( 10208/10208 )
================================================================================

> vite-office@0.1.0 test:inventory:coverage
> vitest run --config scripts/libreoffice-inventory/vitest.config.ts --coverage


 RUN  v4.1.10 /Users/odubinkin/Projects/vite-office
      Coverage enabled with v8


 Test Files  36 passed (36)
      Tests  109 passed (109)
   Start at  06:16:29
   Duration  21.08s (transform 659ms, setup 0ms, import 1.61s, tests 16.21s, environment 2ms)

 % Coverage report from v8
-------------------|---------|----------|---------|---------|-------------------
File               | % Stmts | % Branch | % Funcs | % Lines | Uncovered Line #s 
-------------------|---------|----------|---------|---------|-------------------
-------------------|---------|----------|---------|---------|-------------------

=============================== Coverage summary ===============================
Statements   : 100% ( 1523/1523 )
Branches     : 100% ( 1080/1080 )
Functions    : 100% ( 384/384 )
Lines        : 100% ( 1464/1464 )
================================================================================

> vite-office@0.1.0 test:e2e
> npm run build && playwright test --config apps/office/playwright.config.ts


> vite-office@0.1.0 build
> npm run build --workspace @vite-office/office


> @vite-office/office@0.1.0 build
> tsc --noEmit && vite build

vite v8.2.1 building client environment for production...
[2Ktransforming...✓ 2004 modules transformed.
rendering chunks...
computing gzip size...
dist/index.html                         0.56 kB │ gzip:   0.35 kB
dist/assets/odt-worker-DMY26PIz.js    287.24 kB
dist/assets/index-wY4M25Dk.css         58.87 kB │ gzip:   9.58 kB
dist/assets/index-DhmGCw7V.js       1,160.38 kB │ gzip: 279.62 kB

✓ built in 593ms

Running 33 tests using 4 workers

  ✓   1 apps/office/e2e/writer-cut-paste.spec.ts:5:1 › Writer Cut and Paste (1.3s)
  ✓   3 apps/office/e2e/writer-clipboard.spec.ts:5:1 › copies visible formatted Writer content through the native browser copy event (1.3s)
  ✓   2 apps/office/e2e/writer-character-formatting.spec.ts:5:1 › Writer direct character formatting (1.8s)
  ✓   5 apps/office/e2e/writer-cut-paste.spec.ts:55:1 › Writer immediate spaces and structured list Paste (773ms)
  ✓   6 apps/office/e2e/writer-clipboard.spec.ts:54:1 › Writer list clipboard (1.0s)
  ✓   7 apps/office/e2e/writer-document-selection.spec.ts:5:1 › supports document-wide selection through Ctrl/Cmd+A and pointer dragging (916ms)
  ✓  10 apps/office/e2e/writer-document-selection.spec.ts:139:1 › places the caret at the first clicked position in a different paragraph (655ms)
  ✓   8 apps/office/e2e/writer-hyperlinks.spec.ts:9:1 › Writer creates, edits, and round-trips hyperlinks (1.3s)
  ✓  12 apps/office/e2e/writer-menu-alignment.spec.ts:4:1 › menu commands and submenus align their labels (635ms)
  ✓   9 apps/office/e2e/writer-layout-ratios.spec.ts:11:1 › Writer keeps measured page breaks across device pixel ratios (1.9s)
  ✓  13 apps/office/e2e/writer-menu-saved-focus.spec.ts:4:1 › root Escape returns focus and typing to the saved Writer editor (494ms)
  ✓  11 apps/office/e2e/writer-lists.spec.ts:5:1 › Writer bullets and numbering (1.3s)
  ✓  16 apps/office/e2e/writer-print.spec.ts:5:1 › Print appears in upstream locations and print media keeps only pages (588ms)
  ✓  15 apps/office/e2e/writer-menu-saved-focus.spec.ts:17:1 › root and nested commands restore the saved editor before dispatch (813ms)
  ✓  14 apps/office/e2e/writer-odt-file.spec.ts:15:1 › Writer opens and saves a bounded ODT file (1.1s)
  ✓  17 apps/office/e2e/writer-responsive-sidebar.spec.ts:7:1 › long menus scroll inside the viewport and nested commands stay reachable (504ms)
  ✓  18 apps/office/e2e/writer-menu-saved-focus.spec.ts:38:1 › a menu command leaves focus in its newly opened Hyperlink dialog (507ms)
  ✓  21 apps/office/e2e/writer-menu-saved-focus.spec.ts:49:1 › outside pointer focus belongs to the clicked Writer control (547ms)
  ✓  20 apps/office/e2e/writer-responsive-sidebar.spec.ts:61:1 › sidebar remains reachable and its checked state follows visibility on a touch viewport (619ms)
  ✘   4 apps/office/e2e/foundation.spec.ts:8:1 › Writer menu keyboard navigation and accessible application chrome (6.3s)
  ✓  19 apps/office/e2e/writer-odt-file.spec.ts:87:1 › Writer keeps one ODT text node across visible page fragments after reopen (1.4s)
  ✓  22 apps/office/e2e/writer-root-menu-focus.spec.ts:4:1 › pointer root popup owns focus and passes keyboard input to its first command (579ms)
  ✓  23 apps/office/e2e/writer-responsive-sidebar.spec.ts:87:1 › the page stays within the viewport while the document and modal scroll (597ms)
  ✓  25 apps/office/e2e/writer-root-menu-focus.spec.ts:24:3 › root ArrowDown selects the first Writer command and executes one toggle (552ms)
  ✓  26 apps/office/e2e/writer-responsive-sidebar.spec.ts:130:1 › the mobile table grid dismisses outside and More Options opens the full dialog (844ms)
  ✓  28 apps/office/e2e/writer-root-menu-focus.spec.ts:24:3 › root ArrowUp selects the first Writer command and executes one toggle (543ms)
  ✓  24 apps/office/e2e/writer-odt-file.spec.ts:139:1 › Writer types in a table cell and reopens the edited ODT (1.2s)
  ✓  27 apps/office/e2e/writer-submenu-keyboard.spec.ts:5:3 › nested Writer ruler toggles once with Enter (897ms)
  ✓  30 apps/office/e2e/writer-root-menu-focus.spec.ts:24:3 › root Enter selects the first Writer command and executes one toggle (500ms)
  ✓  29 apps/office/e2e/writer-submenu-preselection.spec.ts:4:1 › pointer submenu owns focus without a selected Writer command (839ms)
  ✓  31 apps/office/e2e/writer-submenu-keyboard.spec.ts:5:3 › nested Writer ruler toggles once with Space (644ms)
  ✓  32 apps/office/e2e/writer-root-menu-focus.spec.ts:24:3 › root Space selects the first Writer command and executes one toggle (428ms)
  ✓  33 apps/office/e2e/writer-submenu-preselection.spec.ts:35:1 › keyboard opening still preselects and executes one Writer command (528ms)


  1) apps/office/e2e/foundation.spec.ts:8:1 › Writer menu keyboard navigation and accessible application chrome 

    Error: expect(locator).toBeFocused() failed

    Locator:  getByRole('textbox', { name: 'Writer document text' })
    Expected: focused
    Received: inactive
    Timeout:  5000ms

    Call log:
      - Expect "toBeFocused" with timeout 5000ms
      - waiting for getByRole('textbox', { name: 'Writer document text' })
        14 × locator resolved to <p tabindex="-1" role="textbox" data-list-level="0" data-style="default" aria-multiline="true" data-alignment="left" data-list-kind="none" data-writer-node-index="9" data-writer-fragment-end="0" data-writer-fragment-start="0" aria-label="Writer document text" data-writer-paragraph-id="writer-node-1" aria-describedby="writer-paragraph-style-1" class="whitespace-pre-wrap text-slate-950 outline-none "></p>
           - unexpected value "inactive"


      40 |   await expect(page.getByRole("menuitem", { name: "Select All" })).toBeFocused();
      41 |   await page.getByRole("menuitem", { name: "Select All" }).press("Escape");
    > 42 |   await expect(page.getByRole("textbox", { name: "Writer document text" })).toBeFocused();
         |                                                                             ^
      43 |   await page.getByRole("button", { name: "File" }).click();
      44 |   await expect(page.getByRole("menu", { name: "File menu" })).toContainText("Save");
      45 |   await page.getByRole("button", { name: "File" }).press("Escape");
        at verifyStaticFoundation (/Users/odubinkin/Projects/vite-office/apps/office/e2e/foundation.spec.ts:42:77)

    attachment #1: screenshot (image/png) ──────────────────────────────────────────────────────────
    test-results/e2e/foundation-Writer-menu-key-ef90b-cessible-application-chrome/test-failed-1.png
    ────────────────────────────────────────────────────────────────────────────────────────────────

    Error Context: test-results/e2e/foundation-Writer-menu-key-ef90b-cessible-application-chrome/error-context.md

    attachment #3: trace (application/zip) ─────────────────────────────────────────────────────────
    test-results/e2e/foundation-Writer-menu-key-ef90b-cessible-application-chrome/trace.zip
    Usage:

        npx playwright show-trace test-results/e2e/foundation-Writer-menu-key-ef90b-cessible-application-chrome/trace.zip

    ────────────────────────────────────────────────────────────────────────────────────────────────

  1 failed
    apps/office/e2e/foundation.spec.ts:8:1 › Writer menu keyboard navigation and accessible application chrome 
  32 passed (10.6s)
[plugin builtin:vite-reporter] 
(!) Some chunks are larger than 500 kB after minification. Consider:
- Using dynamic import() to code-split the application
- Use build.rolldownOptions.output.codeSplitting to improve chunking: https://rolldown.rs/reference/OutputOptions.codeSplitting
- Adjust chunk size limit for this warning via build.chunkSizeWarningLimit.
[WebServer] (node:28152) Warning: The 'NO_COLOR' env is ignored due to the 'FORCE_COLOR' env being set.
[WebServer] (Use `node --trace-warnings ...` to show where the warning was created)
(node:28158) Warning: The 'NO_COLOR' env is ignored due to the 'FORCE_COLOR' env being set.
(Use `node --trace-warnings ...` to show where the warning was created)
(node:28159) Warning: The 'NO_COLOR' env is ignored due to the 'FORCE_COLOR' env being set.
(Use `node --trace-warnings ...` to show where the warning was created)
(node:28161) Warning: The 'NO_COLOR' env is ignored due to the 'FORCE_COLOR' env being set.
(Use `node --trace-warnings ...` to show where the warning was created)
(node:28160) Warning: The 'NO_COLOR' env is ignored due to the 'FORCE_COLOR' env being set.
(Use `node --trace-warnings ...` to show where the warning was created)
(node:28206) Warning: The 'NO_COLOR' env is ignored due to the 'FORCE_COLOR' env being set.
(Use `node --trace-warnings ...` to show where the warning was created)


 Test Files  1 passed (1)
      Tests  2 passed (2)
 Test Files  196 passed (196)
      Tests  930 passed (930)
Statements   : 100% ( 11124/11124 )
Branches     : 100% ( 8400/8400 )
Functions    : 100% ( 2959/2959 )
Lines        : 100% ( 10208/10208 )
 Test Files  36 passed (36)
      Tests  109 passed (109)
Statements   : 100% ( 1523/1523 )
Branches     : 100% ( 1080/1080 )
Functions    : 100% ( 384/384 )
Lines        : 100% ( 1464/1464 )
Running 33 tests using 4 workers
  32 passed (10.6s)
