
> vite-office@0.1.0 verify
> npm run format:check && npm run lint && npm run typecheck && npm run check:dependencies && npm run check:writer-resources && npm run test:coverage && npm run test:inventory:coverage && npm run test:e2e && npm run test:static && npm run check:docs && npm run check:file-size && npm run check:source-tree && npm run check:source-provenance && npm run inventory:invariants && npm run inventory:parity


> vite-office@0.1.0 format:check
> prettier --check .

Checking formatting...
All matched files use Prettier code style!

> vite-office@0.1.0 lint
> eslint . --max-warnings 0


> vite-office@0.1.0 typecheck
> npm run typecheck:tools && npm run typecheck --workspace @vite-office/office


> vite-office@0.1.0 typecheck:tools
> tsc --project tsconfig.tools.json


> @vite-office/office@0.1.0 typecheck
> tsc --noEmit


> vite-office@0.1.0 check:dependencies
> node scripts/check-module-boundaries.mjs

Module boundary check passed: 214 runtime sources, 892 relative imports, 14 allowed cross-module edges.

> vite-office@0.1.0 check:writer-resources
> tsx scripts/generate-writer-ui-resources.ts --check && vitest run scripts/writer-ui-resource-model.test.ts


 RUN  v4.1.10 /Users/odubinkin/Projects/vite-office


 Test Files  1 passed (1)
      Tests  2 passed (2)
   Start at  06:11:04
   Duration  104ms (transform 18ms, setup 0ms, import 25ms, tests 3ms, environment 0ms)


> vite-office@0.1.0 test:coverage
> npm run test:coverage --workspace @vite-office/office


> @vite-office/office@0.1.0 test:coverage
> vitest run --coverage


 RUN  v4.1.10 /Users/odubinkin/Projects/vite-office/apps/office
      Coverage enabled with v8


 Test Files  196 passed (196)
      Tests  930 passed (930)
   Start at  06:11:05
   Duration  89.10s (transform 2.50s, setup 13.32s, import 11.40s, tests 60.09s, environment 65.99s)

 % Coverage report from v8
-------------------|---------|----------|---------|---------|-------------------
File               | % Stmts | % Branch | % Funcs | % Lines | Uncovered Line #s 
-------------------|---------|----------|---------|---------|-------------------
-------------------|---------|----------|---------|---------|-------------------

=============================== Coverage summary ===============================
Statements   : 100% ( 11124/11124 )
Branches     : 100% ( 8400/8400 )
Functions    : 100% ( 2959/2959 )
Lines        : 100% ( 10208/10208 )
================================================================================

> vite-office@0.1.0 test:inventory:coverage
> vitest run --config scripts/libreoffice-inventory/vitest.config.ts --coverage


 RUN  v4.1.10 /Users/odubinkin/Projects/vite-office
      Coverage enabled with v8


 Test Files  36 passed (36)
      Tests  109 passed (109)
   Start at  06:12:35
   Duration  21.08s (transform 658ms, setup 0ms, import 1.59s, tests 16.26s, environment 2ms)

 % Coverage report from v8
-------------------|---------|----------|---------|---------|-------------------
File               | % Stmts | % Branch | % Funcs | % Lines | Uncovered Line #s 
-------------------|---------|----------|---------|---------|-------------------
-------------------|---------|----------|---------|---------|-------------------

=============================== Coverage summary ===============================
Statements   : 100% ( 1523/1523 )
Branches     : 100% ( 1080/1080 )
Functions    : 100% ( 384/384 )
Lines        : 100% ( 1464/1464 )
================================================================================

> vite-office@0.1.0 test:e2e
> npm run build && playwright test --config apps/office/playwright.config.ts


> vite-office@0.1.0 build
> npm run build --workspace @vite-office/office


> @vite-office/office@0.1.0 build
> tsc --noEmit && vite build

vite v8.2.1 building client environment for production...
[2Ktransforming...✓ 2004 modules transformed.
rendering chunks...
computing gzip size...
dist/index.html                         0.56 kB │ gzip:   0.35 kB
dist/assets/odt-worker-DMY26PIz.js    287.24 kB
dist/assets/index-wY4M25Dk.css         58.87 kB │ gzip:   9.58 kB
dist/assets/index-DhmGCw7V.js       1,160.38 kB │ gzip: 279.62 kB

✓ built in 558ms

Running 33 tests using 4 workers

  ✓   1 apps/office/e2e/writer-clipboard.spec.ts:5:1 › copies visible formatted Writer content through the native browser copy event (1.2s)
  ✓   2 apps/office/e2e/writer-cut-paste.spec.ts:5:1 › Writer Cut and Paste (1.3s)
  ✓   3 apps/office/e2e/writer-character-formatting.spec.ts:5:1 › Writer direct character formatting (1.7s)
  ✓   6 apps/office/e2e/writer-cut-paste.spec.ts:55:1 › Writer immediate spaces and structured list Paste (700ms)
  ✓   5 apps/office/e2e/writer-clipboard.spec.ts:54:1 › Writer list clipboard (1.0s)
  ✓   7 apps/office/e2e/writer-document-selection.spec.ts:5:1 › supports document-wide selection through Ctrl/Cmd+A and pointer dragging (1.1s)
  ✓  10 apps/office/e2e/writer-document-selection.spec.ts:139:1 › places the caret at the first clicked position in a different paragraph (669ms)
  ✓   8 apps/office/e2e/writer-hyperlinks.spec.ts:9:1 › Writer creates, edits, and round-trips hyperlinks (1.5s)
  ✓  12 apps/office/e2e/writer-menu-alignment.spec.ts:4:1 › menu commands and submenus align their labels (714ms)
  ✓   9 apps/office/e2e/writer-layout-ratios.spec.ts:11:1 › Writer keeps measured page breaks across device pixel ratios (2.5s)
  ✓  13 apps/office/e2e/writer-menu-saved-focus.spec.ts:4:1 › root Escape returns focus and typing to the saved Writer editor (751ms)
  ✓  11 apps/office/e2e/writer-lists.spec.ts:5:1 › Writer bullets and numbering (1.6s)
  ✓  16 apps/office/e2e/writer-print.spec.ts:5:1 › Print appears in upstream locations and print media keeps only pages (634ms)
  ✓  15 apps/office/e2e/writer-menu-saved-focus.spec.ts:17:1 › root and nested commands restore the saved editor before dispatch (880ms)
  ✓  14 apps/office/e2e/writer-odt-file.spec.ts:15:1 › Writer opens and saves a bounded ODT file (1.3s)
  ✓  17 apps/office/e2e/writer-responsive-sidebar.spec.ts:7:1 › long menus scroll inside the viewport and nested commands stay reachable (599ms)
  ✘   4 apps/office/e2e/foundation.spec.ts:8:1 › Writer menu keyboard navigation and accessible application chrome (6.3s)
  ✓  18 apps/office/e2e/writer-menu-saved-focus.spec.ts:38:1 › a menu command leaves focus in its newly opened Hyperlink dialog (554ms)
  ✓  21 apps/office/e2e/writer-menu-saved-focus.spec.ts:49:1 › outside pointer focus belongs to the clicked Writer control (781ms)
  ✓  20 apps/office/e2e/writer-responsive-sidebar.spec.ts:61:1 › sidebar remains reachable and its checked state follows visibility on a touch viewport (861ms)
  ✓  22 apps/office/e2e/writer-responsive-sidebar.spec.ts:87:1 › the page stays within the viewport while the document and modal scroll (675ms)
  ✓  19 apps/office/e2e/writer-odt-file.spec.ts:87:1 › Writer keeps one ODT text node across visible page fragments after reopen (1.6s)
  ✓  23 apps/office/e2e/writer-submenu-keyboard.spec.ts:5:3 › nested Writer ruler toggles once with Enter (955ms)
  ✓  24 apps/office/e2e/writer-root-menu-focus.spec.ts:4:1 › pointer root popup owns focus and passes keyboard input to its first command (1.2s)
  ✓  25 apps/office/e2e/writer-responsive-sidebar.spec.ts:130:1 › the mobile table grid dismisses outside and More Options opens the full dialog (1.1s)
  ✓  27 apps/office/e2e/writer-submenu-keyboard.spec.ts:5:3 › nested Writer ruler toggles once with Space (988ms)
  ✓  26 apps/office/e2e/writer-odt-file.spec.ts:139:1 › Writer types in a table cell and reopens the edited ODT (1.4s)
  ✓  28 apps/office/e2e/writer-root-menu-focus.spec.ts:24:3 › root ArrowDown selects the first Writer command and executes one toggle (549ms)
  ✓  29 apps/office/e2e/writer-submenu-preselection.spec.ts:4:1 › pointer submenu owns focus without a selected Writer command (783ms)
  ✓  30 apps/office/e2e/writer-root-menu-focus.spec.ts:24:3 › root ArrowUp selects the first Writer command and executes one toggle (365ms)
  ✓  32 apps/office/e2e/writer-root-menu-focus.spec.ts:24:3 › root Enter selects the first Writer command and executes one toggle (409ms)
  ✓  31 apps/office/e2e/writer-submenu-preselection.spec.ts:35:1 › keyboard opening still preselects and executes one Writer command (576ms)
  ✓  33 apps/office/e2e/writer-root-menu-focus.spec.ts:24:3 › root Space selects the first Writer command and executes one toggle (336ms)


  1) apps/office/e2e/foundation.spec.ts:8:1 › Writer menu keyboard navigation and accessible application chrome 

    Error: expect(locator).toBeFocused() failed

    Locator:  getByRole('button', { name: 'Edit', exact: true })
    Expected: focused
    Received: inactive
    Timeout:  5000ms

    Call log:
      - Expect "toBeFocused" with timeout 5000ms
      - waiting for getByRole('button', { name: 'Edit', exact: true })
        14 × locator resolved to <button tabindex="0" type="button" aria-haspopup="menu" aria-expanded="false" aria-controls="writer-editmenu-menu" class="rounded-md px-3 py-1.5 text-sm font-medium text-slate-700 hover:bg-slate-100">Edit</button>
           - unexpected value "inactive"


      40 |   await expect(page.getByRole("menuitem", { name: "Select All" })).toBeFocused();
      41 |   await page.getByRole("menuitem", { name: "Select All" }).press("Escape");
    > 42 |   await expect(page.getByRole("button", { exact: true, name: "Edit" })).toBeFocused();
         |                                                                         ^
      43 |   await page.getByRole("button", { name: "File" }).click();
      44 |   await expect(page.getByRole("menu", { name: "File menu" })).toContainText("Save");
      45 |   await page.getByRole("button", { name: "File" }).press("Escape");
        at verifyStaticFoundation (/Users/odubinkin/Projects/vite-office/apps/office/e2e/foundation.spec.ts:42:73)

    attachment #1: screenshot (image/png) ──────────────────────────────────────────────────────────
    test-results/e2e/foundation-Writer-menu-key-ef90b-cessible-application-chrome/test-failed-1.png
    ────────────────────────────────────────────────────────────────────────────────────────────────

    Error Context: test-results/e2e/foundation-Writer-menu-key-ef90b-cessible-application-chrome/error-context.md

    attachment #3: trace (application/zip) ─────────────────────────────────────────────────────────
    test-results/e2e/foundation-Writer-menu-key-ef90b-cessible-application-chrome/trace.zip
    Usage:

        npx playwright show-trace test-results/e2e/foundation-Writer-menu-key-ef90b-cessible-application-chrome/trace.zip

    ────────────────────────────────────────────────────────────────────────────────────────────────

  1 failed
    apps/office/e2e/foundation.spec.ts:8:1 › Writer menu keyboard navigation and accessible application chrome 
  32 passed (12.0s)
[plugin builtin:vite-reporter] 
(!) Some chunks are larger than 500 kB after minification. Consider:
- Using dynamic import() to code-split the application
- Use build.rolldownOptions.output.codeSplitting to improve chunking: https://rolldown.rs/reference/OutputOptions.codeSplitting
- Adjust chunk size limit for this warning via build.chunkSizeWarningLimit.
[WebServer] (node:26221) Warning: The 'NO_COLOR' env is ignored due to the 'FORCE_COLOR' env being set.
[WebServer] (Use `node --trace-warnings ...` to show where the warning was created)
(node:26228) Warning: The 'NO_COLOR' env is ignored due to the 'FORCE_COLOR' env being set.
(Use `node --trace-warnings ...` to show where the warning was created)
(node:26229) Warning: The 'NO_COLOR' env is ignored due to the 'FORCE_COLOR' env being set.
(Use `node --trace-warnings ...` to show where the warning was created)
(node:26227) Warning: The 'NO_COLOR' env is ignored due to the 'FORCE_COLOR' env being set.
(Use `node --trace-warnings ...` to show where the warning was created)
(node:26230) Warning: The 'NO_COLOR' env is ignored due to the 'FORCE_COLOR' env being set.
(Use `node --trace-warnings ...` to show where the warning was created)
(node:26268) Warning: The 'NO_COLOR' env is ignored due to the 'FORCE_COLOR' env being set.
(Use `node --trace-warnings ...` to show where the warning was created)


 Test Files  1 passed (1)
      Tests  2 passed (2)
 Test Files  196 passed (196)
      Tests  930 passed (930)
Statements   : 100% ( 11124/11124 )
Branches     : 100% ( 8400/8400 )
Functions    : 100% ( 2959/2959 )
Lines        : 100% ( 10208/10208 )
 Test Files  36 passed (36)
      Tests  109 passed (109)
Statements   : 100% ( 1523/1523 )
Branches     : 100% ( 1080/1080 )
Functions    : 100% ( 384/384 )
Lines        : 100% ( 1464/1464 )
Running 33 tests using 4 workers
  32 passed (12.0s)
