
> vite-office@0.1.0 verify
> npm run format:check && npm run lint && npm run typecheck && npm run check:dependencies && npm run check:writer-resources && npm run test:coverage && npm run test:inventory:coverage && npm run test:e2e && npm run test:static && npm run check:docs && npm run check:file-size && npm run check:source-tree && npm run check:source-provenance && npm run inventory:invariants && npm run inventory:parity


> vite-office@0.1.0 format:check
> prettier --check .

Checking formatting...
All matched files use Prettier code style!

> vite-office@0.1.0 lint
> eslint . --max-warnings 0


> vite-office@0.1.0 typecheck
> npm run typecheck:tools && npm run typecheck --workspace @vite-office/office


> vite-office@0.1.0 typecheck:tools
> tsc --project tsconfig.tools.json


> @vite-office/office@0.1.0 typecheck
> tsc --noEmit


> vite-office@0.1.0 check:dependencies
> node scripts/check-module-boundaries.mjs

Module boundary check passed: 200 runtime sources, 819 relative imports, 12 allowed cross-module edges.

> vite-office@0.1.0 check:writer-resources
> tsx scripts/generate-writer-ui-resources.ts --check && vitest run scripts/writer-ui-resource-model.test.ts


 RUN  v4.1.10 /Users/odubinkin/Projects/vite-office


 Test Files  1 passed (1)
      Tests  2 passed (2)
   Start at  08:28:36
   Duration  138ms (transform 31ms, setup 0ms, import 41ms, tests 4ms, environment 0ms)


> vite-office@0.1.0 test:coverage
> npm run test:coverage --workspace @vite-office/office


> @vite-office/office@0.1.0 test:coverage
> vitest run --coverage


 RUN  v4.1.10 /Users/odubinkin/Projects/vite-office/apps/office
      Coverage enabled with v8

 ❯ src/xmloff/source/text/txtparai.test.ts (10 tests | 1 failed) 20ms
     × rejects unsupported context structures and invalid inherited state 5ms

⎯⎯⎯⎯⎯⎯⎯ Failed Tests 1 ⎯⎯⎯⎯⎯⎯⎯

 FAIL  src/xmloff/source/text/txtparai.test.ts > ODF streaming text import contexts > rejects unsupported context structures and invalid inherited state
AssertionError: expected [Function] to throw an error

- Expected:
null

+ Received:
undefined

 ❯ src/xmloff/source/text/txtparai.test.ts:581:9
    579|         /** Imports an unsupported structure. @returns Nothing. */ () …
    580|           importBody(body, styles, new Map([["L1", bullet]])),
    581|       ).toThrow("Unsupported ODF");
       |         ^
    582|     for (const [body, count] of [
    583|       ["<text:span><text:p>hidden</text:p></text:span>", 0],

⎯⎯⎯⎯⎯⎯⎯⎯⎯⎯⎯⎯⎯⎯⎯⎯⎯⎯⎯⎯⎯⎯⎯⎯[1/1]⎯


 Test Files  1 failed | 139 passed (140)
      Tests  1 failed | 645 passed (646)
   Start at  08:28:37
   Duration  74.54s (transform 2.24s, setup 10.75s, import 9.17s, tests 55.36s, environment 51.24s)

npm error Lifecycle script `test:coverage` failed with error:
npm error code 1
npm error path /Users/odubinkin/Projects/vite-office/apps/office
npm error workspace @vite-office/office@0.1.0
npm error location /Users/odubinkin/Projects/vite-office/apps/office
npm error command failed
npm error command sh -c vitest run --coverage
